
*** Running vivado
    with args -log main_smartconnect_0_2.vds -m64 -product Vivado -mode batch -messageDb vivado.pb -notrace -source main_smartconnect_0_2.tcl


ECHO is off.
ECHO is off.

****** Vivado v2023.1 (64-bit)
  **** SW Build 3865809 on Sun May  7 15:05:29 MDT 2023
  **** IP Build 3864474 on Sun May  7 20:36:21 MDT 2023
  **** SharedData Build 3865790 on Sun May 07 13:33:03 MDT 2023
    ** Copyright 1986-2022 Xilinx, Inc. All Rights Reserved.
    ** Copyright 2022-2023 Advanced Micro Devices, Inc. All Rights Reserved.

source main_smartconnect_0_2.tcl -notrace
create_project: Time (s): cpu = 00:00:14 ; elapsed = 00:00:22 . Memory (MB): peak = 453.289 ; gain = 161.273
INFO: [IP_Flow 19-6924] IPCACHE: Running cache check for IP inst: main_smartconnect_0_2
Command: synth_design -top main_smartconnect_0_2 -part xck26-sfvc784-2LV-c -incremental_mode off -mode out_of_context
Starting synth_design
Attempting to get a license for feature 'Synthesis' and/or device 'xck26'
INFO: [Common 17-349] Got license for feature 'Synthesis' and/or device 'xck26'
INFO: [Device 21-403] Loading part xck26-sfvc784-2LV-c
INFO: [Synth 8-7079] Multithreading enabled for synth_design using a maximum of 2 processes.
INFO: [Synth 8-7078] Launching helper process for spawning children vivado processes
INFO: [Synth 8-7075] Helper process launched with PID 16796
WARNING: [Synth 8-11067] parameter 'K_MAX_EP_ROUTE_WIDTH' declared inside package 'sc_util_v1_0_4_pkg' shall be treated as localparam [c:/Repos/UG3-HeadWornUnit-V2-Firmware/seeg/seeg.gen/sources_1/bd/main/ipshared/f0b6/hdl/sc_util_v1_0_vl_rfs.sv:87]
WARNING: [Synth 8-11067] parameter 'K_MAX_SC_ROUTE_WIDTH' declared inside package 'sc_util_v1_0_4_pkg' shall be treated as localparam [c:/Repos/UG3-HeadWornUnit-V2-Firmware/seeg/seeg.gen/sources_1/bd/main/ipshared/f0b6/hdl/sc_util_v1_0_vl_rfs.sv:88]
WARNING: [Synth 8-11067] parameter 'K_MAX_CMD_PTR' declared inside package 'sc_util_v1_0_4_pkg' shall be treated as localparam [c:/Repos/UG3-HeadWornUnit-V2-Firmware/seeg/seeg.gen/sources_1/bd/main/ipshared/f0b6/hdl/sc_util_v1_0_vl_rfs.sv:89]
WARNING: [Synth 8-11067] parameter 'K_MAX_LUTRAM_PTR' declared inside package 'sc_util_v1_0_4_pkg' shall be treated as localparam [c:/Repos/UG3-HeadWornUnit-V2-Firmware/seeg/seeg.gen/sources_1/bd/main/ipshared/f0b6/hdl/sc_util_v1_0_vl_rfs.sv:90]
WARNING: [Synth 8-11067] parameter 'K_MAX_BRAM_PTR' declared inside package 'sc_util_v1_0_4_pkg' shall be treated as localparam [c:/Repos/UG3-HeadWornUnit-V2-Firmware/seeg/seeg.gen/sources_1/bd/main/ipshared/f0b6/hdl/sc_util_v1_0_vl_rfs.sv:91]
WARNING: [Synth 8-11067] parameter 'K_MIN_BRAM_PTR' declared inside package 'sc_util_v1_0_4_pkg' shall be treated as localparam [c:/Repos/UG3-HeadWornUnit-V2-Firmware/seeg/seeg.gen/sources_1/bd/main/ipshared/f0b6/hdl/sc_util_v1_0_vl_rfs.sv:92]
WARNING: [Synth 8-11067] parameter 'K_MAX_SYNC_RATIO' declared inside package 'sc_util_v1_0_4_pkg' shall be treated as localparam [c:/Repos/UG3-HeadWornUnit-V2-Firmware/seeg/seeg.gen/sources_1/bd/main/ipshared/f0b6/hdl/sc_util_v1_0_vl_rfs.sv:93]
WARNING: [Synth 8-11067] parameter 'K_MAX_PIPELINES' declared inside package 'sc_util_v1_0_4_pkg' shall be treated as localparam [c:/Repos/UG3-HeadWornUnit-V2-Firmware/seeg/seeg.gen/sources_1/bd/main/ipshared/f0b6/hdl/sc_util_v1_0_vl_rfs.sv:94]
WARNING: [Synth 8-11067] parameter 'K_LOG_MAX_PIPELINES' declared inside package 'sc_util_v1_0_4_pkg' shall be treated as localparam [c:/Repos/UG3-HeadWornUnit-V2-Firmware/seeg/seeg.gen/sources_1/bd/main/ipshared/f0b6/hdl/sc_util_v1_0_vl_rfs.sv:95]
WARNING: [Synth 8-11067] parameter 'K_MAX_LATENCY' declared inside package 'sc_util_v1_0_4_pkg' shall be treated as localparam [c:/Repos/UG3-HeadWornUnit-V2-Firmware/seeg/seeg.gen/sources_1/bd/main/ipshared/f0b6/hdl/sc_util_v1_0_vl_rfs.sv:96]
WARNING: [Synth 8-11067] parameter 'K_LOG_MAX_LATENCY' declared inside package 'sc_util_v1_0_4_pkg' shall be treated as localparam [c:/Repos/UG3-HeadWornUnit-V2-Firmware/seeg/seeg.gen/sources_1/bd/main/ipshared/f0b6/hdl/sc_util_v1_0_vl_rfs.sv:97]
WARNING: [Synth 8-11067] parameter 'K_AXIS_ARB_TDATA_NUM_BYTES' declared inside package 'sc_util_v1_0_4_pkg' shall be treated as localparam [c:/Repos/UG3-HeadWornUnit-V2-Firmware/seeg/seeg.gen/sources_1/bd/main/ipshared/f0b6/hdl/sc_util_v1_0_vl_rfs.sv:98]
WARNING: [Synth 8-11067] parameter 'K_MAX_USER_BITS_PER_BYTE' declared inside package 'sc_util_v1_0_4_pkg' shall be treated as localparam [c:/Repos/UG3-HeadWornUnit-V2-Firmware/seeg/seeg.gen/sources_1/bd/main/ipshared/f0b6/hdl/sc_util_v1_0_vl_rfs.sv:99]
WARNING: [Synth 8-11067] parameter 'K_MAX_INFO_WIDTH' declared inside package 'sc_util_v1_0_4_pkg' shall be treated as localparam [c:/Repos/UG3-HeadWornUnit-V2-Firmware/seeg/seeg.gen/sources_1/bd/main/ipshared/f0b6/hdl/sc_util_v1_0_vl_rfs.sv:100]
WARNING: [Synth 8-11067] parameter 'K_MAX_OUTSTANDING_REQ' declared inside package 'sc_util_v1_0_4_pkg' shall be treated as localparam [c:/Repos/UG3-HeadWornUnit-V2-Firmware/seeg/seeg.gen/sources_1/bd/main/ipshared/f0b6/hdl/sc_util_v1_0_vl_rfs.sv:101]
WARNING: [Synth 8-11067] parameter 'K_AXI_SIZE_WIDTH' declared inside package 'sc_util_v1_0_4_pkg' shall be treated as localparam [c:/Repos/UG3-HeadWornUnit-V2-Firmware/seeg/seeg.gen/sources_1/bd/main/ipshared/f0b6/hdl/sc_util_v1_0_vl_rfs.sv:102]
WARNING: [Synth 8-11067] parameter 'K_AXI_BURST_WIDTH' declared inside package 'sc_util_v1_0_4_pkg' shall be treated as localparam [c:/Repos/UG3-HeadWornUnit-V2-Firmware/seeg/seeg.gen/sources_1/bd/main/ipshared/f0b6/hdl/sc_util_v1_0_vl_rfs.sv:103]
WARNING: [Synth 8-11067] parameter 'K_AXI_RESP_WIDTH' declared inside package 'sc_util_v1_0_4_pkg' shall be treated as localparam [c:/Repos/UG3-HeadWornUnit-V2-Firmware/seeg/seeg.gen/sources_1/bd/main/ipshared/f0b6/hdl/sc_util_v1_0_vl_rfs.sv:104]
WARNING: [Synth 8-11067] parameter 'K_AXI_LAST_WIDTH' declared inside package 'sc_util_v1_0_4_pkg' shall be treated as localparam [c:/Repos/UG3-HeadWornUnit-V2-Firmware/seeg/seeg.gen/sources_1/bd/main/ipshared/f0b6/hdl/sc_util_v1_0_vl_rfs.sv:105]
WARNING: [Synth 8-11067] parameter 'K_AXI_LEN_WIDTH' declared inside package 'sc_util_v1_0_4_pkg' shall be treated as localparam [c:/Repos/UG3-HeadWornUnit-V2-Firmware/seeg/seeg.gen/sources_1/bd/main/ipshared/f0b6/hdl/sc_util_v1_0_vl_rfs.sv:106]
WARNING: [Synth 8-11067] parameter 'K_AXI_EXCL_LEN_WIDTH' declared inside package 'sc_util_v1_0_4_pkg' shall be treated as localparam [c:/Repos/UG3-HeadWornUnit-V2-Firmware/seeg/seeg.gen/sources_1/bd/main/ipshared/f0b6/hdl/sc_util_v1_0_vl_rfs.sv:107]
WARNING: [Synth 8-11067] parameter 'K_AXI_LOCK_WIDTH' declared inside package 'sc_util_v1_0_4_pkg' shall be treated as localparam [c:/Repos/UG3-HeadWornUnit-V2-Firmware/seeg/seeg.gen/sources_1/bd/main/ipshared/f0b6/hdl/sc_util_v1_0_vl_rfs.sv:108]
WARNING: [Synth 8-11067] parameter 'K_AXI3_LEN_WIDTH' declared inside package 'sc_util_v1_0_4_pkg' shall be treated as localparam [c:/Repos/UG3-HeadWornUnit-V2-Firmware/seeg/seeg.gen/sources_1/bd/main/ipshared/f0b6/hdl/sc_util_v1_0_vl_rfs.sv:109]
WARNING: [Synth 8-11067] parameter 'K_AXI3_LOCK_WIDTH' declared inside package 'sc_util_v1_0_4_pkg' shall be treated as localparam [c:/Repos/UG3-HeadWornUnit-V2-Firmware/seeg/seeg.gen/sources_1/bd/main/ipshared/f0b6/hdl/sc_util_v1_0_vl_rfs.sv:110]
WARNING: [Synth 8-11067] parameter 'K_AXI_PROT_WIDTH' declared inside package 'sc_util_v1_0_4_pkg' shall be treated as localparam [c:/Repos/UG3-HeadWornUnit-V2-Firmware/seeg/seeg.gen/sources_1/bd/main/ipshared/f0b6/hdl/sc_util_v1_0_vl_rfs.sv:111]
WARNING: [Synth 8-11067] parameter 'K_AXI_QOS_WIDTH' declared inside package 'sc_util_v1_0_4_pkg' shall be treated as localparam [c:/Repos/UG3-HeadWornUnit-V2-Firmware/seeg/seeg.gen/sources_1/bd/main/ipshared/f0b6/hdl/sc_util_v1_0_vl_rfs.sv:112]
WARNING: [Synth 8-11067] parameter 'K_AXI_CACHE_WIDTH' declared inside package 'sc_util_v1_0_4_pkg' shall be treated as localparam [c:/Repos/UG3-HeadWornUnit-V2-Firmware/seeg/seeg.gen/sources_1/bd/main/ipshared/f0b6/hdl/sc_util_v1_0_vl_rfs.sv:113]
WARNING: [Synth 8-11067] parameter 'K_MAX_ACCEPTANCE' declared inside package 'sc_util_v1_0_4_pkg' shall be treated as localparam [c:/Repos/UG3-HeadWornUnit-V2-Firmware/seeg/seeg.gen/sources_1/bd/main/ipshared/f0b6/hdl/sc_util_v1_0_vl_rfs.sv:114]
WARNING: [Synth 8-11067] parameter 'K_MAX_FANOUT' declared inside package 'sc_util_v1_0_4_pkg' shall be treated as localparam [c:/Repos/UG3-HeadWornUnit-V2-Firmware/seeg/seeg.gen/sources_1/bd/main/ipshared/f0b6/hdl/sc_util_v1_0_vl_rfs.sv:115]
WARNING: [Synth 8-11067] parameter 'K_MAX_READ_WATERMARK' declared inside package 'sc_util_v1_0_4_pkg' shall be treated as localparam [c:/Repos/UG3-HeadWornUnit-V2-Firmware/seeg/seeg.gen/sources_1/bd/main/ipshared/f0b6/hdl/sc_util_v1_0_vl_rfs.sv:116]
WARNING: [Synth 8-11067] parameter 'K_MAX_BURST_LENGTH' declared inside package 'sc_util_v1_0_4_pkg' shall be treated as localparam [c:/Repos/UG3-HeadWornUnit-V2-Firmware/seeg/seeg.gen/sources_1/bd/main/ipshared/f0b6/hdl/sc_util_v1_0_vl_rfs.sv:117]
WARNING: [Synth 8-11067] parameter 'CH_R' declared inside package 'sc_util_v1_0_4_pkg' shall be treated as localparam [c:/Repos/UG3-HeadWornUnit-V2-Firmware/seeg/seeg.gen/sources_1/bd/main/ipshared/f0b6/hdl/sc_util_v1_0_vl_rfs.sv:164]
WARNING: [Synth 8-11067] parameter 'CH_W' declared inside package 'sc_util_v1_0_4_pkg' shall be treated as localparam [c:/Repos/UG3-HeadWornUnit-V2-Firmware/seeg/seeg.gen/sources_1/bd/main/ipshared/f0b6/hdl/sc_util_v1_0_vl_rfs.sv:165]
WARNING: [Synth 8-11067] parameter 'CH_AR' declared inside package 'sc_util_v1_0_4_pkg' shall be treated as localparam [c:/Repos/UG3-HeadWornUnit-V2-Firmware/seeg/seeg.gen/sources_1/bd/main/ipshared/f0b6/hdl/sc_util_v1_0_vl_rfs.sv:166]
WARNING: [Synth 8-11067] parameter 'CH_AW' declared inside package 'sc_util_v1_0_4_pkg' shall be treated as localparam [c:/Repos/UG3-HeadWornUnit-V2-Firmware/seeg/seeg.gen/sources_1/bd/main/ipshared/f0b6/hdl/sc_util_v1_0_vl_rfs.sv:167]
WARNING: [Synth 8-11067] parameter 'CH_B' declared inside package 'sc_util_v1_0_4_pkg' shall be treated as localparam [c:/Repos/UG3-HeadWornUnit-V2-Firmware/seeg/seeg.gen/sources_1/bd/main/ipshared/f0b6/hdl/sc_util_v1_0_vl_rfs.sv:168]
WARNING: [Synth 8-11067] parameter 'CLK_DOWN' declared inside package 'sc_util_v1_0_4_pkg' shall be treated as localparam [c:/Repos/UG3-HeadWornUnit-V2-Firmware/seeg/seeg.gen/sources_1/bd/main/ipshared/f0b6/hdl/sc_util_v1_0_vl_rfs.sv:170]
WARNING: [Synth 8-11067] parameter 'CLK_SYNC_ALIAS' declared inside package 'sc_util_v1_0_4_pkg' shall be treated as localparam [c:/Repos/UG3-HeadWornUnit-V2-Firmware/seeg/seeg.gen/sources_1/bd/main/ipshared/f0b6/hdl/sc_util_v1_0_vl_rfs.sv:171]
WARNING: [Synth 8-11067] parameter 'CLK_ASYNC' declared inside package 'sc_util_v1_0_4_pkg' shall be treated as localparam [c:/Repos/UG3-HeadWornUnit-V2-Firmware/seeg/seeg.gen/sources_1/bd/main/ipshared/f0b6/hdl/sc_util_v1_0_vl_rfs.sv:172]
WARNING: [Synth 8-11067] parameter 'CLK_SYNC' declared inside package 'sc_util_v1_0_4_pkg' shall be treated as localparam [c:/Repos/UG3-HeadWornUnit-V2-Firmware/seeg/seeg.gen/sources_1/bd/main/ipshared/f0b6/hdl/sc_util_v1_0_vl_rfs.sv:173]
WARNING: [Synth 8-11067] parameter 'CLK_UP' declared inside package 'sc_util_v1_0_4_pkg' shall be treated as localparam [c:/Repos/UG3-HeadWornUnit-V2-Firmware/seeg/seeg.gen/sources_1/bd/main/ipshared/f0b6/hdl/sc_util_v1_0_vl_rfs.sv:174]
WARNING: [Synth 8-11067] parameter 'CLKEN_NONE' declared inside package 'sc_util_v1_0_4_pkg' shall be treated as localparam [c:/Repos/UG3-HeadWornUnit-V2-Firmware/seeg/seeg.gen/sources_1/bd/main/ipshared/f0b6/hdl/sc_util_v1_0_vl_rfs.sv:176]
WARNING: [Synth 8-11067] parameter 'CLKEN_S' declared inside package 'sc_util_v1_0_4_pkg' shall be treated as localparam [c:/Repos/UG3-HeadWornUnit-V2-Firmware/seeg/seeg.gen/sources_1/bd/main/ipshared/f0b6/hdl/sc_util_v1_0_vl_rfs.sv:177]
WARNING: [Synth 8-11067] parameter 'CLKEN_M' declared inside package 'sc_util_v1_0_4_pkg' shall be treated as localparam [c:/Repos/UG3-HeadWornUnit-V2-Firmware/seeg/seeg.gen/sources_1/bd/main/ipshared/f0b6/hdl/sc_util_v1_0_vl_rfs.sv:178]
WARNING: [Synth 8-11067] parameter 'CLKEN_S_AND_M' declared inside package 'sc_util_v1_0_4_pkg' shall be treated as localparam [c:/Repos/UG3-HeadWornUnit-V2-Firmware/seeg/seeg.gen/sources_1/bd/main/ipshared/f0b6/hdl/sc_util_v1_0_vl_rfs.sv:179]
WARNING: [Synth 8-11067] parameter 'ARB_BYPASS' declared inside package 'sc_util_v1_0_4_pkg' shall be treated as localparam [c:/Repos/UG3-HeadWornUnit-V2-Firmware/seeg/seeg.gen/sources_1/bd/main/ipshared/f0b6/hdl/sc_util_v1_0_vl_rfs.sv:180]
WARNING: [Synth 8-11067] parameter 'ARB_ROUNDROBIN' declared inside package 'sc_util_v1_0_4_pkg' shall be treated as localparam [c:/Repos/UG3-HeadWornUnit-V2-Firmware/seeg/seeg.gen/sources_1/bd/main/ipshared/f0b6/hdl/sc_util_v1_0_vl_rfs.sv:181]
WARNING: [Synth 8-11067] parameter 'ARB_SLAVE' declared inside package 'sc_util_v1_0_4_pkg' shall be treated as localparam [c:/Repos/UG3-HeadWornUnit-V2-Firmware/seeg/seeg.gen/sources_1/bd/main/ipshared/f0b6/hdl/sc_util_v1_0_vl_rfs.sv:182]
WARNING: [Synth 8-11067] parameter 'FIFO_LUTRAM' declared inside package 'sc_util_v1_0_4_pkg' shall be treated as localparam [c:/Repos/UG3-HeadWornUnit-V2-Firmware/seeg/seeg.gen/sources_1/bd/main/ipshared/f0b6/hdl/sc_util_v1_0_vl_rfs.sv:183]
WARNING: [Synth 8-11067] parameter 'FIFO_BRAM' declared inside package 'sc_util_v1_0_4_pkg' shall be treated as localparam [c:/Repos/UG3-HeadWornUnit-V2-Firmware/seeg/seeg.gen/sources_1/bd/main/ipshared/f0b6/hdl/sc_util_v1_0_vl_rfs.sv:184]
WARNING: [Synth 8-11067] parameter 'FIFO_NONE' declared inside package 'sc_util_v1_0_4_pkg' shall be treated as localparam [c:/Repos/UG3-HeadWornUnit-V2-Firmware/seeg/seeg.gen/sources_1/bd/main/ipshared/f0b6/hdl/sc_util_v1_0_vl_rfs.sv:185]
WARNING: [Synth 8-11067] parameter 'FIFO_IP_XPM_MEMORY' declared inside package 'sc_util_v1_0_4_pkg' shall be treated as localparam [c:/Repos/UG3-HeadWornUnit-V2-Firmware/seeg/seeg.gen/sources_1/bd/main/ipshared/f0b6/hdl/sc_util_v1_0_vl_rfs.sv:186]
WARNING: [Synth 8-11067] parameter 'FIFO_IP_FG' declared inside package 'sc_util_v1_0_4_pkg' shall be treated as localparam [c:/Repos/UG3-HeadWornUnit-V2-Firmware/seeg/seeg.gen/sources_1/bd/main/ipshared/f0b6/hdl/sc_util_v1_0_vl_rfs.sv:187]
WARNING: [Synth 8-11067] parameter 'FIFO_IP_XPM_FIFO' declared inside package 'sc_util_v1_0_4_pkg' shall be treated as localparam [c:/Repos/UG3-HeadWornUnit-V2-Firmware/seeg/seeg.gen/sources_1/bd/main/ipshared/f0b6/hdl/sc_util_v1_0_vl_rfs.sv:188]
WARNING: [Synth 8-11067] parameter 'K_T_STRUCT_EXCLUSIVE_WIDTH' declared inside package 'sc_util_v1_0_4_pkg' shall be treated as localparam [c:/Repos/UG3-HeadWornUnit-V2-Firmware/seeg/seeg.gen/sources_1/bd/main/ipshared/f0b6/hdl/sc_util_v1_0_vl_rfs.sv:230]
WARNING: [Synth 8-11067] parameter 'K_T_STATIC_ADDR_PAYLD_WIDTH' declared inside package 'sc_util_v1_0_4_pkg' shall be treated as localparam [c:/Repos/UG3-HeadWornUnit-V2-Firmware/seeg/seeg.gen/sources_1/bd/main/ipshared/f0b6/hdl/sc_util_v1_0_vl_rfs.sv:232]
WARNING: [Synth 8-11067] parameter 'K_T_STATIC_RDATA_PAYLD_WIDTH' declared inside package 'sc_util_v1_0_4_pkg' shall be treated as localparam [c:/Repos/UG3-HeadWornUnit-V2-Firmware/seeg/seeg.gen/sources_1/bd/main/ipshared/f0b6/hdl/sc_util_v1_0_vl_rfs.sv:240]
WARNING: [Synth 8-11067] parameter 'K_T_STATIC_WDATA_PAYLD_WIDTH' declared inside package 'sc_util_v1_0_4_pkg' shall be treated as localparam [c:/Repos/UG3-HeadWornUnit-V2-Firmware/seeg/seeg.gen/sources_1/bd/main/ipshared/f0b6/hdl/sc_util_v1_0_vl_rfs.sv:244]
WARNING: [Synth 8-11067] parameter 'K_T_STATIC_BRSP_PAYLD_WIDTH' declared inside package 'sc_util_v1_0_4_pkg' shall be treated as localparam [c:/Repos/UG3-HeadWornUnit-V2-Firmware/seeg/seeg.gen/sources_1/bd/main/ipshared/f0b6/hdl/sc_util_v1_0_vl_rfs.sv:247]
WARNING: [Synth 8-11067] parameter 'K_T_EXCLUSIVE_WIDTH' declared inside package 'sc_util_v1_0_4_pkg' shall be treated as localparam [c:/Repos/UG3-HeadWornUnit-V2-Firmware/seeg/seeg.gen/sources_1/bd/main/ipshared/f0b6/hdl/sc_util_v1_0_vl_rfs.sv:253]
WARNING: [Synth 8-11067] parameter 'K_T_ADDR_AUGMENT_WIDTH' declared inside package 'sc_util_v1_0_4_pkg' shall be treated as localparam [c:/Repos/UG3-HeadWornUnit-V2-Firmware/seeg/seeg.gen/sources_1/bd/main/ipshared/f0b6/hdl/sc_util_v1_0_vl_rfs.sv:256]
WARNING: [Synth 8-11067] parameter 'K_T_DATA_AUGMENT_WIDTH' declared inside package 'sc_util_v1_0_4_pkg' shall be treated as localparam [c:/Repos/UG3-HeadWornUnit-V2-Firmware/seeg/seeg.gen/sources_1/bd/main/ipshared/f0b6/hdl/sc_util_v1_0_vl_rfs.sv:259]
WARNING: [Synth 8-11067] parameter 'K_T_BRSP_AUGMENT_WIDTH' declared inside package 'sc_util_v1_0_4_pkg' shall be treated as localparam [c:/Repos/UG3-HeadWornUnit-V2-Firmware/seeg/seeg.gen/sources_1/bd/main/ipshared/f0b6/hdl/sc_util_v1_0_vl_rfs.sv:261]
WARNING: [Synth 8-11067] parameter 'K_USABLE_T_ADDR_CASCADE_WIDTH' declared inside package 'sc_util_v1_0_4_pkg' shall be treated as localparam [c:/Repos/UG3-HeadWornUnit-V2-Firmware/seeg/seeg.gen/sources_1/bd/main/ipshared/f0b6/hdl/sc_util_v1_0_vl_rfs.sv:263]
WARNING: [Synth 8-11067] parameter 'K_USABLE_T_DATA_CASCADE_WIDTH' declared inside package 'sc_util_v1_0_4_pkg' shall be treated as localparam [c:/Repos/UG3-HeadWornUnit-V2-Firmware/seeg/seeg.gen/sources_1/bd/main/ipshared/f0b6/hdl/sc_util_v1_0_vl_rfs.sv:265]
WARNING: [Synth 8-11067] parameter 'K_USABLE_T_BRSP_CASCADE_WIDTH' declared inside package 'sc_util_v1_0_4_pkg' shall be treated as localparam [c:/Repos/UG3-HeadWornUnit-V2-Firmware/seeg/seeg.gen/sources_1/bd/main/ipshared/f0b6/hdl/sc_util_v1_0_vl_rfs.sv:267]
WARNING: [Synth 8-11067] parameter 'K_T_CASCADE_WIDTH' declared inside package 'sc_util_v1_0_4_pkg' shall be treated as localparam [c:/Repos/UG3-HeadWornUnit-V2-Firmware/seeg/seeg.gen/sources_1/bd/main/ipshared/f0b6/hdl/sc_util_v1_0_vl_rfs.sv:270]
WARNING: [Synth 8-11067] parameter 'K_T_SEG_LEN_WIDTH' declared inside package 'sc_util_v1_0_4_pkg' shall be treated as localparam [c:/Repos/UG3-HeadWornUnit-V2-Firmware/seeg/seeg.gen/sources_1/bd/main/ipshared/f0b6/hdl/sc_util_v1_0_vl_rfs.sv:304]
WARNING: [Synth 8-11067] parameter 'K_USABLE_T_ADDR_SIDEBAND_WIDTH' declared inside package 'sc_util_v1_0_4_pkg' shall be treated as localparam [c:/Repos/UG3-HeadWornUnit-V2-Firmware/seeg/seeg.gen/sources_1/bd/main/ipshared/f0b6/hdl/sc_util_v1_0_vl_rfs.sv:305]
WARNING: [Synth 8-11067] parameter 'K_USABLE_T_DATA_SIDEBAND_WIDTH' declared inside package 'sc_util_v1_0_4_pkg' shall be treated as localparam [c:/Repos/UG3-HeadWornUnit-V2-Firmware/seeg/seeg.gen/sources_1/bd/main/ipshared/f0b6/hdl/sc_util_v1_0_vl_rfs.sv:308]
WARNING: [Synth 8-11067] parameter 'K_USABLE_T_BRSP_SIDEBAND_WIDTH' declared inside package 'sc_util_v1_0_4_pkg' shall be treated as localparam [c:/Repos/UG3-HeadWornUnit-V2-Firmware/seeg/seeg.gen/sources_1/bd/main/ipshared/f0b6/hdl/sc_util_v1_0_vl_rfs.sv:310]
WARNING: [Synth 8-11067] parameter 'K_T_SIDEBAND_WIDTH' declared inside package 'sc_util_v1_0_4_pkg' shall be treated as localparam [c:/Repos/UG3-HeadWornUnit-V2-Firmware/seeg/seeg.gen/sources_1/bd/main/ipshared/f0b6/hdl/sc_util_v1_0_vl_rfs.sv:313]
WARNING: [Synth 8-11067] parameter 'K_USABLE_T_AXPAYLD_WIDTH' declared inside package 'sc_util_v1_0_4_pkg' shall be treated as localparam [c:/Repos/UG3-HeadWornUnit-V2-Firmware/seeg/seeg.gen/sources_1/bd/main/ipshared/f0b6/hdl/sc_util_v1_0_vl_rfs.sv:341]
WARNING: [Synth 8-11067] parameter 'K_USABLE_T_WPAYLD_WIDTH' declared inside package 'sc_util_v1_0_4_pkg' shall be treated as localparam [c:/Repos/UG3-HeadWornUnit-V2-Firmware/seeg/seeg.gen/sources_1/bd/main/ipshared/f0b6/hdl/sc_util_v1_0_vl_rfs.sv:348]
WARNING: [Synth 8-11067] parameter 'K_USABLE_T_RPAYLD_WIDTH' declared inside package 'sc_util_v1_0_4_pkg' shall be treated as localparam [c:/Repos/UG3-HeadWornUnit-V2-Firmware/seeg/seeg.gen/sources_1/bd/main/ipshared/f0b6/hdl/sc_util_v1_0_vl_rfs.sv:352]
WARNING: [Synth 8-11067] parameter 'K_USABLE_T_BPAYLD_WIDTH' declared inside package 'sc_util_v1_0_4_pkg' shall be treated as localparam [c:/Repos/UG3-HeadWornUnit-V2-Firmware/seeg/seeg.gen/sources_1/bd/main/ipshared/f0b6/hdl/sc_util_v1_0_vl_rfs.sv:357]
WARNING: [Synth 8-11067] parameter 'K_T_PAYLD_WIDTH' declared inside package 'sc_util_v1_0_4_pkg' shall be treated as localparam [c:/Repos/UG3-HeadWornUnit-V2-Firmware/seeg/seeg.gen/sources_1/bd/main/ipshared/f0b6/hdl/sc_util_v1_0_vl_rfs.sv:361]
WARNING: [Synth 8-11067] parameter 'K_MAX_PAYLD_WIDTH' declared inside package 'sc_util_v1_0_4_pkg' shall be treated as localparam [c:/Repos/UG3-HeadWornUnit-V2-Firmware/seeg/seeg.gen/sources_1/bd/main/ipshared/f0b6/hdl/sc_util_v1_0_vl_rfs.sv:362]
WARNING: [Synth 8-11067] parameter 'K_USABLE_T_AXVECTOR_WIDTH' declared inside package 'sc_util_v1_0_4_pkg' shall be treated as localparam [c:/Repos/UG3-HeadWornUnit-V2-Firmware/seeg/seeg.gen/sources_1/bd/main/ipshared/f0b6/hdl/sc_util_v1_0_vl_rfs.sv:547]
WARNING: [Synth 8-11067] parameter 'K_USABLE_T_WVECTOR_WIDTH' declared inside package 'sc_util_v1_0_4_pkg' shall be treated as localparam [c:/Repos/UG3-HeadWornUnit-V2-Firmware/seeg/seeg.gen/sources_1/bd/main/ipshared/f0b6/hdl/sc_util_v1_0_vl_rfs.sv:557]
WARNING: [Synth 8-11067] parameter 'K_USABLE_T_RVECTOR_WIDTH' declared inside package 'sc_util_v1_0_4_pkg' shall be treated as localparam [c:/Repos/UG3-HeadWornUnit-V2-Firmware/seeg/seeg.gen/sources_1/bd/main/ipshared/f0b6/hdl/sc_util_v1_0_vl_rfs.sv:561]
WARNING: [Synth 8-11067] parameter 'K_USABLE_T_BVECTOR_WIDTH' declared inside package 'sc_util_v1_0_4_pkg' shall be treated as localparam [c:/Repos/UG3-HeadWornUnit-V2-Firmware/seeg/seeg.gen/sources_1/bd/main/ipshared/f0b6/hdl/sc_util_v1_0_vl_rfs.sv:566]
WARNING: [Synth 8-11067] parameter 'K_STATIC_AXVECTOR_WIDTH' declared inside package 'sc_util_v1_0_4_pkg' shall be treated as localparam [c:/Repos/UG3-HeadWornUnit-V2-Firmware/seeg/seeg.gen/sources_1/bd/main/ipshared/f0b6/hdl/sc_util_v1_0_vl_rfs.sv:574]
WARNING: [Synth 8-11067] parameter 'K_STATIC_WVECTOR_WIDTH' declared inside package 'sc_util_v1_0_4_pkg' shall be treated as localparam [c:/Repos/UG3-HeadWornUnit-V2-Firmware/seeg/seeg.gen/sources_1/bd/main/ipshared/f0b6/hdl/sc_util_v1_0_vl_rfs.sv:584]
WARNING: [Synth 8-11067] parameter 'K_STATIC_RVECTOR_WIDTH' declared inside package 'sc_util_v1_0_4_pkg' shall be treated as localparam [c:/Repos/UG3-HeadWornUnit-V2-Firmware/seeg/seeg.gen/sources_1/bd/main/ipshared/f0b6/hdl/sc_util_v1_0_vl_rfs.sv:588]
WARNING: [Synth 8-11067] parameter 'K_STATIC_BVECTOR_WIDTH' declared inside package 'sc_util_v1_0_4_pkg' shall be treated as localparam [c:/Repos/UG3-HeadWornUnit-V2-Firmware/seeg/seeg.gen/sources_1/bd/main/ipshared/f0b6/hdl/sc_util_v1_0_vl_rfs.sv:593]
WARNING: [Synth 8-11067] parameter 'K_T_VECTOR_WIDTH' declared inside package 'sc_util_v1_0_4_pkg' shall be treated as localparam [c:/Repos/UG3-HeadWornUnit-V2-Firmware/seeg/seeg.gen/sources_1/bd/main/ipshared/f0b6/hdl/sc_util_v1_0_vl_rfs.sv:596]
WARNING: [Synth 8-11067] parameter 'K_MAX_VECTOR_WIDTH' declared inside package 'sc_util_v1_0_4_pkg' shall be treated as localparam [c:/Repos/UG3-HeadWornUnit-V2-Firmware/seeg/seeg.gen/sources_1/bd/main/ipshared/f0b6/hdl/sc_util_v1_0_vl_rfs.sv:597]
WARNING: [Synth 8-11067] parameter 'K_MAX_NUM_MNOC' declared inside package 'sc_util_v1_0_4_pkg_noc' shall be treated as localparam [c:/Repos/UG3-HeadWornUnit-V2-Firmware/seeg/seeg.gen/sources_1/bd/main/ipshared/f0b6/hdl/sc_util_v1_0_vl_rfs.sv:674]
WARNING: [Synth 8-11067] parameter 'K_MAX_NUM_SNOC' declared inside package 'sc_util_v1_0_4_pkg_noc' shall be treated as localparam [c:/Repos/UG3-HeadWornUnit-V2-Firmware/seeg/seeg.gen/sources_1/bd/main/ipshared/f0b6/hdl/sc_util_v1_0_vl_rfs.sv:675]
WARNING: [Synth 8-11067] parameter 'NOC_MAX_SCHED_LEN' declared inside package 'sc_util_v1_0_4_pkg_noc' shall be treated as localparam [c:/Repos/UG3-HeadWornUnit-V2-Firmware/seeg/seeg.gen/sources_1/bd/main/ipshared/f0b6/hdl/sc_util_v1_0_vl_rfs.sv:676]
WARNING: [Synth 8-11067] parameter 'NOC_MAX_TKN_WIDTH' declared inside package 'sc_util_v1_0_4_pkg_noc' shall be treated as localparam [c:/Repos/UG3-HeadWornUnit-V2-Firmware/seeg/seeg.gen/sources_1/bd/main/ipshared/f0b6/hdl/sc_util_v1_0_vl_rfs.sv:677]
WARNING: [Synth 8-11067] parameter 'NOC_MAX_RTR_ADDR_WIDTH' declared inside package 'sc_util_v1_0_4_pkg_noc' shall be treated as localparam [c:/Repos/UG3-HeadWornUnit-V2-Firmware/seeg/seeg.gen/sources_1/bd/main/ipshared/f0b6/hdl/sc_util_v1_0_vl_rfs.sv:678]
WARNING: [Synth 8-11067] parameter 'NOC_PORT_EJECT' declared inside package 'sc_util_v1_0_4_pkg_noc' shall be treated as localparam [c:/Repos/UG3-HeadWornUnit-V2-Firmware/seeg/seeg.gen/sources_1/bd/main/ipshared/f0b6/hdl/sc_util_v1_0_vl_rfs.sv:679]
WARNING: [Synth 8-11067] parameter 'NOC_PORT_ASCEND' declared inside package 'sc_util_v1_0_4_pkg_noc' shall be treated as localparam [c:/Repos/UG3-HeadWornUnit-V2-Firmware/seeg/seeg.gen/sources_1/bd/main/ipshared/f0b6/hdl/sc_util_v1_0_vl_rfs.sv:680]
WARNING: [Synth 8-11067] parameter 'NOC_PORT_DESCEND' declared inside package 'sc_util_v1_0_4_pkg_noc' shall be treated as localparam [c:/Repos/UG3-HeadWornUnit-V2-Firmware/seeg/seeg.gen/sources_1/bd/main/ipshared/f0b6/hdl/sc_util_v1_0_vl_rfs.sv:681]
WARNING: [Synth 8-11067] parameter 'NOC_PORT_THROUGH' declared inside package 'sc_util_v1_0_4_pkg_noc' shall be treated as localparam [c:/Repos/UG3-HeadWornUnit-V2-Firmware/seeg/seeg.gen/sources_1/bd/main/ipshared/f0b6/hdl/sc_util_v1_0_vl_rfs.sv:682]
WARNING: [Synth 8-11067] parameter 'NOC_TOKEN_THROUGH' declared inside package 'sc_util_v1_0_4_pkg_noc' shall be treated as localparam [c:/Repos/UG3-HeadWornUnit-V2-Firmware/seeg/seeg.gen/sources_1/bd/main/ipshared/f0b6/hdl/sc_util_v1_0_vl_rfs.sv:683]
WARNING: [Synth 8-11067] parameter 'NOC_TOKEN_ASCEND' declared inside package 'sc_util_v1_0_4_pkg_noc' shall be treated as localparam [c:/Repos/UG3-HeadWornUnit-V2-Firmware/seeg/seeg.gen/sources_1/bd/main/ipshared/f0b6/hdl/sc_util_v1_0_vl_rfs.sv:684]
WARNING: [Synth 8-11067] parameter 'NOC_TOKEN_DESCEND' declared inside package 'sc_util_v1_0_4_pkg_noc' shall be treated as localparam [c:/Repos/UG3-HeadWornUnit-V2-Firmware/seeg/seeg.gen/sources_1/bd/main/ipshared/f0b6/hdl/sc_util_v1_0_vl_rfs.sv:685]
INFO: [Common 17-14] Message 'Synth 8-11067' appears 100 times and further instances of the messages will be disabled. Use the Tcl command set_msg_config to change the current settings.
