
*** Running vivado
    with args -log main_clk_wiz_1_0.vds -m64 -product Vivado -mode batch -messageDb vivado.pb -notrace -source main_clk_wiz_1_0.tcl


****** Vivado v2023.1 (64-bit)
  **** SW Build 3865809 on Sun May  7 15:04:56 MDT 2023
  **** IP Build 3864474 on Sun May  7 20:36:21 MDT 2023
  **** SharedData Build 3865790 on Sun May 07 13:33:03 MDT 2023
    ** Copyright 1986-2022 Xilinx, Inc. All Rights Reserved.
    ** Copyright 2022-2023 Advanced Micro Devices, Inc. All Rights Reserved.

source main_clk_wiz_1_0.tcl -notrace
create_project: Time (s): cpu = 00:00:06 ; elapsed = 00:00:06 . Memory (MB): peak = 1302.453 ; gain = 0.023 ; free physical = 428 ; free virtual = 51521
INFO: [IP_Flow 19-6924] IPCACHE: Running cache check for IP inst: main_clk_wiz_1_0
Command: synth_design -top main_clk_wiz_1_0 -part xck26-sfvc784-2LV-c -incremental_mode off -mode out_of_context
Starting synth_design
Attempting to get a license for feature 'Synthesis' and/or device 'xck26'
INFO: [Common 17-349] Got license for feature 'Synthesis' and/or device 'xck26'
INFO: [Device 21-403] Loading part xck26-sfvc784-2LV-c
INFO: [Synth 8-7079] Multithreading enabled for synth_design using a maximum of 4 processes.
INFO: [Synth 8-7078] Launching helper process for spawning children vivado processes
INFO: [Synth 8-7075] Helper process launched with PID 843392
---------------------------------------------------------------------------------
Starting RTL Elaboration : Time (s): cpu = 00:00:03 ; elapsed = 00:00:04 . Memory (MB): peak = 2506.777 ; gain = 259.832 ; free physical = 291 ; free virtual = 36495
---------------------------------------------------------------------------------
INFO: [Synth 8-6157] synthesizing module 'main_clk_wiz_1_0' [/media/ug3linux/UG3/firmware/UG3-HeadWornUnit-V2-Firmware/seeg/seeg.gen/sources_1/bd/main/ip/main_clk_wiz_1_0/main_clk_wiz_1_0.v:68]
INFO: [Synth 8-6157] synthesizing module 'main_clk_wiz_1_0_clk_wiz' [/media/ug3linux/UG3/firmware/UG3-HeadWornUnit-V2-Firmware/seeg/seeg.gen/sources_1/bd/main/ip/main_clk_wiz_1_0/main_clk_wiz_1_0_clk_wiz.v:68]
INFO: [Synth 8-6157] synthesizing module 'BUFG' [/tools/Xilinx/Vivado/2023.1/scripts/rt/data/unisim_comp.v:1519]
INFO: [Synth 8-6155] done synthesizing module 'BUFG' (0#1) [/tools/Xilinx/Vivado/2023.1/scripts/rt/data/unisim_comp.v:1519]
INFO: [Synth 8-6157] synthesizing module 'MMCME4_ADV' [/tools/Xilinx/Vivado/2023.1/scripts/rt/data/unisim_comp.v:80704]
	Parameter BANDWIDTH bound to: OPTIMIZED - type: string 
	Parameter CLKFBOUT_MULT_F bound to: 10.000000 - type: double 
	Parameter CLKFBOUT_PHASE bound to: 0.000000 - type: double 
	Parameter CLKFBOUT_USE_FINE_PS bound to: FALSE - type: string 
	Parameter CLKIN1_PERIOD bound to: 10.000000 - type: double 
	Parameter CLKOUT0_DIVIDE_F bound to: 4.000000 - type: double 
	Parameter CLKOUT0_DUTY_CYCLE bound to: 0.500000 - type: double 
	Parameter CLKOUT0_PHASE bound to: 0.000000 - type: double 
	Parameter CLKOUT0_USE_FINE_PS bound to: FALSE - type: string 
	Parameter CLKOUT4_CASCADE bound to: FALSE - type: string 
	Parameter COMPENSATION bound to: AUTO - type: string 
	Parameter DIVCLK_DIVIDE bound to: 1 - type: integer 
	Parameter STARTUP_WAIT bound to: FALSE - type: string 
INFO: [Synth 8-6155] done synthesizing module 'MMCME4_ADV' (0#1) [/tools/Xilinx/Vivado/2023.1/scripts/rt/data/unisim_comp.v:80704]
INFO: [Synth 8-6155] done synthesizing module 'main_clk_wiz_1_0_clk_wiz' (0#1) [/media/ug3linux/UG3/firmware/UG3-HeadWornUnit-V2-Firmware/seeg/seeg.gen/sources_1/bd/main/ip/main_clk_wiz_1_0/main_clk_wiz_1_0_clk_wiz.v:68]
INFO: [Synth 8-6155] done synthesizing module 'main_clk_wiz_1_0' (0#1) [/media/ug3linux/UG3/firmware/UG3-HeadWornUnit-V2-Firmware/seeg/seeg.gen/sources_1/bd/main/ip/main_clk_wiz_1_0/main_clk_wiz_1_0.v:68]
---------------------------------------------------------------------------------
Finished RTL Elaboration : Time (s): cpu = 00:00:04 ; elapsed = 00:00:06 . Memory (MB): peak = 2575.684 ; gain = 328.738 ; free physical = 2194 ; free virtual = 34374
---------------------------------------------------------------------------------
---------------------------------------------------------------------------------
Start Handling Custom Attributes
---------------------------------------------------------------------------------
---------------------------------------------------------------------------------
Finished Handling Custom Attributes : Time (s): cpu = 00:00:04 ; elapsed = 00:00:06 . Memory (MB): peak = 2575.684 ; gain = 328.738 ; free physical = 2404 ; free virtual = 34336
---------------------------------------------------------------------------------
---------------------------------------------------------------------------------
Finished RTL Optimization Phase 1 : Time (s): cpu = 00:00:04 ; elapsed = 00:00:06 . Memory (MB): peak = 2575.684 ; gain = 328.738 ; free physical = 2404 ; free virtual = 34336
---------------------------------------------------------------------------------
Netlist sorting complete. Time (s): cpu = 00:00:00 ; elapsed = 00:00:00 . Memory (MB): peak = 2575.684 ; gain = 0.000 ; free physical = 2314 ; free virtual = 34248
INFO: [Netlist 29-17] Analyzing 3 Unisim elements for replacement
INFO: [Netlist 29-28] Unisim Transformation completed in 0 CPU seconds
INFO: [Project 1-570] Preparing netlist for logic optimization

Processing XDC Constraints
Initializing timing engine
Parsing XDC File [/media/ug3linux/UG3/firmware/UG3-HeadWornUnit-V2-Firmware/seeg/seeg.gen/sources_1/bd/main/ip/main_clk_wiz_1_0/main_clk_wiz_1_0_ooc.xdc] for cell 'inst'
Finished Parsing XDC File [/media/ug3linux/UG3/firmware/UG3-HeadWornUnit-V2-Firmware/seeg/seeg.gen/sources_1/bd/main/ip/main_clk_wiz_1_0/main_clk_wiz_1_0_ooc.xdc] for cell 'inst'
Parsing XDC File [/media/ug3linux/UG3/firmware/UG3-HeadWornUnit-V2-Firmware/seeg/seeg.gen/sources_1/bd/main/ip/main_clk_wiz_1_0/main_clk_wiz_1_0_board.xdc] for cell 'inst'
Finished Parsing XDC File [/media/ug3linux/UG3/firmware/UG3-HeadWornUnit-V2-Firmware/seeg/seeg.gen/sources_1/bd/main/ip/main_clk_wiz_1_0/main_clk_wiz_1_0_board.xdc] for cell 'inst'
Parsing XDC File [/media/ug3linux/UG3/firmware/UG3-HeadWornUnit-V2-Firmware/seeg/seeg.gen/sources_1/bd/main/ip/main_clk_wiz_1_0/main_clk_wiz_1_0.xdc] for cell 'inst'
Finished Parsing XDC File [/media/ug3linux/UG3/firmware/UG3-HeadWornUnit-V2-Firmware/seeg/seeg.gen/sources_1/bd/main/ip/main_clk_wiz_1_0/main_clk_wiz_1_0.xdc] for cell 'inst'
Parsing XDC File [/media/ug3linux/UG3/firmware/UG3-HeadWornUnit-V2-Firmware/seeg/seeg.runs/main_clk_wiz_1_0_synth_1/dont_touch.xdc]
Finished Parsing XDC File [/media/ug3linux/UG3/firmware/UG3-HeadWornUnit-V2-Firmware/seeg/seeg.runs/main_clk_wiz_1_0_synth_1/dont_touch.xdc]
Completed Processing XDC Constraints

Netlist sorting complete. Time (s): cpu = 00:00:00 ; elapsed = 00:00:00 . Memory (MB): peak = 2639.715 ; gain = 0.000 ; free physical = 768 ; free virtual = 32735
INFO: [Project 1-111] Unisim Transformation Summary:
  A total of 2 instances were transformed.
  BUFG => BUFGCE: 2 instances

INFO: [Timing 38-2] Deriving generated clocks
Constraint Validation Runtime : Time (s): cpu = 00:00:00.01 ; elapsed = 00:00:00.03 . Memory (MB): peak = 2639.715 ; gain = 0.000 ; free physical = 767 ; free virtual = 32734
INFO: [Designutils 20-5008] Incremental synthesis strategy off
---------------------------------------------------------------------------------
Finished Constraint Validation : Time (s): cpu = 00:00:13 ; elapsed = 00:00:16 . Memory (MB): peak = 2639.715 ; gain = 392.770 ; free physical = 625 ; free virtual = 32640
---------------------------------------------------------------------------------
---------------------------------------------------------------------------------
Start Loading Part and Timing Information
---------------------------------------------------------------------------------
Loading part: xck26-sfvc784-2LV-c
INFO: [Synth 8-6742] Reading net delay rules and data
---------------------------------------------------------------------------------
Finished Loading Part and Timing Information : Time (s): cpu = 00:00:13 ; elapsed = 00:00:16 . Memory (MB): peak = 2639.715 ; gain = 392.770 ; free physical = 625 ; free virtual = 32640
---------------------------------------------------------------------------------
---------------------------------------------------------------------------------
Start Applying 'set_property' XDC Constraints
---------------------------------------------------------------------------------
Applied set_property KEEP_HIERARCHY = SOFT for inst. (constraint file  /media/ug3linux/UG3/firmware/UG3-HeadWornUnit-V2-Firmware/seeg/seeg.runs/main_clk_wiz_1_0_synth_1/dont_touch.xdc, line 9).
---------------------------------------------------------------------------------
Finished applying 'set_property' XDC Constraints : Time (s): cpu = 00:00:13 ; elapsed = 00:00:16 . Memory (MB): peak = 2639.715 ; gain = 392.770 ; free physical = 625 ; free virtual = 32640
---------------------------------------------------------------------------------
---------------------------------------------------------------------------------
Finished RTL Optimization Phase 2 : Time (s): cpu = 00:00:13 ; elapsed = 00:00:16 . Memory (MB): peak = 2639.715 ; gain = 392.770 ; free physical = 619 ; free virtual = 32635
---------------------------------------------------------------------------------
---------------------------------------------------------------------------------
Start RTL Component Statistics 
---------------------------------------------------------------------------------
Detailed RTL Component Info : 
---------------------------------------------------------------------------------
Finished RTL Component Statistics 
---------------------------------------------------------------------------------
---------------------------------------------------------------------------------
Start Part Resource Summary
---------------------------------------------------------------------------------
Part Resources:
DSPs: 1248 (col length:96)
BRAMs: 288 (col length: RAMB18 96 RAMB36 48)
---------------------------------------------------------------------------------
Finished Part Resource Summary
---------------------------------------------------------------------------------
---------------------------------------------------------------------------------
Start Cross Boundary and Area Optimization
---------------------------------------------------------------------------------
WARNING: [Synth 8-7080] Parallel synthesis criteria is not met
---------------------------------------------------------------------------------
Finished Cross Boundary and Area Optimization : Time (s): cpu = 00:00:14 ; elapsed = 00:00:17 . Memory (MB): peak = 2639.715 ; gain = 392.770 ; free physical = 548 ; free virtual = 32564
---------------------------------------------------------------------------------
---------------------------------------------------------------------------------
Start Applying XDC Timing Constraints
---------------------------------------------------------------------------------
---------------------------------------------------------------------------------
Finished Applying XDC Timing Constraints : Time (s): cpu = 00:00:22 ; elapsed = 00:00:27 . Memory (MB): peak = 3118.176 ; gain = 871.230 ; free physical = 278 ; free virtual = 30362
---------------------------------------------------------------------------------
---------------------------------------------------------------------------------
Start Timing Optimization
---------------------------------------------------------------------------------
---------------------------------------------------------------------------------
Finished Timing Optimization : Time (s): cpu = 00:00:22 ; elapsed = 00:00:27 . Memory (MB): peak = 3118.176 ; gain = 871.230 ; free physical = 284 ; free virtual = 30361
---------------------------------------------------------------------------------
---------------------------------------------------------------------------------
Start Technology Mapping
---------------------------------------------------------------------------------
---------------------------------------------------------------------------------
Finished Technology Mapping : Time (s): cpu = 00:00:22 ; elapsed = 00:00:27 . Memory (MB): peak = 3127.191 ; gain = 880.246 ; free physical = 280 ; free virtual = 30324
---------------------------------------------------------------------------------
---------------------------------------------------------------------------------
Start IO Insertion
---------------------------------------------------------------------------------
---------------------------------------------------------------------------------
Start Flattening Before IO Insertion
---------------------------------------------------------------------------------
---------------------------------------------------------------------------------
Finished Flattening Before IO Insertion
---------------------------------------------------------------------------------
---------------------------------------------------------------------------------
Start Final Netlist Cleanup
---------------------------------------------------------------------------------
---------------------------------------------------------------------------------
Finished Final Netlist Cleanup
---------------------------------------------------------------------------------
---------------------------------------------------------------------------------
Finished IO Insertion : Time (s): cpu = 00:00:25 ; elapsed = 00:00:30 . Memory (MB): peak = 3142.066 ; gain = 895.121 ; free physical = 325 ; free virtual = 27793
---------------------------------------------------------------------------------
---------------------------------------------------------------------------------
Start Renaming Generated Instances
---------------------------------------------------------------------------------
---------------------------------------------------------------------------------
Finished Renaming Generated Instances : Time (s): cpu = 00:00:25 ; elapsed = 00:00:30 . Memory (MB): peak = 3142.066 ; gain = 895.121 ; free physical = 325 ; free virtual = 27791
---------------------------------------------------------------------------------
---------------------------------------------------------------------------------
Start Rebuilding User Hierarchy
---------------------------------------------------------------------------------
---------------------------------------------------------------------------------
Finished Rebuilding User Hierarchy : Time (s): cpu = 00:00:25 ; elapsed = 00:00:30 . Memory (MB): peak = 3142.066 ; gain = 895.121 ; free physical = 324 ; free virtual = 27783
---------------------------------------------------------------------------------
---------------------------------------------------------------------------------
Start Renaming Generated Ports
---------------------------------------------------------------------------------
---------------------------------------------------------------------------------
Finished Renaming Generated Ports : Time (s): cpu = 00:00:25 ; elapsed = 00:00:30 . Memory (MB): peak = 3142.066 ; gain = 895.121 ; free physical = 324 ; free virtual = 27780
---------------------------------------------------------------------------------
---------------------------------------------------------------------------------
Start Handling Custom Attributes
---------------------------------------------------------------------------------
---------------------------------------------------------------------------------
Finished Handling Custom Attributes : Time (s): cpu = 00:00:25 ; elapsed = 00:00:30 . Memory (MB): peak = 3142.066 ; gain = 895.121 ; free physical = 324 ; free virtual = 27777
---------------------------------------------------------------------------------
---------------------------------------------------------------------------------
Start Renaming Generated Nets
---------------------------------------------------------------------------------
---------------------------------------------------------------------------------
Finished Renaming Generated Nets : Time (s): cpu = 00:00:25 ; elapsed = 00:00:30 . Memory (MB): peak = 3142.066 ; gain = 895.121 ; free physical = 324 ; free virtual = 27775
---------------------------------------------------------------------------------
---------------------------------------------------------------------------------
Start Writing Synthesis Report
---------------------------------------------------------------------------------

Report BlackBoxes: 
+-+--------------+----------+
| |BlackBox name |Instances |
+-+--------------+----------+
+-+--------------+----------+

Report Cell Usage: 
+------+-----------+------+
|      |Cell       |Count |
+------+-----------+------+
|1     |BUFG       |     2|
|2     |MMCME4_ADV |     1|
+------+-----------+------+
---------------------------------------------------------------------------------
Finished Writing Synthesis Report : Time (s): cpu = 00:00:25 ; elapsed = 00:00:30 . Memory (MB): peak = 3142.066 ; gain = 895.121 ; free physical = 323 ; free virtual = 27771
---------------------------------------------------------------------------------
Synthesis finished with 0 errors, 0 critical warnings and 1 warnings.
Synthesis Optimization Runtime : Time (s): cpu = 00:00:20 ; elapsed = 00:00:24 . Memory (MB): peak = 3142.066 ; gain = 831.090 ; free physical = 324 ; free virtual = 27660
Synthesis Optimization Complete : Time (s): cpu = 00:00:25 ; elapsed = 00:00:30 . Memory (MB): peak = 3142.074 ; gain = 895.121 ; free physical = 326 ; free virtual = 27658
INFO: [Project 1-571] Translating synthesized netlist
Netlist sorting complete. Time (s): cpu = 00:00:00 ; elapsed = 00:00:00 . Memory (MB): peak = 3142.074 ; gain = 0.000 ; free physical = 324 ; free virtual = 27624
INFO: [Netlist 29-17] Analyzing 3 Unisim elements for replacement
INFO: [Netlist 29-28] Unisim Transformation completed in 0 CPU seconds
INFO: [Project 1-570] Preparing netlist for logic optimization
INFO: [Opt 31-138] Pushed 0 inverter(s) to 0 load pin(s).
INFO: [Opt 31-326] The CLKFBOUT to CLKFBIN net for instance inst/mmcme4_adv_inst with COMPENSATION=INTERNAL is optimized away to aid design routability
Netlist sorting complete. Time (s): cpu = 00:00:00 ; elapsed = 00:00:00 . Memory (MB): peak = 3175.754 ; gain = 0.000 ; free physical = 584 ; free virtual = 27218
INFO: [Project 1-111] Unisim Transformation Summary:
  A total of 2 instances were transformed.
  BUFG => BUFGCE: 2 instances

Synth Design complete | Checksum: b789ba54
INFO: [Common 17-83] Releasing license: Synthesis
29 Infos, 1 Warnings, 0 Critical Warnings and 0 Errors encountered.
synth_design completed successfully
synth_design: Time (s): cpu = 00:00:32 ; elapsed = 00:00:35 . Memory (MB): peak = 3175.754 ; gain = 1846.363 ; free physical = 564 ; free virtual = 27218
INFO: [Common 17-2834] synth_design peak Physical Memory [PSS] (MB): overall = 2352.211; main = 2077.174; forked = 295.032
INFO: [Common 17-2834] synth_design peak Virtual Memory [VSS] (MB): overall = 4134.609; main = 3175.758; forked = 982.648
INFO: [Common 17-1381] The checkpoint '/media/ug3linux/UG3/firmware/UG3-HeadWornUnit-V2-Firmware/seeg/seeg.runs/main_clk_wiz_1_0_synth_1/main_clk_wiz_1_0.dcp' has been generated.
INFO: [Coretcl 2-1648] Added synthesis output to IP cache for IP main_clk_wiz_1_0, cache-ID = 0d4a6c632fbcfe0d
INFO: [Common 17-1381] The checkpoint '/media/ug3linux/UG3/firmware/UG3-HeadWornUnit-V2-Firmware/seeg/seeg.runs/main_clk_wiz_1_0_synth_1/main_clk_wiz_1_0.dcp' has been generated.
INFO: [runtcl-4] Executing : report_utilization -file main_clk_wiz_1_0_utilization_synth.rpt -pb main_clk_wiz_1_0_utilization_synth.pb
INFO: [Common 17-206] Exiting Vivado at Thu Jul 18 09:46:41 2024...
