Copyright 1986-2022 Xilinx, Inc. All Rights Reserved. Copyright 2022-2023 Advanced Micro Devices, Inc. All Rights Reserved.
--------------------------------------------------------------------------------------------------------------------------------------------------
| Tool Version      : Vivado v.2023.1 (lin64) Build 3865809 Sun May  7 15:04:56 MDT 2023
| Date              : Wed Jun 26 11:33:10 2024
| Host              : ug3linux running 64-bit Ubuntu 20.04.6 LTS
| Command           : report_clock_utilization -file main_wrapper_clock_utilization_routed.rpt
| Design            : main_wrapper
| Device            : xck26-sfvc784
| Speed File        : -2LV  PRODUCTION 1.30 05-15-2022
| Temperature Grade : C
| Design State      : Routed
--------------------------------------------------------------------------------------------------------------------------------------------------

Clock Utilization Report

Table of Contents
-----------------
1. Clock Primitive Utilization
2. Global Clock Resources
3. Global Clock Source Details
4. Clock Regions : Clock Primitives
5. Clock Regions : Load Primitives
6. Clock Regions : Global Clock Summary
7. Clock Regions : Routing Resource Utilization
8. Device Cell Placement Summary for Global Clock g0
9. Device Cell Placement Summary for Global Clock g1
10. Device Cell Placement Summary for Global Clock g2
11. Device Cell Placement Summary for Global Clock g3
12. Device Cell Placement Summary for Global Clock g4
13. Device Cell Placement Summary for Global Clock g5
14. Device Cell Placement Summary for Global Clock g6
15. Clock Region Cell Placement per Global Clock: Region X0Y0
16. Clock Region Cell Placement per Global Clock: Region X1Y0
17. Clock Region Cell Placement per Global Clock: Region X2Y0
18. Clock Region Cell Placement per Global Clock: Region X0Y1
19. Clock Region Cell Placement per Global Clock: Region X1Y1
20. Clock Region Cell Placement per Global Clock: Region X2Y1
21. Clock Region Cell Placement per Global Clock: Region X0Y2
22. Clock Region Cell Placement per Global Clock: Region X1Y2
23. Clock Region Cell Placement per Global Clock: Region X2Y2
24. Clock Region Cell Placement per Global Clock: Region X0Y3
25. Clock Region Cell Placement per Global Clock: Region X1Y3

1. Clock Primitive Utilization
------------------------------

+------------+------+-----------+-----+--------------+--------+
| Type       | Used | Available | LOC | Clock Region | Pblock |
+------------+------+-----------+-----+--------------+--------+
| BUFGCE     |    6 |       112 |   0 |            0 |      0 |
| BUFGCE_DIV |    0 |        16 |   0 |            0 |      0 |
| BUFGCTRL   |    0 |        32 |   0 |            0 |      0 |
| BUFG_GT    |    0 |        96 |   0 |            0 |      0 |
| BUFG_PS    |    1 |        96 |   0 |            0 |      0 |
| MMCM       |    2 |         4 |   0 |            0 |      0 |
| PLL        |    0 |         8 |   0 |            0 |      0 |
+------------+------+-----------+-----+--------------+--------+


2. Global Clock Resources
-------------------------

+-----------+-----------+-----------------+------------+---------------+--------------+------+-------------------+------------------+-------------------+-------------+-----------------+--------------+-------------------------------+--------------------------------------------------------------------------------------------+-----------------------------------------------------------------------+
| Global Id | Source Id | Driver Type/Pin | Constraint | Site          | Clock Region | Root | Clock Delay Group | Clock Low Fanout | Load Clock Region | Clock Loads | Non-Clock Loads | Clock Period | Clock                         | Driver Pin                                                                                 | Net                                                                   |
+-----------+-----------+-----------------+------------+---------------+--------------+------+-------------------+------------------+-------------------+-------------+-----------------+--------------+-------------------------------+--------------------------------------------------------------------------------------------+-----------------------------------------------------------------------+
| g0        | src0      | BUFGCE/O        | None       | BUFGCE_X0Y54  | X1Y2         | X1Y2 |                   |                  |                10 |       10785 |               0 |        4.000 | clk_dma_250M_main_clk_wiz_1_0 | main_i/clk_wiz_dma/inst/clkout1_buf/O                                                      | main_i/clk_wiz_dma/inst/clk_dma_250M                                  |
| g1        | src1      | BUFGCE/O        | None       | BUFGCE_X0Y76  | X1Y3         | X0Y1 |                   |                  |                 4 |        4585 |               0 |      142.899 | clk_rhd_main_clk_wiz_0_0      | main_i/clk_wiz_0/inst/CLK_CORE_DRP_I/clk_inst/clkout1_buf/O                                | main_i/clk_wiz_0/inst/CLK_CORE_DRP_I/clk_inst/clk_rhd                 |
| g2        | src2      | BUFG_PS/O       | None       | BUFG_PS_X0Y80 | X0Y3         | X0Y2 |                   |                  |                 5 |        2975 |               2 |       10.000 | clk_pl_0                      | main_i/zynq_ultra_ps_e_0/inst/buffer_pl_clk_0.PL_CLK_0_BUFG/O                              | main_i/zynq_ultra_ps_e_0/inst/pl_clk0                                 |
| g3        | src3      | BUFGCE/O        | None       | BUFGCE_X0Y75  | X1Y3         | X0Y2 |                   |                  |                 2 |        2655 |               0 |       10.435 | clk_rhs_main_clk_wiz_0_0      | main_i/clk_wiz_0/inst/CLK_CORE_DRP_I/clk_inst/clkout2_buf/O                                | main_i/clk_wiz_0/inst/CLK_CORE_DRP_I/clk_inst/clk_rhs                 |
| g4        | src4      | BUFGCE/O        | None       | BUFGCE_X0Y86  | X1Y3         | X1Y3 | n/a               |                  |                 1 |           0 |            1087 |          n/a | n/a                           | main_i/clk_wiz_0/inst/AXI_LITE_IPIF_I/I_SLAVE_ATTACHMENT/current_state[3]_i_1_bufg_place/O | main_i/clk_wiz_0/inst/AXI_LITE_IPIF_I/I_SLAVE_ATTACHMENT/rst_reg_0    |
| g5        | src5      | BUFGCE/O        | None       | BUFGCE_X0Y74  | X1Y3         | X1Y3 | n/a               |                  |                 1 |           0 |            2298 |          n/a | n/a                           | main_i/proc_sys_reset_rhs/U0/ACTIVE_LOW_PR_OUT_DFF[0].FDRE_PER_N_bufg_place/O              | main_i/proc_sys_reset_rhs/U0/peripheral_aresetn[0]                    |
| g6        | src6      | BUFGCE/O        | None       | BUFGCE_X0Y62  | X1Y2         | X1Y2 | n/a               |                  |                 1 |           0 |            1024 |          n/a | n/a                           | main_i/seeg_0/inst/recorder/rhd_S00_AXI/rhd/result_DDR_B1[15]_i_1_bufg_place/O             | main_i/seeg_0/inst/recorder/rhd_S00_AXI/rhd/result_DDR_B1[15]_i_1_n_0 |
+-----------+-----------+-----------------+------------+---------------+--------------+------+-------------------+------------------+-------------------+-------------+-----------------+--------------+-------------------------------+--------------------------------------------------------------------------------------------+-----------------------------------------------------------------------+
* Clock Loads column represents cell count of net connects that connect to a clock pin. Internal cell leaf pins are not considered
** Non-Clock Loads column represents cell count of non-clock pin loads


3. Global Clock Source Details
------------------------------

+-----------+-----------+--------------------+------------+---------------+--------------+-------------+-----------------+---------------------+-------------------------------+---------------------------------------------------------------------------------+----------------------------------------------------------------------------------+
| Source Id | Global Id | Driver Type/Pin    | Constraint | Site          | Clock Region | Clock Loads | Non-Clock Loads | Source Clock Period | Source Clock                  | Driver Pin                                                                      | Net                                                                              |
+-----------+-----------+--------------------+------------+---------------+--------------+-------------+-----------------+---------------------+-------------------------------+---------------------------------------------------------------------------------+----------------------------------------------------------------------------------+
| src0      | g0        | MMCME4_ADV/CLKOUT0 | None       | MMCM_X0Y2     | X1Y2         |           1 |               0 |               4.000 | clk_dma_250M_main_clk_wiz_1_0 | main_i/clk_wiz_dma/inst/mmcme4_adv_inst/CLKOUT0                                 | main_i/clk_wiz_dma/inst/clk_dma_250M_main_clk_wiz_1_0                            |
| src1      | g1        | MMCME4_ADV/CLKOUT0 | None       | MMCM_X0Y3     | X1Y3         |           1 |               0 |             142.899 | clk_rhd_main_clk_wiz_0_0      | main_i/clk_wiz_0/inst/CLK_CORE_DRP_I/clk_inst/mmcme4_adv_inst/CLKOUT0           | main_i/clk_wiz_0/inst/CLK_CORE_DRP_I/clk_inst/clk_rhd_main_clk_wiz_0_0           |
| src2      | g2        | PS8/PLCLK[0]       | None       | PS8_X0Y0      | X0Y1         |           1 |               0 |              10.000 | clk_pl_0                      | main_i/zynq_ultra_ps_e_0/inst/PS8_i/PLCLK[0]                                    | main_i/zynq_ultra_ps_e_0/inst/pl_clk_unbuffered[0]                               |
| src3      | g3        | MMCME4_ADV/CLKOUT1 | None       | MMCM_X0Y3     | X1Y3         |           1 |               0 |              10.435 | clk_rhs_main_clk_wiz_0_0      | main_i/clk_wiz_0/inst/CLK_CORE_DRP_I/clk_inst/mmcme4_adv_inst/CLKOUT1           | main_i/clk_wiz_0/inst/CLK_CORE_DRP_I/clk_inst/clk_rhs_main_clk_wiz_0_0           |
| src4      | g4        | LUT2/O             | None       | SLICE_X8Y194  | X0Y3         |           1 |               3 |                     |                               | main_i/clk_wiz_0/inst/AXI_LITE_IPIF_I/I_SLAVE_ATTACHMENT/current_state[3]_i_1/O | main_i/clk_wiz_0/inst/AXI_LITE_IPIF_I/I_SLAVE_ATTACHMENT/rst_reg_0_bufg_place    |
| src5      | g5        | FDRE/Q             | None       | SLICE_X11Y162 | X0Y2         |           1 |               0 |                     |                               | main_i/proc_sys_reset_rhs/U0/ACTIVE_LOW_PR_OUT_DFF[0].FDRE_PER_N/Q              | main_i/proc_sys_reset_rhs/U0/peripheral_aresetn[0]_bufg_place                    |
| src6      | g6        | LUT2/O             | None       | SLICE_X13Y100 | X0Y1         |           1 |               0 |                     |                               | main_i/seeg_0/inst/recorder/rhd_S00_AXI/rhd/result_DDR_B1[15]_i_1/O             | main_i/seeg_0/inst/recorder/rhd_S00_AXI/rhd/result_DDR_B1[15]_i_1_n_0_bufg_place |
+-----------+-----------+--------------------+------------+---------------+--------------+-------------+-----------------+---------------------+-------------------------------+---------------------------------------------------------------------------------+----------------------------------------------------------------------------------+
* Clock Loads column represents cell count of net connects that connect to a clock pin. Internal cell leaf pins are not considered
** Non-Clock Loads column represents cell count of non-clock pin loads


4. Clock Regions : Clock Primitives
-----------------------------------

+-------------------+---------------+---------------+---------------+---------------+---------------+---------------+---------------+---------------+
|                   |  Global Clock |     BUFGCE    |   BUFGCE_DIV  |    BUFGCTRL   |    BUFG_GT    |    BUFG_PS    |      MMCM     |      PLL      |
+-------------------+-------+-------+-------+-------+-------+-------+-------+-------+-------+-------+-------+-------+-------+-------+-------+-------+
| Clock Region Name | Used  | Avail | Used  | Avail | Used  | Avail | Used  | Avail | Used  | Avail | Used  | Avail | Used  | Avail | Used  | Avail |
+-------------------+-------+-------+-------+-------+-------+-------+-------+-------+-------+-------+-------+-------+-------+-------+-------+-------+
| X0Y0              |     1 |    24 |     0 |     4 |     0 |     0 |     0 |     0 |     0 |     0 |     0 |    24 |     0 |     0 |     0 |     0 |
| X1Y0              |     1 |    24 |     0 |    24 |     0 |     4 |     0 |     8 |     0 |     0 |     0 |     0 |     0 |     1 |     0 |     2 |
| X2Y0              |     1 |    24 |     0 |     0 |     0 |     0 |     0 |     0 |     0 |    24 |     0 |     0 |     0 |     0 |     0 |     0 |
| X0Y1              |     3 |    24 |     0 |     4 |     0 |     0 |     0 |     0 |     0 |     0 |     0 |    24 |     0 |     0 |     0 |     0 |
| X1Y1              |     3 |    24 |     0 |    24 |     0 |     4 |     0 |     8 |     0 |     0 |     0 |     0 |     0 |     1 |     0 |     2 |
| X2Y1              |     1 |    24 |     0 |     0 |     0 |     0 |     0 |     0 |     0 |    24 |     0 |     0 |     0 |     0 |     0 |     0 |
| X0Y2              |     5 |    24 |     0 |     4 |     0 |     0 |     0 |     0 |     0 |     0 |     0 |    24 |     0 |     0 |     0 |     0 |
| X1Y2              |     5 |    24 |     2 |    24 |     0 |     4 |     0 |     8 |     0 |     0 |     0 |     0 |     1 |     1 |     0 |     2 |
| X2Y2              |     1 |    24 |     0 |     0 |     0 |     0 |     0 |     0 |     0 |    24 |     0 |     0 |     0 |     0 |     0 |     0 |
| X0Y3              |     3 |    24 |     0 |     4 |     0 |     0 |     0 |     0 |     0 |     0 |     1 |    24 |     0 |     0 |     0 |     0 |
| X1Y3              |     3 |    24 |     4 |    24 |     0 |     4 |     0 |     8 |     0 |     0 |     0 |     0 |     1 |     1 |     0 |     2 |
| X2Y3              |     0 |    24 |     0 |     0 |     0 |     0 |     0 |     0 |     0 |    24 |     0 |     0 |     0 |     0 |     0 |     0 |
+-------------------+-------+-------+-------+-------+-------+-------+-------+-------+-------+-------+-------+-------+-------+-------+-------+-------+
* Global Clock column represents track count; while other columns represents cell counts


5. Clock Regions : Load Primitives
----------------------------------

+-------------------+------------------+------------------+------------------+------------------+------------------+------------------+------------------+------------------+
|                   |   Global Clock   |        FF        |      LUTRAM      |  Block RAM (18K) |       URAM       |        DSP       |        GT        |      HARD IP     |
+-------------------+--------+---------+--------+---------+--------+---------+--------+---------+--------+---------+--------+---------+--------+---------+--------+---------+
| Clock Region Name | Used   | Avail   | Used   | Avail   | Used   | Avail   | Used   | Avail   | Used   | Avail   | Used   | Avail   | Used   | Avail   | Used   | Avail   |
+-------------------+--------+---------+--------+---------+--------+---------+--------+---------+--------+---------+--------+---------+--------+---------+--------+---------+
| X0Y0              |      1 |      24 |   2416 |   22080 |    101 |    6240 |      0 |       0 |      0 |       0 |      0 |     144 |      0 |       0 |      0 |       0 |
| X1Y0              |      1 |      24 |    399 |   17280 |      0 |    5280 |     15 |      24 |      0 |       0 |      0 |     144 |      0 |       0 |      0 |       0 |
| X2Y0              |      1 |      24 |      0 |   19200 |      0 |    2880 |     28 |      48 |      0 |      16 |      0 |      24 |      0 |       4 |      0 |       1 |
| X0Y1              |      3 |      24 |   9297 |   22080 |    181 |    6240 |      0 |       0 |      0 |       0 |      0 |     144 |      0 |       0 |      0 |       0 |
| X1Y1              |      3 |      24 |    919 |   17280 |     42 |    5280 |     24 |      24 |      0 |       0 |      0 |     144 |      0 |       0 |      0 |       0 |
| X2Y1              |      1 |      24 |     74 |   19200 |      0 |    2880 |     48 |      48 |      0 |      16 |      0 |      24 |      0 |       4 |      0 |       1 |
| X0Y2              |      5 |      24 |   4579 |   22080 |     11 |    6240 |      0 |       0 |      0 |       0 |      0 |     144 |      0 |       0 |      0 |       0 |
| X1Y2              |      5 |      24 |    113 |   17280 |      0 |    5280 |     12 |      24 |      0 |       0 |      0 |     144 |      0 |       0 |      0 |       0 |
| X2Y2              |      1 |      24 |      0 |   19200 |      0 |    2880 |     20 |      48 |      0 |      16 |      0 |      24 |      0 |       4 |      0 |       0 |
| X0Y3              |      3 |      24 |   2768 |   22080 |      0 |    6240 |      0 |       0 |      0 |       0 |      0 |     144 |      0 |       0 |      0 |       0 |
| X1Y3              |      3 |      24 |     19 |   17280 |      0 |    5280 |      0 |      24 |      0 |       0 |      0 |     144 |      0 |       0 |      0 |       0 |
| X2Y3              |      0 |      24 |      0 |   19200 |      0 |    2880 |      0 |      48 |      0 |      16 |      0 |      24 |      0 |       4 |      0 |       0 |
+-------------------+--------+---------+--------+---------+--------+---------+--------+---------+--------+---------+--------+---------+--------+---------+--------+---------+
* Global Clock column represents track count; while other columns represents cell counts


6. Clock Regions : Global Clock Summary
---------------------------------------

All Modules
+----+----+----+----+
|    | X0 | X1 | X2 |
+----+----+----+----+
| Y3 |  1 |  4 |  0 |
| Y2 |  0 |  2 |  0 |
| Y1 |  0 |  0 |  0 |
| Y0 |  0 |  0 |  0 |
+----+----+----+----+


7. Clock Regions : Routing Resource Utilization
-----------------------------------------------

All Modules
+-------------------+----------------------+----------------------+----------------------+----------------------+
|                   |        HROUTES       |        HDISTRS       |        VROUTES       |        VDISTRS       |
+-------------------+------+-------+-------+------+-------+-------+------+-------+-------+------+-------+-------+
| Clock Region Name | Used | Avail | Util% | Used | Avail | Util% | Used | Avail | Util% | Used | Avail | Util% |
+-------------------+------+-------+-------+------+-------+-------+------+-------+-------+------+-------+-------+
| X0Y0              |    0 |    24 |  0.00 |    1 |    24 |  4.17 |    0 |    24 |  0.00 |    0 |    24 |  0.00 |
| X1Y0              |    0 |    24 |  0.00 |    1 |    24 |  4.17 |    0 |    24 |  0.00 |    1 |    24 |  4.17 |
| X2Y0              |    0 |    24 |  0.00 |    1 |    24 |  4.17 |    0 |    24 |  0.00 |    0 |    24 |  0.00 |
| X0Y1              |    0 |    24 |  0.00 |    3 |    24 | 12.50 |    1 |    24 |  4.17 |    1 |    24 |  4.17 |
| X1Y1              |    0 |    24 |  0.00 |    3 |    24 | 12.50 |    0 |    24 |  0.00 |    2 |    24 |  8.33 |
| X2Y1              |    0 |    24 |  0.00 |    1 |    24 |  4.17 |    0 |    24 |  0.00 |    0 |    24 |  0.00 |
| X0Y2              |    0 |    24 |  0.00 |    5 |    24 | 20.83 |    3 |    24 | 12.50 |    2 |    24 |  8.33 |
| X1Y2              |    0 |    24 |  0.00 |    5 |    24 | 20.83 |    0 |    24 |  0.00 |    3 |    24 | 12.50 |
| X2Y2              |    0 |    24 |  0.00 |    1 |    24 |  4.17 |    0 |    24 |  0.00 |    0 |    24 |  0.00 |
| X0Y3              |    5 |    24 | 20.83 |    3 |    24 | 12.50 |    3 |    24 | 12.50 |    0 |    24 |  0.00 |
| X1Y3              |    2 |    24 |  8.33 |    3 |    24 | 12.50 |    0 |    24 |  0.00 |    1 |    24 |  4.17 |
| X2Y3              |    0 |    24 |  0.00 |    0 |    24 |  0.00 |    0 |    24 |  0.00 |    0 |    24 |  0.00 |
+-------------------+------+-------+-------+------+-------+-------+------+-------+-------+------+-------+-------+


8. Device Cell Placement Summary for Global Clock g0
----------------------------------------------------

+-----------+-----------------+-------------------+-------------------------------+-------------+---------------+----------+-------------+----------+----------------+----------+--------------------------------------+
| Global Id | Driver Type/Pin | Driver Region (D) | Clock                         | Period (ns) | Waveform (ns) | Root (R) | Slice Loads | IO Loads | Clocking Loads | GT Loads | Net                                  |
+-----------+-----------------+-------------------+-------------------------------+-------------+---------------+----------+-------------+----------+----------------+----------+--------------------------------------+
| g0        | BUFGCE/O        | X1Y2              | clk_dma_250M_main_clk_wiz_1_0 |       4.000 | {0.000 2.000} | X1Y2     |       10785 |        0 |              0 |        0 | main_i/clk_wiz_dma/inst/clk_dma_250M |
+-----------+-----------------+-------------------+-------------------------------+-------------+---------------+----------+-------------+----------+----------------+----------+--------------------------------------+
* Slice Loads column represents load cell count of all cell types other than IO, GT and clock resources
** IO Loads column represents load cell count of IO types
*** Clocking Loads column represents load cell count that are clock resources (global clock buffer, MMCM, PLL, etc)
**** GT Loads column represents load cell count of GT types


+----+-------+-------------+-----+-----------------------+
|    | X0    | X1          | X2  | HORIZONTAL PROG DELAY |
+----+-------+-------------+-----+-----------------------+
| Y3 |   415 |           0 |   0 |                     2 |
| Y2 |   559 | (R) (D) 119 |  10 |                     2 |
| Y1 |  5676 |         970 |  98 |                     1 |
| Y0 |  2517 |         407 |  14 |                     0 |
+----+-------+-------------+-----+-----------------------+


9. Device Cell Placement Summary for Global Clock g1
----------------------------------------------------

+-----------+-----------------+-------------------+--------------------------+-------------+----------------+----------+-------------+----------+----------------+----------+-------------------------------------------------------+
| Global Id | Driver Type/Pin | Driver Region (D) | Clock                    | Period (ns) | Waveform (ns)  | Root (R) | Slice Loads | IO Loads | Clocking Loads | GT Loads | Net                                                   |
+-----------+-----------------+-------------------+--------------------------+-------------+----------------+----------+-------------+----------+----------------+----------+-------------------------------------------------------+
| g1        | BUFGCE/O        | X1Y3              | clk_rhd_main_clk_wiz_0_0 |     142.899 | {0.000 71.449} | X0Y1     |        4585 |        0 |              0 |        0 | main_i/clk_wiz_0/inst/CLK_CORE_DRP_I/clk_inst/clk_rhd |
+-----------+-----------------+-------------------+--------------------------+-------------+----------------+----------+-------------+----------+----------------+----------+-------------------------------------------------------+
* Slice Loads column represents load cell count of all cell types other than IO, GT and clock resources
** IO Loads column represents load cell count of IO types
*** Clocking Loads column represents load cell count that are clock resources (global clock buffer, MMCM, PLL, etc)
**** GT Loads column represents load cell count of GT types


+----+----------+--------+----+-----------------------+
|    | X0       | X1     | X2 | HORIZONTAL PROG DELAY |
+----+----------+--------+----+-----------------------+
| Y3 |        0 |  (D) 0 |  0 |                     - |
| Y2 |      777 |      1 |  0 |                     0 |
| Y1 | (R) 3803 |      4 |  0 |                     0 |
| Y0 |        0 |      0 |  0 |                     - |
+----+----------+--------+----+-----------------------+


10. Device Cell Placement Summary for Global Clock g2
-----------------------------------------------------

+-----------+-----------------+-------------------+----------+-------------+---------------+----------+-------------+----------+----------------+----------+---------------------------------------+
| Global Id | Driver Type/Pin | Driver Region (D) | Clock    | Period (ns) | Waveform (ns) | Root (R) | Slice Loads | IO Loads | Clocking Loads | GT Loads | Net                                   |
+-----------+-----------------+-------------------+----------+-------------+---------------+----------+-------------+----------+----------------+----------+---------------------------------------+
| g2        | BUFG_PS/O       | X0Y3              | clk_pl_0 |      10.000 | {0.000 5.000} | X0Y2     |        2974 |        0 |              2 |        0 | main_i/zynq_ultra_ps_e_0/inst/pl_clk0 |
+-----------+-----------------+-------------------+----------+-------------+---------------+----------+-------------+----------+----------------+----------+---------------------------------------+
* Slice Loads column represents load cell count of all cell types other than IO, GT and clock resources
** IO Loads column represents load cell count of IO types
*** Clocking Loads column represents load cell count that are clock resources (global clock buffer, MMCM, PLL, etc)
**** GT Loads column represents load cell count of GT types


+----+-----------+-----+----+-----------------------+
|    | X0        | X1  | X2 | HORIZONTAL PROG DELAY |
+----+-----------+-----+----+-----------------------+
| Y3 |  (D) 2353 |  20 |  0 |                     0 |
| Y2 |   (R) 601 |   1 |  0 |                     0 |
| Y1 |         1 |   0 |  0 |                     0 |
| Y0 |         0 |   0 |  0 |                     - |
+----+-----------+-----+----+-----------------------+


11. Device Cell Placement Summary for Global Clock g3
-----------------------------------------------------

+-----------+-----------------+-------------------+--------------------------+-------------+---------------+----------+-------------+----------+----------------+----------+-------------------------------------------------------+
| Global Id | Driver Type/Pin | Driver Region (D) | Clock                    | Period (ns) | Waveform (ns) | Root (R) | Slice Loads | IO Loads | Clocking Loads | GT Loads | Net                                                   |
+-----------+-----------------+-------------------+--------------------------+-------------+---------------+----------+-------------+----------+----------------+----------+-------------------------------------------------------+
| g3        | BUFGCE/O        | X1Y3              | clk_rhs_main_clk_wiz_0_0 |      10.435 | {0.000 5.217} | X0Y2     |        2655 |        0 |              0 |        0 | main_i/clk_wiz_0/inst/CLK_CORE_DRP_I/clk_inst/clk_rhs |
+-----------+-----------------+-------------------+--------------------------+-------------+---------------+----------+-------------+----------+----------------+----------+-------------------------------------------------------+
* Slice Loads column represents load cell count of all cell types other than IO, GT and clock resources
** IO Loads column represents load cell count of IO types
*** Clocking Loads column represents load cell count that are clock resources (global clock buffer, MMCM, PLL, etc)
**** GT Loads column represents load cell count of GT types


+----+----------+--------+----+-----------------------+
|    | X0       | X1     | X2 | HORIZONTAL PROG DELAY |
+----+----------+--------+----+-----------------------+
| Y3 |        0 |  (D) 0 |  0 |                     - |
| Y2 | (R) 2653 |      2 |  0 |                     0 |
| Y1 |        0 |      0 |  0 |                     - |
| Y0 |        0 |      0 |  0 |                     - |
+----+----------+--------+----+-----------------------+


12. Device Cell Placement Summary for Global Clock g4
-----------------------------------------------------

+-----------+-----------------+-------------------+-------+-------------+---------------+----------+-------------+----------+----------------+----------+--------------------------------------------------------------------+
| Global Id | Driver Type/Pin | Driver Region (D) | Clock | Period (ns) | Waveform (ns) | Root (R) | Slice Loads | IO Loads | Clocking Loads | GT Loads | Net                                                                |
+-----------+-----------------+-------------------+-------+-------------+---------------+----------+-------------+----------+----------------+----------+--------------------------------------------------------------------+
| g4        | BUFGCE/O        | X1Y3              |       |             |               | X1Y3     |        1087 |        0 |              0 |        0 | main_i/clk_wiz_0/inst/AXI_LITE_IPIF_I/I_SLAVE_ATTACHMENT/rst_reg_0 |
+-----------+-----------------+-------------------+-------+-------------+---------------+----------+-------------+----------+----------------+----------+--------------------------------------------------------------------+
* Slice Loads column represents load cell count of all cell types other than IO, GT and clock resources
** IO Loads column represents load cell count of IO types
*** Clocking Loads column represents load cell count that are clock resources (global clock buffer, MMCM, PLL, etc)
**** GT Loads column represents load cell count of GT types


+----+-------+-----------+----+-----------------------+
|    | X0    | X1        | X2 | HORIZONTAL PROG DELAY |
+----+-------+-----------+----+-----------------------+
| Y3 |  1087 | (R) (D) 0 |  0 |                     0 |
| Y2 |     0 |         0 |  0 |                     - |
| Y1 |     0 |         0 |  0 |                     - |
| Y0 |     0 |         0 |  0 |                     - |
+----+-------+-----------+----+-----------------------+


13. Device Cell Placement Summary for Global Clock g5
-----------------------------------------------------

+-----------+-----------------+-------------------+-------+-------------+---------------+----------+-------------+----------+----------------+----------+----------------------------------------------------+
| Global Id | Driver Type/Pin | Driver Region (D) | Clock | Period (ns) | Waveform (ns) | Root (R) | Slice Loads | IO Loads | Clocking Loads | GT Loads | Net                                                |
+-----------+-----------------+-------------------+-------+-------------+---------------+----------+-------------+----------+----------------+----------+----------------------------------------------------+
| g5        | BUFGCE/O        | X1Y3              |       |             |               | X1Y3     |        2298 |        0 |              0 |        0 | main_i/proc_sys_reset_rhs/U0/peripheral_aresetn[0] |
+-----------+-----------------+-------------------+-------+-------------+---------------+----------+-------------+----------+----------------+----------+----------------------------------------------------+
* Slice Loads column represents load cell count of all cell types other than IO, GT and clock resources
** IO Loads column represents load cell count of IO types
*** Clocking Loads column represents load cell count that are clock resources (global clock buffer, MMCM, PLL, etc)
**** GT Loads column represents load cell count of GT types


+----+-------+-----------+----+-----------------------+
|    | X0    | X1        | X2 | HORIZONTAL PROG DELAY |
+----+-------+-----------+----+-----------------------+
| Y3 |     0 | (R) (D) 0 |  0 |                     - |
| Y2 |  2298 |         0 |  0 |                     0 |
| Y1 |     0 |         0 |  0 |                     - |
| Y0 |     0 |         0 |  0 |                     - |
+----+-------+-----------+----+-----------------------+


14. Device Cell Placement Summary for Global Clock g6
-----------------------------------------------------

+-----------+-----------------+-------------------+-------+-------------+---------------+----------+-------------+----------+----------------+----------+-----------------------------------------------------------------------+
| Global Id | Driver Type/Pin | Driver Region (D) | Clock | Period (ns) | Waveform (ns) | Root (R) | Slice Loads | IO Loads | Clocking Loads | GT Loads | Net                                                                   |
+-----------+-----------------+-------------------+-------+-------------+---------------+----------+-------------+----------+----------------+----------+-----------------------------------------------------------------------+
| g6        | BUFGCE/O        | X1Y2              |       |             |               | X1Y2     |        1024 |        0 |              0 |        0 | main_i/seeg_0/inst/recorder/rhd_S00_AXI/rhd/result_DDR_B1[15]_i_1_n_0 |
+-----------+-----------------+-------------------+-------+-------------+---------------+----------+-------------+----------+----------------+----------+-----------------------------------------------------------------------+
* Slice Loads column represents load cell count of all cell types other than IO, GT and clock resources
** IO Loads column represents load cell count of IO types
*** Clocking Loads column represents load cell count that are clock resources (global clock buffer, MMCM, PLL, etc)
**** GT Loads column represents load cell count of GT types


+----+-------+-----------+----+-----------------------+
|    | X0    | X1        | X2 | HORIZONTAL PROG DELAY |
+----+-------+-----------+----+-----------------------+
| Y3 |     0 |         0 |  0 |                     - |
| Y2 |     0 | (R) (D) 0 |  0 |                     - |
| Y1 |  1024 |         0 |  0 |                     0 |
| Y0 |     0 |         0 |  0 |                     - |
+----+-------+-----------+----+-----------------------+


15. Clock Region Cell Placement per Global Clock: Region X0Y0
-------------------------------------------------------------

+-----------+-------+-----------------+------------+-------------+-----------------+------+-------------+------+------+-----+----+------+-----+---------+--------------------------------------+
| Global Id | Track | Driver Type/Pin | Constraint | Clock Loads | Non-Clock Loads | FF   | Memory LUTs | RAMB | URAM | DSP | GT | MMCM | PLL | Hard IP | Net                                  |
+-----------+-------+-----------------+------------+-------------+-----------------+------+-------------+------+------+-----+----+------+-----+---------+--------------------------------------+
| g0        | 6     | BUFGCE/O        | None       |        2517 |               0 | 2416 |         101 |    0 |    0 |   0 |  0 |    0 |   0 |       0 | main_i/clk_wiz_dma/inst/clk_dma_250M |
+-----------+-------+-----------------+------------+-------------+-----------------+------+-------------+------+------+-----+----+------+-----+---------+--------------------------------------+
* Clock Loads column represents cell count of net connects that connect to a clock pin. Internal cell leaf pins are not considered
** Non-Clock Loads column represents cell count of non-clock pin loads
*** Columns FF, LUTRAM, RAMB through 'Hard IP' represents load cell counts


16. Clock Region Cell Placement per Global Clock: Region X1Y0
-------------------------------------------------------------

+-----------+-------+-----------------+------------+-------------+-----------------+-----+-------------+------+------+-----+----+------+-----+---------+--------------------------------------+
| Global Id | Track | Driver Type/Pin | Constraint | Clock Loads | Non-Clock Loads | FF  | Memory LUTs | RAMB | URAM | DSP | GT | MMCM | PLL | Hard IP | Net                                  |
+-----------+-------+-----------------+------------+-------------+-----------------+-----+-------------+------+------+-----+----+------+-----+---------+--------------------------------------+
| g0        | 6     | BUFGCE/O        | None       |         407 |               0 | 399 |           0 |    8 |    0 |   0 |  0 |    0 |   0 |       0 | main_i/clk_wiz_dma/inst/clk_dma_250M |
+-----------+-------+-----------------+------------+-------------+-----------------+-----+-------------+------+------+-----+----+------+-----+---------+--------------------------------------+
* Clock Loads column represents cell count of net connects that connect to a clock pin. Internal cell leaf pins are not considered
** Non-Clock Loads column represents cell count of non-clock pin loads
*** Columns FF, LUTRAM, RAMB through 'Hard IP' represents load cell counts


17. Clock Region Cell Placement per Global Clock: Region X2Y0
-------------------------------------------------------------

+-----------+-------+-----------------+------------+-------------+-----------------+----+-------------+------+------+-----+----+------+-----+---------+--------------------------------------+
| Global Id | Track | Driver Type/Pin | Constraint | Clock Loads | Non-Clock Loads | FF | Memory LUTs | RAMB | URAM | DSP | GT | MMCM | PLL | Hard IP | Net                                  |
+-----------+-------+-----------------+------------+-------------+-----------------+----+-------------+------+------+-----+----+------+-----+---------+--------------------------------------+
| g0        | 6     | BUFGCE/O        | None       |          14 |               0 |  0 |           0 |   14 |    0 |   0 |  0 |    0 |   0 |       0 | main_i/clk_wiz_dma/inst/clk_dma_250M |
+-----------+-------+-----------------+------------+-------------+-----------------+----+-------------+------+------+-----+----+------+-----+---------+--------------------------------------+
* Clock Loads column represents cell count of net connects that connect to a clock pin. Internal cell leaf pins are not considered
** Non-Clock Loads column represents cell count of non-clock pin loads
*** Columns FF, LUTRAM, RAMB through 'Hard IP' represents load cell counts


18. Clock Region Cell Placement per Global Clock: Region X0Y1
-------------------------------------------------------------

+-----------+-------+-----------------+------------+-------------+-----------------+------+-------------+------+------+-----+----+------+-----+---------+-----------------------------------------------------------------------+
| Global Id | Track | Driver Type/Pin | Constraint | Clock Loads | Non-Clock Loads | FF   | Memory LUTs | RAMB | URAM | DSP | GT | MMCM | PLL | Hard IP | Net                                                                   |
+-----------+-------+-----------------+------------+-------------+-----------------+------+-------------+------+------+-----+----+------+-----+---------+-----------------------------------------------------------------------+
| g0        | 6     | BUFGCE/O        | None       |        5676 |               0 | 5494 |         181 |    0 |    0 |   0 |  0 |    0 |   0 |       0 | main_i/clk_wiz_dma/inst/clk_dma_250M                                  |
| g1        | 4     | BUFGCE/O        | None       |        3803 |               0 | 3803 |           0 |    0 |    0 |   0 |  0 |    0 |   0 |       0 | main_i/clk_wiz_0/inst/CLK_CORE_DRP_I/clk_inst/clk_rhd                 |
| g2        | 8     | BUFG_PS/O       | None       |           1 |               0 |    0 |           0 |    0 |    0 |   0 |  0 |    0 |   0 |       0 | main_i/zynq_ultra_ps_e_0/inst/pl_clk0                                 |
| g6        | 14    | BUFGCE/O        | None       |           0 |            1024 | 1024 |           0 |    0 |    0 |   0 |  0 |    0 |   0 |       0 | main_i/seeg_0/inst/recorder/rhd_S00_AXI/rhd/result_DDR_B1[15]_i_1_n_0 |
+-----------+-------+-----------------+------------+-------------+-----------------+------+-------------+------+------+-----+----+------+-----+---------+-----------------------------------------------------------------------+
* Clock Loads column represents cell count of net connects that connect to a clock pin. Internal cell leaf pins are not considered
** Non-Clock Loads column represents cell count of non-clock pin loads
*** Columns FF, LUTRAM, RAMB through 'Hard IP' represents load cell counts


19. Clock Region Cell Placement per Global Clock: Region X1Y1
-------------------------------------------------------------

+-----------+-------+-----------------+------------+-------------+-----------------+-----+-------------+------+------+-----+----+------+-----+---------+-----------------------------------------------------------------------+
| Global Id | Track | Driver Type/Pin | Constraint | Clock Loads | Non-Clock Loads | FF  | Memory LUTs | RAMB | URAM | DSP | GT | MMCM | PLL | Hard IP | Net                                                                   |
+-----------+-------+-----------------+------------+-------------+-----------------+-----+-------------+------+------+-----+----+------+-----+---------+-----------------------------------------------------------------------+
| g0        | 6     | BUFGCE/O        | None       |         970 |               0 | 916 |          42 |   12 |    0 |   0 |  0 |    0 |   0 |       0 | main_i/clk_wiz_dma/inst/clk_dma_250M                                  |
| g1        | 4     | BUFGCE/O        | None       |           4 |               0 |   3 |           0 |    1 |    0 |   0 |  0 |    0 |   0 |       0 | main_i/clk_wiz_0/inst/CLK_CORE_DRP_I/clk_inst/clk_rhd                 |
| g6+       | 14    | BUFGCE/O        | None       |           0 |               0 |   0 |           0 |    0 |    0 |   0 |  0 |    0 |   0 |       0 | main_i/seeg_0/inst/recorder/rhd_S00_AXI/rhd/result_DDR_B1[15]_i_1_n_0 |
+-----------+-------+-----------------+------------+-------------+-----------------+-----+-------------+------+------+-----+----+------+-----+---------+-----------------------------------------------------------------------+
* Clock Loads column represents cell count of net connects that connect to a clock pin. Internal cell leaf pins are not considered
** Non-Clock Loads column represents cell count of non-clock pin loads
*** Columns FF, LUTRAM, RAMB through 'Hard IP' represents load cell counts
**** In Global Id column, sympbol '+' indicates that global clock was used only to route through the clock region.


20. Clock Region Cell Placement per Global Clock: Region X2Y1
-------------------------------------------------------------

+-----------+-------+-----------------+------------+-------------+-----------------+----+-------------+------+------+-----+----+------+-----+---------+--------------------------------------+
| Global Id | Track | Driver Type/Pin | Constraint | Clock Loads | Non-Clock Loads | FF | Memory LUTs | RAMB | URAM | DSP | GT | MMCM | PLL | Hard IP | Net                                  |
+-----------+-------+-----------------+------------+-------------+-----------------+----+-------------+------+------+-----+----+------+-----+---------+--------------------------------------+
| g0        | 6     | BUFGCE/O        | None       |          98 |               0 | 74 |           0 |   24 |    0 |   0 |  0 |    0 |   0 |       0 | main_i/clk_wiz_dma/inst/clk_dma_250M |
+-----------+-------+-----------------+------------+-------------+-----------------+----+-------------+------+------+-----+----+------+-----+---------+--------------------------------------+
* Clock Loads column represents cell count of net connects that connect to a clock pin. Internal cell leaf pins are not considered
** Non-Clock Loads column represents cell count of non-clock pin loads
*** Columns FF, LUTRAM, RAMB through 'Hard IP' represents load cell counts


21. Clock Region Cell Placement per Global Clock: Region X0Y2
-------------------------------------------------------------

+-----------+-------+-----------------+------------+-------------+-----------------+------+-------------+------+------+-----+----+------+-----+---------+-------------------------------------------------------+
| Global Id | Track | Driver Type/Pin | Constraint | Clock Loads | Non-Clock Loads | FF   | Memory LUTs | RAMB | URAM | DSP | GT | MMCM | PLL | Hard IP | Net                                                   |
+-----------+-------+-----------------+------------+-------------+-----------------+------+-------------+------+------+-----+----+------+-----+---------+-------------------------------------------------------+
| g0        | 6     | BUFGCE/O        | None       |         559 |               0 |  557 |           2 |    0 |    0 |   0 |  0 |    0 |   0 |       0 | main_i/clk_wiz_dma/inst/clk_dma_250M                  |
| g1        | 4     | BUFGCE/O        | None       |         777 |               0 |  774 |           3 |    0 |    0 |   0 |  0 |    0 |   0 |       0 | main_i/clk_wiz_0/inst/CLK_CORE_DRP_I/clk_inst/clk_rhd |
| g2        | 8     | BUFG_PS/O       | None       |         601 |               0 |  597 |           4 |    0 |    0 |   0 |  0 |    0 |   0 |       0 | main_i/zynq_ultra_ps_e_0/inst/pl_clk0                 |
| g3        | 3     | BUFGCE/O        | None       |        2653 |               0 | 2651 |           2 |    0 |    0 |   0 |  0 |    0 |   0 |       0 | main_i/clk_wiz_0/inst/CLK_CORE_DRP_I/clk_inst/clk_rhs |
| g5        | 2     | BUFGCE/O        | None       |           0 |            2298 | 2298 |           0 |    0 |    0 |   0 |  0 |    0 |   0 |       0 | main_i/proc_sys_reset_rhs/U0/peripheral_aresetn[0]    |
+-----------+-------+-----------------+------------+-------------+-----------------+------+-------------+------+------+-----+----+------+-----+---------+-------------------------------------------------------+
* Clock Loads column represents cell count of net connects that connect to a clock pin. Internal cell leaf pins are not considered
** Non-Clock Loads column represents cell count of non-clock pin loads
*** Columns FF, LUTRAM, RAMB through 'Hard IP' represents load cell counts


22. Clock Region Cell Placement per Global Clock: Region X1Y2
-------------------------------------------------------------

+-----------+-------+-----------------+------------+-------------+-----------------+-----+-------------+------+------+-----+----+------+-----+---------+-----------------------------------------------------------------------+
| Global Id | Track | Driver Type/Pin | Constraint | Clock Loads | Non-Clock Loads | FF  | Memory LUTs | RAMB | URAM | DSP | GT | MMCM | PLL | Hard IP | Net                                                                   |
+-----------+-------+-----------------+------------+-------------+-----------------+-----+-------------+------+------+-----+----+------+-----+---------+-----------------------------------------------------------------------+
| g0        | 6     | BUFGCE/O        | None       |         119 |               0 | 113 |           0 |    6 |    0 |   0 |  0 |    0 |   0 |       0 | main_i/clk_wiz_dma/inst/clk_dma_250M                                  |
| g1        | 4     | BUFGCE/O        | None       |           1 |               0 |   0 |           0 |    1 |    0 |   0 |  0 |    0 |   0 |       0 | main_i/clk_wiz_0/inst/CLK_CORE_DRP_I/clk_inst/clk_rhd                 |
| g2        | 8     | BUFG_PS/O       | None       |           0 |               1 |   0 |           0 |    0 |    0 |   0 |  0 |    1 |   0 |       0 | main_i/zynq_ultra_ps_e_0/inst/pl_clk0                                 |
| g3        | 3     | BUFGCE/O        | None       |           2 |               0 |   0 |           0 |    2 |    0 |   0 |  0 |    0 |   0 |       0 | main_i/clk_wiz_0/inst/CLK_CORE_DRP_I/clk_inst/clk_rhs                 |
| g5+       | 2     | BUFGCE/O        | None       |           0 |               0 |   0 |           0 |    0 |    0 |   0 |  0 |    0 |   0 |       0 | main_i/proc_sys_reset_rhs/U0/peripheral_aresetn[0]                    |
| g6+       | 14    | BUFGCE/O        | None       |           0 |               0 |   0 |           0 |    0 |    0 |   0 |  0 |    0 |   0 |       0 | main_i/seeg_0/inst/recorder/rhd_S00_AXI/rhd/result_DDR_B1[15]_i_1_n_0 |
+-----------+-------+-----------------+------------+-------------+-----------------+-----+-------------+------+------+-----+----+------+-----+---------+-----------------------------------------------------------------------+
* Clock Loads column represents cell count of net connects that connect to a clock pin. Internal cell leaf pins are not considered
** Non-Clock Loads column represents cell count of non-clock pin loads
*** Columns FF, LUTRAM, RAMB through 'Hard IP' represents load cell counts
**** In Global Id column, sympbol '+' indicates that global clock was used only to route through the clock region.


23. Clock Region Cell Placement per Global Clock: Region X2Y2
-------------------------------------------------------------

+-----------+-------+-----------------+------------+-------------+-----------------+----+-------------+------+------+-----+----+------+-----+---------+--------------------------------------+
| Global Id | Track | Driver Type/Pin | Constraint | Clock Loads | Non-Clock Loads | FF | Memory LUTs | RAMB | URAM | DSP | GT | MMCM | PLL | Hard IP | Net                                  |
+-----------+-------+-----------------+------------+-------------+-----------------+----+-------------+------+------+-----+----+------+-----+---------+--------------------------------------+
| g0        | 6     | BUFGCE/O        | None       |          10 |               0 |  0 |           0 |   10 |    0 |   0 |  0 |    0 |   0 |       0 | main_i/clk_wiz_dma/inst/clk_dma_250M |
+-----------+-------+-----------------+------------+-------------+-----------------+----+-------------+------+------+-----+----+------+-----+---------+--------------------------------------+
* Clock Loads column represents cell count of net connects that connect to a clock pin. Internal cell leaf pins are not considered
** Non-Clock Loads column represents cell count of non-clock pin loads
*** Columns FF, LUTRAM, RAMB through 'Hard IP' represents load cell counts


24. Clock Region Cell Placement per Global Clock: Region X0Y3
-------------------------------------------------------------

+-----------+-------+-----------------+------------+-------------+-----------------+------+-------------+------+------+-----+----+------+-----+---------+--------------------------------------------------------------------+
| Global Id | Track | Driver Type/Pin | Constraint | Clock Loads | Non-Clock Loads | FF   | Memory LUTs | RAMB | URAM | DSP | GT | MMCM | PLL | Hard IP | Net                                                                |
+-----------+-------+-----------------+------------+-------------+-----------------+------+-------------+------+------+-----+----+------+-----+---------+--------------------------------------------------------------------+
| g0        | 6     | BUFGCE/O        | None       |         415 |               0 |  415 |           0 |    0 |    0 |   0 |  0 |    0 |   0 |       0 | main_i/clk_wiz_dma/inst/clk_dma_250M                               |
| g1+       | 4     | BUFGCE/O        | None       |           0 |               0 |    0 |           0 |    0 |    0 |   0 |  0 |    0 |   0 |       0 | main_i/clk_wiz_0/inst/CLK_CORE_DRP_I/clk_inst/clk_rhd              |
| g2        | 8     | BUFG_PS/O       | None       |        2353 |               0 | 2353 |           0 |    0 |    0 |   0 |  0 |    0 |   0 |       0 | main_i/zynq_ultra_ps_e_0/inst/pl_clk0                              |
| g3+       | 3     | BUFGCE/O        | None       |           0 |               0 |    0 |           0 |    0 |    0 |   0 |  0 |    0 |   0 |       0 | main_i/clk_wiz_0/inst/CLK_CORE_DRP_I/clk_inst/clk_rhs              |
| g4        | 14    | BUFGCE/O        | None       |           0 |            1087 | 1087 |           0 |    0 |    0 |   0 |  0 |    0 |   0 |       0 | main_i/clk_wiz_0/inst/AXI_LITE_IPIF_I/I_SLAVE_ATTACHMENT/rst_reg_0 |
+-----------+-------+-----------------+------------+-------------+-----------------+------+-------------+------+------+-----+----+------+-----+---------+--------------------------------------------------------------------+
* Clock Loads column represents cell count of net connects that connect to a clock pin. Internal cell leaf pins are not considered
** Non-Clock Loads column represents cell count of non-clock pin loads
*** Columns FF, LUTRAM, RAMB through 'Hard IP' represents load cell counts
**** In Global Id column, sympbol '+' indicates that global clock was used only to route through the clock region.


25. Clock Region Cell Placement per Global Clock: Region X1Y3
-------------------------------------------------------------

+-----------+-------+-----------------+------------+-------------+-----------------+----+-------------+------+------+-----+----+------+-----+---------+--------------------------------------------------------------------+
| Global Id | Track | Driver Type/Pin | Constraint | Clock Loads | Non-Clock Loads | FF | Memory LUTs | RAMB | URAM | DSP | GT | MMCM | PLL | Hard IP | Net                                                                |
+-----------+-------+-----------------+------------+-------------+-----------------+----+-------------+------+------+-----+----+------+-----+---------+--------------------------------------------------------------------+
| g0+       | 6     | BUFGCE/O        | None       |           0 |               0 |  0 |           0 |    0 |    0 |   0 |  0 |    0 |   0 |       0 | main_i/clk_wiz_dma/inst/clk_dma_250M                               |
| g1+       | 4     | BUFGCE/O        | None       |           0 |               0 |  0 |           0 |    0 |    0 |   0 |  0 |    0 |   0 |       0 | main_i/clk_wiz_0/inst/CLK_CORE_DRP_I/clk_inst/clk_rhd              |
| g2        | 8     | BUFG_PS/O       | None       |          19 |               1 | 19 |           0 |    0 |    0 |   0 |  0 |    1 |   0 |       0 | main_i/zynq_ultra_ps_e_0/inst/pl_clk0                              |
| g3+       | 3     | BUFGCE/O        | None       |           0 |               0 |  0 |           0 |    0 |    0 |   0 |  0 |    0 |   0 |       0 | main_i/clk_wiz_0/inst/CLK_CORE_DRP_I/clk_inst/clk_rhs              |
| g4+       | 14    | BUFGCE/O        | None       |           0 |               0 |  0 |           0 |    0 |    0 |   0 |  0 |    0 |   0 |       0 | main_i/clk_wiz_0/inst/AXI_LITE_IPIF_I/I_SLAVE_ATTACHMENT/rst_reg_0 |
| g5+       | 2     | BUFGCE/O        | None       |           0 |               0 |  0 |           0 |    0 |    0 |   0 |  0 |    0 |   0 |       0 | main_i/proc_sys_reset_rhs/U0/peripheral_aresetn[0]                 |
+-----------+-------+-----------------+------------+-------------+-----------------+----+-------------+------+------+-----+----+------+-----+---------+--------------------------------------------------------------------+
* Clock Loads column represents cell count of net connects that connect to a clock pin. Internal cell leaf pins are not considered
** Non-Clock Loads column represents cell count of non-clock pin loads
*** Columns FF, LUTRAM, RAMB through 'Hard IP' represents load cell counts
**** In Global Id column, sympbol '+' indicates that global clock was used only to route through the clock region.


