Copyright 1986-2022 Xilinx, Inc. All Rights Reserved. Copyright 2022-2023 Advanced Micro Devices, Inc. All Rights Reserved.
---------------------------------------------------------------------------------------------------------------------------------------------
| Tool Version : Vivado v.2023.1 (lin64) Build 3865809 Sun May  7 15:04:56 MDT 2023
| Date         : Thu Jul 18 14:02:49 2024
| Host         : ug3linux running 64-bit Ubuntu 20.04.6 LTS
| Command      : report_utilization -file main_wrapper_utilization_placed.rpt -pb main_wrapper_utilization_placed.pb
| Design       : main_wrapper
| Device       : xck26-sfvc784-2LV-c
| Speed File   : -2LV
| Design State : Fully Placed
---------------------------------------------------------------------------------------------------------------------------------------------

Utilization Design Information

Table of Contents
-----------------
1. CLB Logic
1.1 Summary of Registers by Type
2. CLB Logic Distribution
3. BLOCKRAM
4. ARITHMETIC
5. I/O
6. CLOCK
7. ADVANCED
8. CONFIGURATION
9. Primitives
10. Black Boxes
11. Instantiated Netlists

1. CLB Logic
------------

+----------------------------+-------+-------+------------+-----------+-------+
|          Site Type         |  Used | Fixed | Prohibited | Available | Util% |
+----------------------------+-------+-------+------------+-----------+-------+
| CLB LUTs                   | 16183 |     0 |          0 |    117120 | 13.82 |
|   LUT as Logic             | 15160 |     0 |          0 |    117120 | 12.94 |
|   LUT as Memory            |  1023 |     0 |          0 |     57600 |  1.78 |
|     LUT as Distributed RAM |   864 |     0 |            |           |       |
|     LUT as Shift Register  |   159 |     0 |            |           |       |
| CLB Registers              | 20749 |     0 |          0 |    234240 |  8.86 |
|   Register as Flip Flop    | 20749 |     0 |          0 |    234240 |  8.86 |
|   Register as Latch        |     0 |     0 |          0 |    234240 |  0.00 |
| CARRY8                     |    50 |     0 |          0 |     14640 |  0.34 |
| F7 Muxes                   |   340 |     0 |          0 |     58560 |  0.58 |
| F8 Muxes                   |    20 |     0 |          0 |     29280 |  0.07 |
| F9 Muxes                   |     0 |     0 |          0 |     14640 |  0.00 |
+----------------------------+-------+-------+------------+-----------+-------+
* Warning! LUT value is adjusted to account for LUT combining.


1.1 Summary of Registers by Type
--------------------------------

+-------+--------------+-------------+--------------+
| Total | Clock Enable | Synchronous | Asynchronous |
+-------+--------------+-------------+--------------+
| 0     |            _ |           - |            - |
| 0     |            _ |           - |          Set |
| 0     |            _ |           - |        Reset |
| 0     |            _ |         Set |            - |
| 0     |            _ |       Reset |            - |
| 0     |          Yes |           - |            - |
| 0     |          Yes |           - |          Set |
| 297   |          Yes |           - |        Reset |
| 653   |          Yes |         Set |            - |
| 19799 |          Yes |       Reset |            - |
+-------+--------------+-------------+--------------+


2. CLB Logic Distribution
-------------------------

+--------------------------------------------+-------+-------+------------+-----------+-------+
|                  Site Type                 |  Used | Fixed | Prohibited | Available | Util% |
+--------------------------------------------+-------+-------+------------+-----------+-------+
| CLB                                        |  3494 |     0 |          0 |     14640 | 23.87 |
|   CLBL                                     |  1475 |     0 |            |           |       |
|   CLBM                                     |  2019 |     0 |            |           |       |
| LUT as Logic                               | 15160 |     0 |          0 |    117120 | 12.94 |
|   using O5 output only                     |   372 |       |            |           |       |
|   using O6 output only                     | 11733 |       |            |           |       |
|   using O5 and O6                          |  3055 |       |            |           |       |
| LUT as Memory                              |  1023 |     0 |          0 |     57600 |  1.78 |
|   LUT as Distributed RAM                   |   864 |     0 |            |           |       |
|     using O5 output only                   |     0 |       |            |           |       |
|     using O6 output only                   |     4 |       |            |           |       |
|     using O5 and O6                        |   860 |       |            |           |       |
|   LUT as Shift Register                    |   159 |     0 |            |           |       |
|     using O5 output only                   |     0 |       |            |           |       |
|     using O6 output only                   |    95 |       |            |           |       |
|     using O5 and O6                        |    64 |       |            |           |       |
| CLB Registers                              | 20749 |     0 |          0 |    234240 |  8.86 |
|   Register driven from within the CLB      | 11344 |       |            |           |       |
|   Register driven from outside the CLB     |  9405 |       |            |           |       |
|     LUT in front of the register is unused |  6599 |       |            |           |       |
|     LUT in front of the register is used   |  2806 |       |            |           |       |
| Unique Control Sets                        |  1058 |       |          0 |     29280 |  3.61 |
+--------------------------------------------+-------+-------+------------+-----------+-------+
* * Note: Available Control Sets calculated as Slices * 2, Review the Control Sets Report for more information regarding control sets.


3. BLOCKRAM
-----------

+-------------------+------+-------+------------+-----------+-------+
|     Site Type     | Used | Fixed | Prohibited | Available | Util% |
+-------------------+------+-------+------------+-----------+-------+
| Block RAM Tile    |   23 |     0 |          0 |       144 | 15.97 |
|   RAMB36/FIFO*    |   22 |     0 |          0 |       144 | 15.28 |
|     FIFO36E2 only |    4 |       |            |           |       |
|     RAMB36E2 only |   18 |       |            |           |       |
|   RAMB18          |    2 |     0 |          0 |       288 |  0.69 |
|     RAMB18E2 only |    2 |       |            |           |       |
| URAM              |    0 |     0 |          0 |        64 |  0.00 |
+-------------------+------+-------+------------+-----------+-------+
* Note: Each Block RAM Tile only has one FIFO logic available and therefore can accommodate only one FIFO36E2 or one FIFO18E2. However, if a FIFO18E2 occupies a Block RAM Tile, that tile can still accommodate a RAMB18E2


4. ARITHMETIC
-------------

+-----------+------+-------+------------+-----------+-------+
| Site Type | Used | Fixed | Prohibited | Available | Util% |
+-----------+------+-------+------------+-----------+-------+
| DSPs      |    0 |     0 |          0 |      1248 |  0.00 |
+-----------+------+-------+------------+-----------+-------+


5. I/O
------

+------------------+------+-------+------------+-----------+-------+
|     Site Type    | Used | Fixed | Prohibited | Available | Util% |
+------------------+------+-------+------------+-----------+-------+
| Bonded IOB       |  101 |   101 |          0 |       189 | 53.44 |
| HPIOB_M          |   32 |    32 |          0 |        58 | 55.17 |
|   INPUT          |   24 |       |            |           |       |
|   OUTPUT         |    8 |       |            |           |       |
|   BIDIR          |    0 |       |            |           |       |
| HPIOB_S          |   32 |    32 |          0 |        58 | 55.17 |
|   INPUT          |   24 |       |            |           |       |
|   OUTPUT         |    8 |       |            |           |       |
|   BIDIR          |    0 |       |            |           |       |
| HDIOB_M          |   19 |    19 |          0 |        35 | 54.29 |
|   INPUT          |   11 |       |            |           |       |
|   OUTPUT         |    8 |       |            |           |       |
|   BIDIR          |    0 |       |            |           |       |
| HDIOB_S          |   18 |    18 |          0 |        35 | 51.43 |
|   INPUT          |   13 |       |            |           |       |
|   OUTPUT         |    5 |       |            |           |       |
|   BIDIR          |    0 |       |            |           |       |
| HPIOB_SNGL       |    0 |     0 |          0 |         3 |  0.00 |
| HPIOBDIFFINBUF   |   24 |    24 |          0 |        82 | 29.27 |
|   DIFFINBUF      |   24 |    24 |            |           |       |
| HPIOBDIFFOUTBUF  |    8 |     8 |          0 |        82 |  9.76 |
|   OBUFDS         |    8 |     8 |            |           |       |
| HDIOBDIFFINBUF   |    0 |     0 |          0 |        35 |  0.00 |
| BITSLICE_CONTROL |    0 |     0 |          0 |        32 |  0.00 |
| BITSLICE_RX_TX   |    0 |     0 |          0 |      1248 |  0.00 |
| BITSLICE_TX      |    0 |     0 |          0 |        32 |  0.00 |
| RIU_OR           |    0 |     0 |          0 |        16 |  0.00 |
+------------------+------+-------+------------+-----------+-------+


6. CLOCK
--------

+----------------------+------+-------+------------+-----------+-------+
|       Site Type      | Used | Fixed | Prohibited | Available | Util% |
+----------------------+------+-------+------------+-----------+-------+
| GLOBAL CLOCK BUFFERs |    7 |     0 |          0 |       352 |  1.99 |
|   BUFGCE             |    6 |     0 |          0 |       112 |  5.36 |
|   BUFGCE_DIV         |    0 |     0 |          0 |        16 |  0.00 |
|   BUFG_GT            |    0 |     0 |          0 |        96 |  0.00 |
|   BUFG_PS            |    1 |     0 |          0 |        96 |  1.04 |
|   BUFGCTRL*          |    0 |     0 |          0 |        32 |  0.00 |
| PLL                  |    0 |     0 |          0 |         8 |  0.00 |
| MMCM                 |    2 |     0 |          0 |         4 | 50.00 |
+----------------------+------+-------+------------+-----------+-------+
* Note: Each used BUFGCTRL counts as two GLOBAL CLOCK BUFFERs. This table does not include global clocking resources, only buffer cell usage. See the Clock Utilization Report (report_clock_utilization) for detailed accounting of global clocking resource availability.


7. ADVANCED
-----------

+-----------------+------+-------+------------+-----------+--------+
|    Site Type    | Used | Fixed | Prohibited | Available |  Util% |
+-----------------+------+-------+------------+-----------+--------+
| GTHE4_CHANNEL   |    0 |     0 |          0 |         4 |   0.00 |
| GTHE4_COMMON    |    0 |     0 |          0 |         1 |   0.00 |
| OBUFDS_GTE4     |    0 |     0 |          0 |         2 |   0.00 |
| OBUFDS_GTE4_ADV |    0 |     0 |          0 |         2 |   0.00 |
| PCIE40E4        |    0 |     0 |          0 |         2 |   0.00 |
| PS8             |    1 |     0 |          0 |         1 | 100.00 |
| SYSMONE4        |    0 |     0 |          0 |         1 |   0.00 |
| VCU             |    0 |     0 |          0 |         1 |   0.00 |
+-----------------+------+-------+------------+-----------+--------+


8. CONFIGURATION
----------------

+-------------+------+-------+------------+-----------+-------+
|  Site Type  | Used | Fixed | Prohibited | Available | Util% |
+-------------+------+-------+------------+-----------+-------+
| BSCANE2     |    0 |     0 |          0 |         4 |  0.00 |
| DNA_PORTE2  |    0 |     0 |          0 |         1 |  0.00 |
| EFUSE_USR   |    0 |     0 |          0 |         1 |  0.00 |
| FRAME_ECCE4 |    0 |     0 |          0 |         1 |  0.00 |
| ICAPE3      |    0 |     0 |          0 |         2 |  0.00 |
| MASTER_JTAG |    0 |     0 |          0 |         1 |  0.00 |
| STARTUPE3   |    0 |     0 |          0 |         1 |  0.00 |
+-------------+------+-------+------------+-----------+-------+


9. Primitives
-------------

+------------+-------+---------------------+
|  Ref Name  |  Used | Functional Category |
+------------+-------+---------------------+
| FDRE       | 19799 |            Register |
| LUT6       |  8907 |                 CLB |
| LUT3       |  2972 |                 CLB |
| LUT5       |  2385 |                 CLB |
| LUT4       |  2330 |                 CLB |
| RAMD32     |  1504 |                 CLB |
| LUT2       |  1161 |                 CLB |
| FDSE       |   653 |            Register |
| LUT1       |   460 |                 CLB |
| MUXF7      |   340 |                 CLB |
| FDCE       |   297 |            Register |
| SRL16E     |   223 |                 CLB |
| RAMS32     |   220 |                 CLB |
| CARRY8     |    50 |                 CLB |
| IBUFCTRL   |    48 |              Others |
| INBUF      |    24 |                 I/O |
| DIFFINBUF  |    24 |                 I/O |
| MUXF8      |    20 |                 CLB |
| RAMB36E2   |    18 |            BLOCKRAM |
| OBUF       |    13 |                 I/O |
| OBUFDS     |     8 |                 I/O |
| BUFGCE     |     6 |               Clock |
| FIFO36E2   |     4 |            BLOCKRAM |
| RAMB18E2   |     2 |            BLOCKRAM |
| MMCME4_ADV |     2 |               Clock |
| PS8        |     1 |            Advanced |
| BUFG_PS    |     1 |               Clock |
+------------+-------+---------------------+


10. Black Boxes
---------------

+----------+------+
| Ref Name | Used |
+----------+------+


11. Instantiated Netlists
-------------------------

+--------------------------+------+
|         Ref Name         | Used |
+--------------------------+------+
| main_zynq_ultra_ps_e_0_0 |    1 |
| main_smartconnect_0_2    |    1 |
| main_smartconnect_0_1    |    1 |
| main_smartconnect_0_0    |    1 |
| main_seeg_0_0            |    1 |
| main_proc_sys_reset_0_3  |    1 |
| main_proc_sys_reset_0_2  |    1 |
| main_proc_sys_reset_0_1  |    1 |
| main_proc_sys_reset_0_0  |    1 |
| main_clk_wiz_1_0         |    1 |
| main_clk_wiz_0_0         |    1 |
| main_axi_dma_0_0         |    1 |
| axis_data_fifo_0         |    1 |
+--------------------------+------+


