
*** Running vivado
    with args -log xpm_cdc_1bit_xpm_cdc_0_0.vds -m64 -product Vivado -mode batch -messageDb vivado.pb -notrace -source xpm_cdc_1bit_xpm_cdc_0_0.tcl


****** Vivado v2023.1 (64-bit)
  **** SW Build 3865809 on Sun May  7 15:04:56 MDT 2023
  **** IP Build 3864474 on Sun May  7 20:36:21 MDT 2023
  **** SharedData Build 3865790 on Sun May 07 13:33:03 MDT 2023
    ** Copyright 1986-2022 Xilinx, Inc. All Rights Reserved.
    ** Copyright 2022-2023 Advanced Micro Devices, Inc. All Rights Reserved.

source xpm_cdc_1bit_xpm_cdc_0_0.tcl -notrace
create_project: Time (s): cpu = 00:00:06 ; elapsed = 00:00:06 . Memory (MB): peak = 1270.723 ; gain = 62.047 ; free physical = 274 ; free virtual = 50970
Command: synth_design -top xpm_cdc_1bit_xpm_cdc_0_0 -part xck26-sfvc784-2LV-c -incremental_mode off -mode out_of_context
Starting synth_design
Attempting to get a license for feature 'Synthesis' and/or device 'xck26'
INFO: [Common 17-349] Got license for feature 'Synthesis' and/or device 'xck26'
INFO: [Device 21-403] Loading part xck26-sfvc784-2LV-c
INFO: [Synth 8-7079] Multithreading enabled for synth_design using a maximum of 4 processes.
INFO: [Synth 8-7078] Launching helper process for spawning children vivado processes
INFO: [Synth 8-7075] Helper process launched with PID 1743595
---------------------------------------------------------------------------------
Starting RTL Elaboration : Time (s): cpu = 00:00:03 ; elapsed = 00:00:06 . Memory (MB): peak = 2504.156 ; gain = 258.832 ; free physical = 1256 ; free virtual = 34057
---------------------------------------------------------------------------------
INFO: [Synth 8-6157] synthesizing module 'xpm_cdc_1bit_xpm_cdc_0_0' [/media/ug3linux/UG3/firmware/UG3-HeadWornUnit-V2-Firmware/seeg/seeg.gen/sources_1/bd/xpm_cdc_1bit/ip/xpm_cdc_1bit_xpm_cdc_0_0/synth/xpm_cdc_1bit_xpm_cdc_0_0.v:53]
INFO: [Synth 8-6157] synthesizing module 'xpm_cdc_gen_v1_0_2' [/media/ug3linux/UG3/firmware/UG3-HeadWornUnit-V2-Firmware/seeg/seeg.gen/sources_1/bd/xpm_cdc_1bit/ipshared/c636/hdl/xpm_cdc_gen_v1_0_vl_rfs.v:52]
INFO: [Synth 8-6157] synthesizing module 'xpm_cdc_single' [/tools/Xilinx/Vivado/2023.1/data/ip/xpm/xpm_cdc/hdl/xpm_cdc.sv:152]
INFO: [Synth 8-6155] done synthesizing module 'xpm_cdc_single' (0#1) [/tools/Xilinx/Vivado/2023.1/data/ip/xpm/xpm_cdc/hdl/xpm_cdc.sv:152]
INFO: [Synth 8-6155] done synthesizing module 'xpm_cdc_gen_v1_0_2' (0#1) [/media/ug3linux/UG3/firmware/UG3-HeadWornUnit-V2-Firmware/seeg/seeg.gen/sources_1/bd/xpm_cdc_1bit/ipshared/c636/hdl/xpm_cdc_gen_v1_0_vl_rfs.v:52]
INFO: [Synth 8-6155] done synthesizing module 'xpm_cdc_1bit_xpm_cdc_0_0' (0#1) [/media/ug3linux/UG3/firmware/UG3-HeadWornUnit-V2-Firmware/seeg/seeg.gen/sources_1/bd/xpm_cdc_1bit/ip/xpm_cdc_1bit_xpm_cdc_0_0/synth/xpm_cdc_1bit_xpm_cdc_0_0.v:53]
WARNING: [Synth 8-3848] Net dest_out_bin in module/entity xpm_cdc_gen_v1_0_2 does not have driver. [/media/ug3linux/UG3/firmware/UG3-HeadWornUnit-V2-Firmware/seeg/seeg.gen/sources_1/bd/xpm_cdc_1bit/ipshared/c636/hdl/xpm_cdc_gen_v1_0_vl_rfs.v:85]
WARNING: [Synth 8-3848] Net src_rcv in module/entity xpm_cdc_gen_v1_0_2 does not have driver. [/media/ug3linux/UG3/firmware/UG3-HeadWornUnit-V2-Firmware/seeg/seeg.gen/sources_1/bd/xpm_cdc_1bit/ipshared/c636/hdl/xpm_cdc_gen_v1_0_vl_rfs.v:86]
WARNING: [Synth 8-3848] Net dest_req in module/entity xpm_cdc_gen_v1_0_2 does not have driver. [/media/ug3linux/UG3/firmware/UG3-HeadWornUnit-V2-Firmware/seeg/seeg.gen/sources_1/bd/xpm_cdc_1bit/ipshared/c636/hdl/xpm_cdc_gen_v1_0_vl_rfs.v:87]
WARNING: [Synth 8-3848] Net dest_pulse in module/entity xpm_cdc_gen_v1_0_2 does not have driver. [/media/ug3linux/UG3/firmware/UG3-HeadWornUnit-V2-Firmware/seeg/seeg.gen/sources_1/bd/xpm_cdc_1bit/ipshared/c636/hdl/xpm_cdc_gen_v1_0_vl_rfs.v:88]
WARNING: [Synth 8-3848] Net dest_rst_out in module/entity xpm_cdc_gen_v1_0_2 does not have driver. [/media/ug3linux/UG3/firmware/UG3-HeadWornUnit-V2-Firmware/seeg/seeg.gen/sources_1/bd/xpm_cdc_1bit/ipshared/c636/hdl/xpm_cdc_gen_v1_0_vl_rfs.v:89]
WARNING: [Synth 8-3848] Net dest_arst in module/entity xpm_cdc_gen_v1_0_2 does not have driver. [/media/ug3linux/UG3/firmware/UG3-HeadWornUnit-V2-Firmware/seeg/seeg.gen/sources_1/bd/xpm_cdc_1bit/ipshared/c636/hdl/xpm_cdc_gen_v1_0_vl_rfs.v:90]
WARNING: [Synth 8-7129] Port dest_out_bin[0] in module xpm_cdc_gen_v1_0_2 is either unconnected or has no load
WARNING: [Synth 8-7129] Port src_rcv in module xpm_cdc_gen_v1_0_2 is either unconnected or has no load
WARNING: [Synth 8-7129] Port dest_req in module xpm_cdc_gen_v1_0_2 is either unconnected or has no load
WARNING: [Synth 8-7129] Port dest_pulse in module xpm_cdc_gen_v1_0_2 is either unconnected or has no load
WARNING: [Synth 8-7129] Port dest_rst_out in module xpm_cdc_gen_v1_0_2 is either unconnected or has no load
WARNING: [Synth 8-7129] Port dest_arst in module xpm_cdc_gen_v1_0_2 is either unconnected or has no load
WARNING: [Synth 8-7129] Port src_in_bin[0] in module xpm_cdc_gen_v1_0_2 is either unconnected or has no load
WARNING: [Synth 8-7129] Port src_send in module xpm_cdc_gen_v1_0_2 is either unconnected or has no load
WARNING: [Synth 8-7129] Port dest_ack in module xpm_cdc_gen_v1_0_2 is either unconnected or has no load
WARNING: [Synth 8-7129] Port src_pulse in module xpm_cdc_gen_v1_0_2 is either unconnected or has no load
WARNING: [Synth 8-7129] Port src_rst in module xpm_cdc_gen_v1_0_2 is either unconnected or has no load
WARNING: [Synth 8-7129] Port dest_rst_in in module xpm_cdc_gen_v1_0_2 is either unconnected or has no load
WARNING: [Synth 8-7129] Port src_arst in module xpm_cdc_gen_v1_0_2 is either unconnected or has no load
---------------------------------------------------------------------------------
Finished RTL Elaboration : Time (s): cpu = 00:00:04 ; elapsed = 00:00:07 . Memory (MB): peak = 2573.062 ; gain = 327.738 ; free physical = 231 ; free virtual = 33063
---------------------------------------------------------------------------------
---------------------------------------------------------------------------------
Start Handling Custom Attributes
---------------------------------------------------------------------------------
---------------------------------------------------------------------------------
Finished Handling Custom Attributes : Time (s): cpu = 00:00:04 ; elapsed = 00:00:07 . Memory (MB): peak = 2579.000 ; gain = 333.676 ; free physical = 264 ; free virtual = 33057
---------------------------------------------------------------------------------
---------------------------------------------------------------------------------
Finished RTL Optimization Phase 1 : Time (s): cpu = 00:00:04 ; elapsed = 00:00:07 . Memory (MB): peak = 2579.000 ; gain = 333.676 ; free physical = 264 ; free virtual = 33057
---------------------------------------------------------------------------------
Netlist sorting complete. Time (s): cpu = 00:00:00 ; elapsed = 00:00:00 . Memory (MB): peak = 2579.000 ; gain = 0.000 ; free physical = 263 ; free virtual = 33056
INFO: [Project 1-570] Preparing netlist for logic optimization

Processing XDC Constraints
Initializing timing engine
Parsing XDC File [/media/ug3linux/UG3/firmware/UG3-HeadWornUnit-V2-Firmware/seeg/seeg.gen/sources_1/bd/xpm_cdc_1bit/ip/xpm_cdc_1bit_xpm_cdc_0_0/synth/xpm_cdc_1bit_xpm_cdc_0_0_ooc.xdc] for cell 'inst'
Finished Parsing XDC File [/media/ug3linux/UG3/firmware/UG3-HeadWornUnit-V2-Firmware/seeg/seeg.gen/sources_1/bd/xpm_cdc_1bit/ip/xpm_cdc_1bit_xpm_cdc_0_0/synth/xpm_cdc_1bit_xpm_cdc_0_0_ooc.xdc] for cell 'inst'
Parsing XDC File [/media/ug3linux/UG3/firmware/UG3-HeadWornUnit-V2-Firmware/seeg/seeg.runs/xpm_cdc_1bit_xpm_cdc_0_0_synth_1/dont_touch.xdc]
Finished Parsing XDC File [/media/ug3linux/UG3/firmware/UG3-HeadWornUnit-V2-Firmware/seeg/seeg.runs/xpm_cdc_1bit_xpm_cdc_0_0_synth_1/dont_touch.xdc]
INFO: [Project 1-236] Implementation specific constraints were found while reading constraint file [/tools/Xilinx/Vivado/2023.1/data/ip/xpm/xpm_cdc/tcl/xpm_cdc_single.tcl]. These constraints will be ignored for synthesis but will be used in implementation. Impacted constraints are listed in the file [.Xil/xpm_cdc_1bit_xpm_cdc_0_0_propImpl.xdc].
Resolution: To avoid this warning, move constraints listed in [.Xil/xpm_cdc_1bit_xpm_cdc_0_0_propImpl.xdc] to another XDC file and exclude this new file from synthesis with the used_in_synthesis property (File Properties dialog in GUI) and re-run elaboration/synthesis.
INFO: [Project 1-1714] 1 XPM XDC files have been applied to the design.
Completed Processing XDC Constraints

Netlist sorting complete. Time (s): cpu = 00:00:00 ; elapsed = 00:00:00 . Memory (MB): peak = 2653.633 ; gain = 0.000 ; free physical = 268 ; free virtual = 32805
INFO: [Project 1-111] Unisim Transformation Summary:
No Unisim elements were transformed.

Constraint Validation Runtime : Time (s): cpu = 00:00:00.01 ; elapsed = 00:00:00.01 . Memory (MB): peak = 2653.633 ; gain = 0.000 ; free physical = 267 ; free virtual = 32803
INFO: [Designutils 20-5008] Incremental synthesis strategy off
---------------------------------------------------------------------------------
Finished Constraint Validation : Time (s): cpu = 00:00:09 ; elapsed = 00:00:12 . Memory (MB): peak = 2653.633 ; gain = 408.309 ; free physical = 256 ; free virtual = 32273
---------------------------------------------------------------------------------
---------------------------------------------------------------------------------
Start Loading Part and Timing Information
---------------------------------------------------------------------------------
Loading part: xck26-sfvc784-2LV-c
INFO: [Synth 8-6742] Reading net delay rules and data
---------------------------------------------------------------------------------
Finished Loading Part and Timing Information : Time (s): cpu = 00:00:09 ; elapsed = 00:00:12 . Memory (MB): peak = 2653.633 ; gain = 408.309 ; free physical = 255 ; free virtual = 32272
---------------------------------------------------------------------------------
---------------------------------------------------------------------------------
Start Applying 'set_property' XDC Constraints
---------------------------------------------------------------------------------
Applied set_property KEEP_HIERARCHY = SOFT for inst. (constraint file  /media/ug3linux/UG3/firmware/UG3-HeadWornUnit-V2-Firmware/seeg/seeg.runs/xpm_cdc_1bit_xpm_cdc_0_0_synth_1/dont_touch.xdc, line 9).
Applied set_property KEEP_HIERARCHY = SOFT for inst/xsingle. (constraint file  auto generated constraint).
---------------------------------------------------------------------------------
Finished applying 'set_property' XDC Constraints : Time (s): cpu = 00:00:09 ; elapsed = 00:00:12 . Memory (MB): peak = 2653.633 ; gain = 408.309 ; free physical = 254 ; free virtual = 32273
---------------------------------------------------------------------------------
---------------------------------------------------------------------------------
Finished RTL Optimization Phase 2 : Time (s): cpu = 00:00:09 ; elapsed = 00:00:12 . Memory (MB): peak = 2653.633 ; gain = 408.309 ; free physical = 278 ; free virtual = 32269
---------------------------------------------------------------------------------
---------------------------------------------------------------------------------
Start RTL Component Statistics 
---------------------------------------------------------------------------------
Detailed RTL Component Info : 
+---Registers : 
	                4 Bit    Registers := 1     
	                1 Bit    Registers := 1     
---------------------------------------------------------------------------------
Finished RTL Component Statistics 
---------------------------------------------------------------------------------
---------------------------------------------------------------------------------
Start Part Resource Summary
---------------------------------------------------------------------------------
Part Resources:
DSPs: 1248 (col length:96)
BRAMs: 288 (col length: RAMB18 96 RAMB36 48)
---------------------------------------------------------------------------------
Finished Part Resource Summary
---------------------------------------------------------------------------------
---------------------------------------------------------------------------------
Start Cross Boundary and Area Optimization
---------------------------------------------------------------------------------
WARNING: [Synth 8-7080] Parallel synthesis criteria is not met
WARNING: [Synth 8-7129] Port dest_out_bin[0] in module xpm_cdc_gen_v1_0_2 is either unconnected or has no load
WARNING: [Synth 8-7129] Port src_rcv in module xpm_cdc_gen_v1_0_2 is either unconnected or has no load
WARNING: [Synth 8-7129] Port dest_req in module xpm_cdc_gen_v1_0_2 is either unconnected or has no load
WARNING: [Synth 8-7129] Port dest_pulse in module xpm_cdc_gen_v1_0_2 is either unconnected or has no load
WARNING: [Synth 8-7129] Port dest_rst_out in module xpm_cdc_gen_v1_0_2 is either unconnected or has no load
WARNING: [Synth 8-7129] Port dest_arst in module xpm_cdc_gen_v1_0_2 is either unconnected or has no load
WARNING: [Synth 8-7129] Port src_in_bin[0] in module xpm_cdc_gen_v1_0_2 is either unconnected or has no load
WARNING: [Synth 8-7129] Port src_send in module xpm_cdc_gen_v1_0_2 is either unconnected or has no load
WARNING: [Synth 8-7129] Port dest_ack in module xpm_cdc_gen_v1_0_2 is either unconnected or has no load
WARNING: [Synth 8-7129] Port src_pulse in module xpm_cdc_gen_v1_0_2 is either unconnected or has no load
WARNING: [Synth 8-7129] Port src_rst in module xpm_cdc_gen_v1_0_2 is either unconnected or has no load
WARNING: [Synth 8-7129] Port dest_rst_in in module xpm_cdc_gen_v1_0_2 is either unconnected or has no load
WARNING: [Synth 8-7129] Port src_arst in module xpm_cdc_gen_v1_0_2 is either unconnected or has no load
---------------------------------------------------------------------------------
Finished Cross Boundary and Area Optimization : Time (s): cpu = 00:00:10 ; elapsed = 00:00:13 . Memory (MB): peak = 2653.633 ; gain = 408.309 ; free physical = 271 ; free virtual = 32235
---------------------------------------------------------------------------------
---------------------------------------------------------------------------------
Start Applying XDC Timing Constraints
---------------------------------------------------------------------------------
---------------------------------------------------------------------------------
Finished Applying XDC Timing Constraints : Time (s): cpu = 00:00:18 ; elapsed = 00:00:23 . Memory (MB): peak = 3125.125 ; gain = 879.801 ; free physical = 266 ; free virtual = 30896
---------------------------------------------------------------------------------
---------------------------------------------------------------------------------
Start Timing Optimization
---------------------------------------------------------------------------------
---------------------------------------------------------------------------------
Finished Timing Optimization : Time (s): cpu = 00:00:18 ; elapsed = 00:00:23 . Memory (MB): peak = 3125.125 ; gain = 879.801 ; free physical = 265 ; free virtual = 30895
---------------------------------------------------------------------------------
---------------------------------------------------------------------------------
Start Technology Mapping
---------------------------------------------------------------------------------
---------------------------------------------------------------------------------
Finished Technology Mapping : Time (s): cpu = 00:00:18 ; elapsed = 00:00:23 . Memory (MB): peak = 3135.141 ; gain = 889.816 ; free physical = 249 ; free virtual = 30878
---------------------------------------------------------------------------------
---------------------------------------------------------------------------------
Start IO Insertion
---------------------------------------------------------------------------------
---------------------------------------------------------------------------------
Start Flattening Before IO Insertion
---------------------------------------------------------------------------------
---------------------------------------------------------------------------------
Finished Flattening Before IO Insertion
---------------------------------------------------------------------------------
---------------------------------------------------------------------------------
Start Final Netlist Cleanup
---------------------------------------------------------------------------------
---------------------------------------------------------------------------------
Finished Final Netlist Cleanup
---------------------------------------------------------------------------------
---------------------------------------------------------------------------------
Finished IO Insertion : Time (s): cpu = 00:00:21 ; elapsed = 00:00:26 . Memory (MB): peak = 3150.984 ; gain = 905.660 ; free physical = 260 ; free virtual = 29994
---------------------------------------------------------------------------------
---------------------------------------------------------------------------------
Start Renaming Generated Instances
---------------------------------------------------------------------------------
---------------------------------------------------------------------------------
Finished Renaming Generated Instances : Time (s): cpu = 00:00:21 ; elapsed = 00:00:26 . Memory (MB): peak = 3150.984 ; gain = 905.660 ; free physical = 259 ; free virtual = 29994
---------------------------------------------------------------------------------
---------------------------------------------------------------------------------
Start Rebuilding User Hierarchy
---------------------------------------------------------------------------------
---------------------------------------------------------------------------------
Finished Rebuilding User Hierarchy : Time (s): cpu = 00:00:21 ; elapsed = 00:00:26 . Memory (MB): peak = 3150.984 ; gain = 905.660 ; free physical = 262 ; free virtual = 29993
---------------------------------------------------------------------------------
---------------------------------------------------------------------------------
Start Renaming Generated Ports
---------------------------------------------------------------------------------
---------------------------------------------------------------------------------
Finished Renaming Generated Ports : Time (s): cpu = 00:00:21 ; elapsed = 00:00:26 . Memory (MB): peak = 3150.984 ; gain = 905.660 ; free physical = 265 ; free virtual = 29993
---------------------------------------------------------------------------------
---------------------------------------------------------------------------------
Start Handling Custom Attributes
---------------------------------------------------------------------------------
---------------------------------------------------------------------------------
Finished Handling Custom Attributes : Time (s): cpu = 00:00:21 ; elapsed = 00:00:26 . Memory (MB): peak = 3150.984 ; gain = 905.660 ; free physical = 268 ; free virtual = 29993
---------------------------------------------------------------------------------
---------------------------------------------------------------------------------
Start Renaming Generated Nets
---------------------------------------------------------------------------------
---------------------------------------------------------------------------------
Finished Renaming Generated Nets : Time (s): cpu = 00:00:21 ; elapsed = 00:00:26 . Memory (MB): peak = 3150.984 ; gain = 905.660 ; free physical = 269 ; free virtual = 29992
---------------------------------------------------------------------------------
---------------------------------------------------------------------------------
Start Writing Synthesis Report
---------------------------------------------------------------------------------

Report BlackBoxes: 
+-+--------------+----------+
| |BlackBox name |Instances |
+-+--------------+----------+
+-+--------------+----------+

Report Cell Usage: 
+------+-----+------+
|      |Cell |Count |
+------+-----+------+
|1     |FDRE |     5|
+------+-----+------+
---------------------------------------------------------------------------------
Finished Writing Synthesis Report : Time (s): cpu = 00:00:21 ; elapsed = 00:00:26 . Memory (MB): peak = 3150.984 ; gain = 905.660 ; free physical = 295 ; free virtual = 29987
---------------------------------------------------------------------------------
Synthesis finished with 0 errors, 0 critical warnings and 14 warnings.
Synthesis Optimization Runtime : Time (s): cpu = 00:00:20 ; elapsed = 00:00:25 . Memory (MB): peak = 3150.984 ; gain = 831.027 ; free physical = 373 ; free virtual = 29980
Synthesis Optimization Complete : Time (s): cpu = 00:00:21 ; elapsed = 00:00:26 . Memory (MB): peak = 3150.992 ; gain = 905.660 ; free physical = 371 ; free virtual = 29977
INFO: [Project 1-571] Translating synthesized netlist
Netlist sorting complete. Time (s): cpu = 00:00:00 ; elapsed = 00:00:00 . Memory (MB): peak = 3161.953 ; gain = 0.000 ; free physical = 516 ; free virtual = 30117
INFO: [Project 1-570] Preparing netlist for logic optimization
INFO: [Opt 31-138] Pushed 0 inverter(s) to 0 load pin(s).
Netlist sorting complete. Time (s): cpu = 00:00:00 ; elapsed = 00:00:00 . Memory (MB): peak = 3183.766 ; gain = 0.000 ; free physical = 231 ; free virtual = 29840
INFO: [Project 1-111] Unisim Transformation Summary:
No Unisim elements were transformed.

Synth Design complete | Checksum: 246172cd
INFO: [Common 17-83] Releasing license: Synthesis
22 Infos, 33 Warnings, 0 Critical Warnings and 0 Errors encountered.
synth_design completed successfully
synth_design: Time (s): cpu = 00:00:28 ; elapsed = 00:00:32 . Memory (MB): peak = 3183.766 ; gain = 1856.566 ; free physical = 250 ; free virtual = 29805
INFO: [Common 17-2834] synth_design peak Physical Memory [PSS] (MB): overall = 2140.322; main = 2140.322; forked = 263.128
INFO: [Common 17-2834] synth_design peak Virtual Memory [VSS] (MB): overall = 3771.750; main = 3183.770; forked = 959.840
INFO: [Coretcl 2-1174] Renamed 2 cell refs.
INFO: [Common 17-1381] The checkpoint '/media/ug3linux/UG3/firmware/UG3-HeadWornUnit-V2-Firmware/seeg/seeg.runs/xpm_cdc_1bit_xpm_cdc_0_0_synth_1/xpm_cdc_1bit_xpm_cdc_0_0.dcp' has been generated.
INFO: [runtcl-4] Executing : report_utilization -file xpm_cdc_1bit_xpm_cdc_0_0_utilization_synth.rpt -pb xpm_cdc_1bit_xpm_cdc_0_0_utilization_synth.pb
INFO: [Common 17-206] Exiting Vivado at Fri Jul 19 09:58:30 2024...
