
*** Running vivado
    with args -log main_wrapper.vds -m64 -product Vivado -mode batch -messageDb vivado.pb -notrace -source main_wrapper.tcl


ECHO is off.
ECHO is off.

****** Vivado v2023.1 (64-bit)
  **** SW Build 3865809 on Sun May  7 15:05:29 MDT 2023
  **** IP Build 3864474 on Sun May  7 20:36:21 MDT 2023
  **** SharedData Build 3865790 on Sun May 07 13:33:03 MDT 2023
    ** Copyright 1986-2022 Xilinx, Inc. All Rights Reserved.
    ** Copyright 2022-2023 Advanced Micro Devices, Inc. All Rights Reserved.

source main_wrapper.tcl -notrace
create_project: Time (s): cpu = 00:00:05 ; elapsed = 00:00:06 . Memory (MB): peak = 455.840 ; gain = 161.062
INFO: [IP_Flow 19-234] Refreshing IP repositories
INFO: [IP_Flow 19-1704] No user IP repositories specified
INFO: [IP_Flow 19-2313] Loaded Vivado IP repository 'C:/Xilinx/Vivado/2023.1/data/ip'.
add_files: Time (s): cpu = 00:00:08 ; elapsed = 00:00:11 . Memory (MB): peak = 537.324 ; gain = 81.484
Command: read_checkpoint -auto_incremental -incremental C:/UG3-HeadWornUnit-V2-Firmware/seeg/seeg.srcs/utils_1/imports/synth_1/rhd_axi.dcp
INFO: [Vivado 12-5825] Read reference checkpoint from C:/UG3-HeadWornUnit-V2-Firmware/seeg/seeg.srcs/utils_1/imports/synth_1/rhd_axi.dcp for incremental synthesis
INFO: [Vivado 12-7989] Please ensure there are no constraint changes
Command: synth_design -top main_wrapper -part xck26-sfvc784-2LV-c
Starting synth_design
Attempting to get a license for feature 'Synthesis' and/or device 'xck26'
INFO: [Common 17-349] Got license for feature 'Synthesis' and/or device 'xck26'
INFO: [Device 21-403] Loading part xck26-sfvc784-2LV-c
INFO: [Designutils 20-5440] No compile time benefit to using incremental synthesis; A full resynthesis will be run
INFO: [Designutils 20-4379] Flow is switching to default flow due to incremental criteria not met. If you would like to alter this behaviour and have the flow terminate instead, please set the following parameter config_implementation {autoIncr.Synth.RejectBehavior Terminate}
INFO: [Synth 8-7079] Multithreading enabled for synth_design using a maximum of 2 processes.
INFO: [Synth 8-7078] Launching helper process for spawning children vivado processes
INFO: [Synth 8-7075] Helper process launched with PID 27668
---------------------------------------------------------------------------------
Starting RTL Elaboration : Time (s): cpu = 00:00:05 ; elapsed = 00:00:05 . Memory (MB): peak = 1939.938 ; gain = 340.031
---------------------------------------------------------------------------------
INFO: [Synth 8-6157] synthesizing module 'main_wrapper' [C:/UG3-HeadWornUnit-V2-Firmware/seeg/seeg.gen/sources_1/bd/main/hdl/main_wrapper.v:13]
INFO: [Synth 8-6157] synthesizing module 'main' [c:/UG3-HeadWornUnit-V2-Firmware/seeg/seeg.gen/sources_1/bd/main/synth/main.v:13]
INFO: [Synth 8-6157] synthesizing module 'main_axi_dma_0_0' [C:/UG3-HeadWornUnit-V2-Firmware/seeg/seeg.runs/synth_1/.Xil/Vivado-5832-DESKTOP-JS8NSUT/realtime/main_axi_dma_0_0_stub.v:6]
INFO: [Synth 8-6155] done synthesizing module 'main_axi_dma_0_0' (0#1) [C:/UG3-HeadWornUnit-V2-Firmware/seeg/seeg.runs/synth_1/.Xil/Vivado-5832-DESKTOP-JS8NSUT/realtime/main_axi_dma_0_0_stub.v:6]
WARNING: [Synth 8-7071] port 's2mm_prmry_reset_out_n' of module 'main_axi_dma_0_0' is unconnected for instance 'axi_dma_0' [c:/UG3-HeadWornUnit-V2-Firmware/seeg/seeg.gen/sources_1/bd/main/synth/main.v:666]
WARNING: [Synth 8-7071] port 'axi_dma_tstvec' of module 'main_axi_dma_0_0' is unconnected for instance 'axi_dma_0' [c:/UG3-HeadWornUnit-V2-Firmware/seeg/seeg.gen/sources_1/bd/main/synth/main.v:666]
WARNING: [Synth 8-7023] instance 'axi_dma_0' of module 'main_axi_dma_0_0' has 73 connections declared, but only 71 given [c:/UG3-HeadWornUnit-V2-Firmware/seeg/seeg.gen/sources_1/bd/main/synth/main.v:666]
INFO: [Synth 8-6157] synthesizing module 'main_clk_wiz_0_0' [C:/UG3-HeadWornUnit-V2-Firmware/seeg/seeg.runs/synth_1/.Xil/Vivado-5832-DESKTOP-JS8NSUT/realtime/main_clk_wiz_0_0_stub.v:6]
INFO: [Synth 8-6155] done synthesizing module 'main_clk_wiz_0_0' (0#1) [C:/UG3-HeadWornUnit-V2-Firmware/seeg/seeg.runs/synth_1/.Xil/Vivado-5832-DESKTOP-JS8NSUT/realtime/main_clk_wiz_0_0_stub.v:6]
INFO: [Synth 8-6157] synthesizing module 'main_clk_wiz_1_0' [C:/UG3-HeadWornUnit-V2-Firmware/seeg/seeg.runs/synth_1/.Xil/Vivado-5832-DESKTOP-JS8NSUT/realtime/main_clk_wiz_1_0_stub.v:6]
INFO: [Synth 8-6155] done synthesizing module 'main_clk_wiz_1_0' (0#1) [C:/UG3-HeadWornUnit-V2-Firmware/seeg/seeg.runs/synth_1/.Xil/Vivado-5832-DESKTOP-JS8NSUT/realtime/main_clk_wiz_1_0_stub.v:6]
INFO: [Synth 8-6157] synthesizing module 'main_smartconnect_0_0' [C:/UG3-HeadWornUnit-V2-Firmware/seeg/seeg.runs/synth_1/.Xil/Vivado-5832-DESKTOP-JS8NSUT/realtime/main_smartconnect_0_0_stub.v:6]
INFO: [Synth 8-6155] done synthesizing module 'main_smartconnect_0_0' (0#1) [C:/UG3-HeadWornUnit-V2-Firmware/seeg/seeg.runs/synth_1/.Xil/Vivado-5832-DESKTOP-JS8NSUT/realtime/main_smartconnect_0_0_stub.v:6]
WARNING: [Synth 8-7071] port 'M00_AXI_awprot' of module 'main_smartconnect_0_0' is unconnected for instance 'master_smartconnect_0' [c:/UG3-HeadWornUnit-V2-Firmware/seeg/seeg.gen/sources_1/bd/main/synth/main.v:766]
WARNING: [Synth 8-7071] port 'M00_AXI_wstrb' of module 'main_smartconnect_0_0' is unconnected for instance 'master_smartconnect_0' [c:/UG3-HeadWornUnit-V2-Firmware/seeg/seeg.gen/sources_1/bd/main/synth/main.v:766]
WARNING: [Synth 8-7071] port 'M00_AXI_arprot' of module 'main_smartconnect_0_0' is unconnected for instance 'master_smartconnect_0' [c:/UG3-HeadWornUnit-V2-Firmware/seeg/seeg.gen/sources_1/bd/main/synth/main.v:766]
WARNING: [Synth 8-7071] port 'M01_AXI_awprot' of module 'main_smartconnect_0_0' is unconnected for instance 'master_smartconnect_0' [c:/UG3-HeadWornUnit-V2-Firmware/seeg/seeg.gen/sources_1/bd/main/synth/main.v:766]
WARNING: [Synth 8-7071] port 'M01_AXI_arprot' of module 'main_smartconnect_0_0' is unconnected for instance 'master_smartconnect_0' [c:/UG3-HeadWornUnit-V2-Firmware/seeg/seeg.gen/sources_1/bd/main/synth/main.v:766]
WARNING: [Synth 8-7023] instance 'master_smartconnect_0' of module 'main_smartconnect_0_0' has 121 connections declared, but only 116 given [c:/UG3-HeadWornUnit-V2-Firmware/seeg/seeg.gen/sources_1/bd/main/synth/main.v:766]
INFO: [Synth 8-6157] synthesizing module 'main_smartconnect_0_1' [C:/UG3-HeadWornUnit-V2-Firmware/seeg/seeg.runs/synth_1/.Xil/Vivado-5832-DESKTOP-JS8NSUT/realtime/main_smartconnect_0_1_stub.v:6]
INFO: [Synth 8-6155] done synthesizing module 'main_smartconnect_0_1' (0#1) [C:/UG3-HeadWornUnit-V2-Firmware/seeg/seeg.runs/synth_1/.Xil/Vivado-5832-DESKTOP-JS8NSUT/realtime/main_smartconnect_0_1_stub.v:6]
INFO: [Synth 8-6157] synthesizing module 'main_proc_sys_reset_0_0' [C:/UG3-HeadWornUnit-V2-Firmware/seeg/seeg.runs/synth_1/.Xil/Vivado-5832-DESKTOP-JS8NSUT/realtime/main_proc_sys_reset_0_0_stub.v:6]
INFO: [Synth 8-6155] done synthesizing module 'main_proc_sys_reset_0_0' (0#1) [C:/UG3-HeadWornUnit-V2-Firmware/seeg/seeg.runs/synth_1/.Xil/Vivado-5832-DESKTOP-JS8NSUT/realtime/main_proc_sys_reset_0_0_stub.v:6]
WARNING: [Synth 8-7071] port 'mb_reset' of module 'main_proc_sys_reset_0_0' is unconnected for instance 'proc_sys_reset_100M' [c:/UG3-HeadWornUnit-V2-Firmware/seeg/seeg.gen/sources_1/bd/main/synth/main.v:967]
WARNING: [Synth 8-7071] port 'bus_struct_reset' of module 'main_proc_sys_reset_0_0' is unconnected for instance 'proc_sys_reset_100M' [c:/UG3-HeadWornUnit-V2-Firmware/seeg/seeg.gen/sources_1/bd/main/synth/main.v:967]
WARNING: [Synth 8-7071] port 'peripheral_reset' of module 'main_proc_sys_reset_0_0' is unconnected for instance 'proc_sys_reset_100M' [c:/UG3-HeadWornUnit-V2-Firmware/seeg/seeg.gen/sources_1/bd/main/synth/main.v:967]
WARNING: [Synth 8-7071] port 'interconnect_aresetn' of module 'main_proc_sys_reset_0_0' is unconnected for instance 'proc_sys_reset_100M' [c:/UG3-HeadWornUnit-V2-Firmware/seeg/seeg.gen/sources_1/bd/main/synth/main.v:967]
WARNING: [Synth 8-7023] instance 'proc_sys_reset_100M' of module 'main_proc_sys_reset_0_0' has 10 connections declared, but only 6 given [c:/UG3-HeadWornUnit-V2-Firmware/seeg/seeg.gen/sources_1/bd/main/synth/main.v:967]
INFO: [Synth 8-6157] synthesizing module 'main_proc_sys_reset_0_3' [C:/UG3-HeadWornUnit-V2-Firmware/seeg/seeg.runs/synth_1/.Xil/Vivado-5832-DESKTOP-JS8NSUT/realtime/main_proc_sys_reset_0_3_stub.v:6]
INFO: [Synth 8-6155] done synthesizing module 'main_proc_sys_reset_0_3' (0#1) [C:/UG3-HeadWornUnit-V2-Firmware/seeg/seeg.runs/synth_1/.Xil/Vivado-5832-DESKTOP-JS8NSUT/realtime/main_proc_sys_reset_0_3_stub.v:6]
WARNING: [Synth 8-7071] port 'mb_reset' of module 'main_proc_sys_reset_0_3' is unconnected for instance 'proc_sys_reset_250M' [c:/UG3-HeadWornUnit-V2-Firmware/seeg/seeg.gen/sources_1/bd/main/synth/main.v:974]
WARNING: [Synth 8-7071] port 'bus_struct_reset' of module 'main_proc_sys_reset_0_3' is unconnected for instance 'proc_sys_reset_250M' [c:/UG3-HeadWornUnit-V2-Firmware/seeg/seeg.gen/sources_1/bd/main/synth/main.v:974]
WARNING: [Synth 8-7071] port 'peripheral_reset' of module 'main_proc_sys_reset_0_3' is unconnected for instance 'proc_sys_reset_250M' [c:/UG3-HeadWornUnit-V2-Firmware/seeg/seeg.gen/sources_1/bd/main/synth/main.v:974]
WARNING: [Synth 8-7071] port 'interconnect_aresetn' of module 'main_proc_sys_reset_0_3' is unconnected for instance 'proc_sys_reset_250M' [c:/UG3-HeadWornUnit-V2-Firmware/seeg/seeg.gen/sources_1/bd/main/synth/main.v:974]
WARNING: [Synth 8-7023] instance 'proc_sys_reset_250M' of module 'main_proc_sys_reset_0_3' has 10 connections declared, but only 6 given [c:/UG3-HeadWornUnit-V2-Firmware/seeg/seeg.gen/sources_1/bd/main/synth/main.v:974]
INFO: [Synth 8-6157] synthesizing module 'main_proc_sys_reset_0_1' [C:/UG3-HeadWornUnit-V2-Firmware/seeg/seeg.runs/synth_1/.Xil/Vivado-5832-DESKTOP-JS8NSUT/realtime/main_proc_sys_reset_0_1_stub.v:6]
INFO: [Synth 8-6155] done synthesizing module 'main_proc_sys_reset_0_1' (0#1) [C:/UG3-HeadWornUnit-V2-Firmware/seeg/seeg.runs/synth_1/.Xil/Vivado-5832-DESKTOP-JS8NSUT/realtime/main_proc_sys_reset_0_1_stub.v:6]
WARNING: [Synth 8-7071] port 'mb_reset' of module 'main_proc_sys_reset_0_1' is unconnected for instance 'proc_sys_reset_rhd' [c:/UG3-HeadWornUnit-V2-Firmware/seeg/seeg.gen/sources_1/bd/main/synth/main.v:981]
WARNING: [Synth 8-7071] port 'bus_struct_reset' of module 'main_proc_sys_reset_0_1' is unconnected for instance 'proc_sys_reset_rhd' [c:/UG3-HeadWornUnit-V2-Firmware/seeg/seeg.gen/sources_1/bd/main/synth/main.v:981]
WARNING: [Synth 8-7071] port 'peripheral_reset' of module 'main_proc_sys_reset_0_1' is unconnected for instance 'proc_sys_reset_rhd' [c:/UG3-HeadWornUnit-V2-Firmware/seeg/seeg.gen/sources_1/bd/main/synth/main.v:981]
WARNING: [Synth 8-7071] port 'interconnect_aresetn' of module 'main_proc_sys_reset_0_1' is unconnected for instance 'proc_sys_reset_rhd' [c:/UG3-HeadWornUnit-V2-Firmware/seeg/seeg.gen/sources_1/bd/main/synth/main.v:981]
WARNING: [Synth 8-7023] instance 'proc_sys_reset_rhd' of module 'main_proc_sys_reset_0_1' has 10 connections declared, but only 6 given [c:/UG3-HeadWornUnit-V2-Firmware/seeg/seeg.gen/sources_1/bd/main/synth/main.v:981]
INFO: [Synth 8-6157] synthesizing module 'main_proc_sys_reset_0_2' [C:/UG3-HeadWornUnit-V2-Firmware/seeg/seeg.runs/synth_1/.Xil/Vivado-5832-DESKTOP-JS8NSUT/realtime/main_proc_sys_reset_0_2_stub.v:6]
INFO: [Synth 8-6155] done synthesizing module 'main_proc_sys_reset_0_2' (0#1) [C:/UG3-HeadWornUnit-V2-Firmware/seeg/seeg.runs/synth_1/.Xil/Vivado-5832-DESKTOP-JS8NSUT/realtime/main_proc_sys_reset_0_2_stub.v:6]
WARNING: [Synth 8-7071] port 'mb_reset' of module 'main_proc_sys_reset_0_2' is unconnected for instance 'proc_sys_reset_rhs' [c:/UG3-HeadWornUnit-V2-Firmware/seeg/seeg.gen/sources_1/bd/main/synth/main.v:988]
WARNING: [Synth 8-7071] port 'bus_struct_reset' of module 'main_proc_sys_reset_0_2' is unconnected for instance 'proc_sys_reset_rhs' [c:/UG3-HeadWornUnit-V2-Firmware/seeg/seeg.gen/sources_1/bd/main/synth/main.v:988]
WARNING: [Synth 8-7071] port 'peripheral_reset' of module 'main_proc_sys_reset_0_2' is unconnected for instance 'proc_sys_reset_rhs' [c:/UG3-HeadWornUnit-V2-Firmware/seeg/seeg.gen/sources_1/bd/main/synth/main.v:988]
WARNING: [Synth 8-7071] port 'interconnect_aresetn' of module 'main_proc_sys_reset_0_2' is unconnected for instance 'proc_sys_reset_rhs' [c:/UG3-HeadWornUnit-V2-Firmware/seeg/seeg.gen/sources_1/bd/main/synth/main.v:988]
WARNING: [Synth 8-7023] instance 'proc_sys_reset_rhs' of module 'main_proc_sys_reset_0_2' has 10 connections declared, but only 6 given [c:/UG3-HeadWornUnit-V2-Firmware/seeg/seeg.gen/sources_1/bd/main/synth/main.v:988]
INFO: [Synth 8-6157] synthesizing module 'main_seeg_0_0' [C:/UG3-HeadWornUnit-V2-Firmware/seeg/seeg.runs/synth_1/.Xil/Vivado-5832-DESKTOP-JS8NSUT/realtime/main_seeg_0_0_stub.v:6]
INFO: [Synth 8-6155] done synthesizing module 'main_seeg_0_0' (0#1) [C:/UG3-HeadWornUnit-V2-Firmware/seeg/seeg.runs/synth_1/.Xil/Vivado-5832-DESKTOP-JS8NSUT/realtime/main_seeg_0_0_stub.v:6]
INFO: [Synth 8-6157] synthesizing module 'main_smartconnect_0_2' [C:/UG3-HeadWornUnit-V2-Firmware/seeg/seeg.runs/synth_1/.Xil/Vivado-5832-DESKTOP-JS8NSUT/realtime/main_smartconnect_0_2_stub.v:6]
INFO: [Synth 8-6155] done synthesizing module 'main_smartconnect_0_2' (0#1) [C:/UG3-HeadWornUnit-V2-Firmware/seeg/seeg.runs/synth_1/.Xil/Vivado-5832-DESKTOP-JS8NSUT/realtime/main_smartconnect_0_2_stub.v:6]
INFO: [Synth 8-6157] synthesizing module 'main_zynq_ultra_ps_e_0_0' [C:/UG3-HeadWornUnit-V2-Firmware/seeg/seeg.runs/synth_1/.Xil/Vivado-5832-DESKTOP-JS8NSUT/realtime/main_zynq_ultra_ps_e_0_0_stub.v:6]
INFO: [Synth 8-6155] done synthesizing module 'main_zynq_ultra_ps_e_0_0' (0#1) [C:/UG3-HeadWornUnit-V2-Firmware/seeg/seeg.runs/synth_1/.Xil/Vivado-5832-DESKTOP-JS8NSUT/realtime/main_zynq_ultra_ps_e_0_0_stub.v:6]
WARNING: [Synth 8-7071] port 'saxigp0_bid' of module 'main_zynq_ultra_ps_e_0_0' is unconnected for instance 'zynq_ultra_ps_e_0' [c:/UG3-HeadWornUnit-V2-Firmware/seeg/seeg.gen/sources_1/bd/main/synth/main.v:1232]
WARNING: [Synth 8-7071] port 'saxigp0_rid' of module 'main_zynq_ultra_ps_e_0_0' is unconnected for instance 'zynq_ultra_ps_e_0' [c:/UG3-HeadWornUnit-V2-Firmware/seeg/seeg.gen/sources_1/bd/main/synth/main.v:1232]
WARNING: [Synth 8-7071] port 'emio_gpio_o' of module 'main_zynq_ultra_ps_e_0_0' is unconnected for instance 'zynq_ultra_ps_e_0' [c:/UG3-HeadWornUnit-V2-Firmware/seeg/seeg.gen/sources_1/bd/main/synth/main.v:1232]
WARNING: [Synth 8-7071] port 'emio_gpio_t' of module 'main_zynq_ultra_ps_e_0_0' is unconnected for instance 'zynq_ultra_ps_e_0' [c:/UG3-HeadWornUnit-V2-Firmware/seeg/seeg.gen/sources_1/bd/main/synth/main.v:1232]
WARNING: [Synth 8-7023] instance 'zynq_ultra_ps_e_0' of module 'main_zynq_ultra_ps_e_0_0' has 86 connections declared, but only 82 given [c:/UG3-HeadWornUnit-V2-Firmware/seeg/seeg.gen/sources_1/bd/main/synth/main.v:1232]
INFO: [Synth 8-6155] done synthesizing module 'main' (0#1) [c:/UG3-HeadWornUnit-V2-Firmware/seeg/seeg.gen/sources_1/bd/main/synth/main.v:13]
INFO: [Synth 8-6155] done synthesizing module 'main_wrapper' (0#1) [C:/UG3-HeadWornUnit-V2-Firmware/seeg/seeg.gen/sources_1/bd/main/hdl/main_wrapper.v:13]
---------------------------------------------------------------------------------
Finished RTL Elaboration : Time (s): cpu = 00:00:07 ; elapsed = 00:00:06 . Memory (MB): peak = 2040.297 ; gain = 440.391
---------------------------------------------------------------------------------
---------------------------------------------------------------------------------
Start Handling Custom Attributes
---------------------------------------------------------------------------------
---------------------------------------------------------------------------------
Finished Handling Custom Attributes : Time (s): cpu = 00:00:07 ; elapsed = 00:00:07 . Memory (MB): peak = 2058.207 ; gain = 458.301
---------------------------------------------------------------------------------
---------------------------------------------------------------------------------
Finished RTL Optimization Phase 1 : Time (s): cpu = 00:00:07 ; elapsed = 00:00:07 . Memory (MB): peak = 2058.207 ; gain = 458.301
---------------------------------------------------------------------------------
Netlist sorting complete. Time (s): cpu = 00:00:00 ; elapsed = 00:00:00.022 . Memory (MB): peak = 2058.207 ; gain = 0.000
INFO: [Project 1-570] Preparing netlist for logic optimization

Processing XDC Constraints
Initializing timing engine
Parsing XDC File [c:/UG3-HeadWornUnit-V2-Firmware/seeg/seeg.gen/sources_1/bd/main/ip/main_zynq_ultra_ps_e_0_0/main_zynq_ultra_ps_e_0_0/main_zynq_ultra_ps_e_0_0_in_context.xdc] for cell 'main_i/zynq_ultra_ps_e_0'
Finished Parsing XDC File [c:/UG3-HeadWornUnit-V2-Firmware/seeg/seeg.gen/sources_1/bd/main/ip/main_zynq_ultra_ps_e_0_0/main_zynq_ultra_ps_e_0_0/main_zynq_ultra_ps_e_0_0_in_context.xdc] for cell 'main_i/zynq_ultra_ps_e_0'
Parsing XDC File [c:/UG3-HeadWornUnit-V2-Firmware/seeg/seeg.gen/sources_1/bd/main/ip/main_smartconnect_0_0/main_smartconnect_0_0/main_smartconnect_0_0_in_context.xdc] for cell 'main_i/master_smartconnect_0'
Finished Parsing XDC File [c:/UG3-HeadWornUnit-V2-Firmware/seeg/seeg.gen/sources_1/bd/main/ip/main_smartconnect_0_0/main_smartconnect_0_0/main_smartconnect_0_0_in_context.xdc] for cell 'main_i/master_smartconnect_0'
Parsing XDC File [c:/UG3-HeadWornUnit-V2-Firmware/seeg/seeg.gen/sources_1/bd/main/ip/main_proc_sys_reset_0_0/main_proc_sys_reset_0_0/main_proc_sys_reset_0_0_in_context.xdc] for cell 'main_i/proc_sys_reset_100M'
Finished Parsing XDC File [c:/UG3-HeadWornUnit-V2-Firmware/seeg/seeg.gen/sources_1/bd/main/ip/main_proc_sys_reset_0_0/main_proc_sys_reset_0_0/main_proc_sys_reset_0_0_in_context.xdc] for cell 'main_i/proc_sys_reset_100M'
Parsing XDC File [c:/UG3-HeadWornUnit-V2-Firmware/seeg/seeg.gen/sources_1/bd/main/ip/main_smartconnect_0_1/main_smartconnect_0_1/main_smartconnect_0_1_in_context.xdc] for cell 'main_i/master_smartconnect_1'
Finished Parsing XDC File [c:/UG3-HeadWornUnit-V2-Firmware/seeg/seeg.gen/sources_1/bd/main/ip/main_smartconnect_0_1/main_smartconnect_0_1/main_smartconnect_0_1_in_context.xdc] for cell 'main_i/master_smartconnect_1'
Parsing XDC File [c:/UG3-HeadWornUnit-V2-Firmware/seeg/seeg.gen/sources_1/bd/main/ip/main_clk_wiz_0_0/main_clk_wiz_0_0/main_clk_wiz_0_0_in_context.xdc] for cell 'main_i/clk_wiz_0'
Finished Parsing XDC File [c:/UG3-HeadWornUnit-V2-Firmware/seeg/seeg.gen/sources_1/bd/main/ip/main_clk_wiz_0_0/main_clk_wiz_0_0/main_clk_wiz_0_0_in_context.xdc] for cell 'main_i/clk_wiz_0'
Parsing XDC File [c:/UG3-HeadWornUnit-V2-Firmware/seeg/seeg.gen/sources_1/bd/main/ip/main_proc_sys_reset_0_1/main_proc_sys_reset_0_1/main_proc_sys_reset_0_1_in_context.xdc] for cell 'main_i/proc_sys_reset_rhd'
Finished Parsing XDC File [c:/UG3-HeadWornUnit-V2-Firmware/seeg/seeg.gen/sources_1/bd/main/ip/main_proc_sys_reset_0_1/main_proc_sys_reset_0_1/main_proc_sys_reset_0_1_in_context.xdc] for cell 'main_i/proc_sys_reset_rhd'
Parsing XDC File [c:/UG3-HeadWornUnit-V2-Firmware/seeg/seeg.gen/sources_1/bd/main/ip/main_proc_sys_reset_0_2/main_proc_sys_reset_0_2/main_proc_sys_reset_0_2_in_context.xdc] for cell 'main_i/proc_sys_reset_rhs'
Finished Parsing XDC File [c:/UG3-HeadWornUnit-V2-Firmware/seeg/seeg.gen/sources_1/bd/main/ip/main_proc_sys_reset_0_2/main_proc_sys_reset_0_2/main_proc_sys_reset_0_2_in_context.xdc] for cell 'main_i/proc_sys_reset_rhs'
Parsing XDC File [c:/UG3-HeadWornUnit-V2-Firmware/seeg/seeg.gen/sources_1/bd/main/ip/main_smartconnect_0_2/main_smartconnect_0_2/main_smartconnect_0_2_in_context.xdc] for cell 'main_i/slave_smartconnect_0'
Finished Parsing XDC File [c:/UG3-HeadWornUnit-V2-Firmware/seeg/seeg.gen/sources_1/bd/main/ip/main_smartconnect_0_2/main_smartconnect_0_2/main_smartconnect_0_2_in_context.xdc] for cell 'main_i/slave_smartconnect_0'
Parsing XDC File [c:/UG3-HeadWornUnit-V2-Firmware/seeg/seeg.gen/sources_1/bd/main/ip/main_axi_dma_0_0/main_axi_dma_0_0/main_axi_dma_0_0_in_context.xdc] for cell 'main_i/axi_dma_0'
Finished Parsing XDC File [c:/UG3-HeadWornUnit-V2-Firmware/seeg/seeg.gen/sources_1/bd/main/ip/main_axi_dma_0_0/main_axi_dma_0_0/main_axi_dma_0_0_in_context.xdc] for cell 'main_i/axi_dma_0'
Parsing XDC File [c:/UG3-HeadWornUnit-V2-Firmware/seeg/seeg.gen/sources_1/bd/main/ip/main_proc_sys_reset_0_3/main_proc_sys_reset_0_3/main_proc_sys_reset_0_3_in_context.xdc] for cell 'main_i/proc_sys_reset_250M'
Finished Parsing XDC File [c:/UG3-HeadWornUnit-V2-Firmware/seeg/seeg.gen/sources_1/bd/main/ip/main_proc_sys_reset_0_3/main_proc_sys_reset_0_3/main_proc_sys_reset_0_3_in_context.xdc] for cell 'main_i/proc_sys_reset_250M'
Parsing XDC File [c:/UG3-HeadWornUnit-V2-Firmware/seeg/seeg.gen/sources_1/bd/main/ip/main_clk_wiz_1_0/main_clk_wiz_1_0/main_clk_wiz_1_0_in_context.xdc] for cell 'main_i/clk_wiz_dma'
Finished Parsing XDC File [c:/UG3-HeadWornUnit-V2-Firmware/seeg/seeg.gen/sources_1/bd/main/ip/main_clk_wiz_1_0/main_clk_wiz_1_0/main_clk_wiz_1_0_in_context.xdc] for cell 'main_i/clk_wiz_dma'
Parsing XDC File [c:/UG3-HeadWornUnit-V2-Firmware/seeg/seeg.gen/sources_1/bd/main/ip/main_seeg_0_0/main_seeg_0_0/main_seeg_0_0_in_context.xdc] for cell 'main_i/seeg_0'
Finished Parsing XDC File [c:/UG3-HeadWornUnit-V2-Firmware/seeg/seeg.gen/sources_1/bd/main/ip/main_seeg_0_0/main_seeg_0_0/main_seeg_0_0_in_context.xdc] for cell 'main_i/seeg_0'
Parsing XDC File [C:/UG3-HeadWornUnit-V2-Firmware/seeg/seeg.srcs/constrs_1/new/constraints.xdc]
WARNING: [Vivado 12-584] No ports matched 'RHS_MISO1'. [C:/UG3-HeadWornUnit-V2-Firmware/seeg/seeg.srcs/constrs_1/new/constraints.xdc:88]
WARNING: [Vivado 12-584] No ports matched 'RHS_MISO2'. [C:/UG3-HeadWornUnit-V2-Firmware/seeg/seeg.srcs/constrs_1/new/constraints.xdc:89]
WARNING: [Vivado 12-584] No ports matched 'RHS_MOSI2'. [C:/UG3-HeadWornUnit-V2-Firmware/seeg/seeg.srcs/constrs_1/new/constraints.xdc:90]
WARNING: [Vivado 12-584] No ports matched 'RHS_MOSI1'. [C:/UG3-HeadWornUnit-V2-Firmware/seeg/seeg.srcs/constrs_1/new/constraints.xdc:91]
WARNING: [Vivado 12-584] No ports matched 'RHS_MISO1'. [C:/UG3-HeadWornUnit-V2-Firmware/seeg/seeg.srcs/constrs_1/new/constraints.xdc:94]
WARNING: [Vivado 12-584] No ports matched 'RHS_MISO2'. [C:/UG3-HeadWornUnit-V2-Firmware/seeg/seeg.srcs/constrs_1/new/constraints.xdc:95]
WARNING: [Vivado 12-584] No ports matched 'RHS_MOSI1'. [C:/UG3-HeadWornUnit-V2-Firmware/seeg/seeg.srcs/constrs_1/new/constraints.xdc:96]
WARNING: [Vivado 12-584] No ports matched 'RHS_MOSI2'. [C:/UG3-HeadWornUnit-V2-Firmware/seeg/seeg.srcs/constrs_1/new/constraints.xdc:97]
WARNING: [Vivado 12-584] No ports matched 'RHS_MISO_I'. [C:/UG3-HeadWornUnit-V2-Firmware/seeg/seeg.srcs/constrs_1/new/constraints.xdc:112]
Finished Parsing XDC File [C:/UG3-HeadWornUnit-V2-Firmware/seeg/seeg.srcs/constrs_1/new/constraints.xdc]
WARNING: [Project 1-498] One or more constraints failed evaluation while reading constraint file [C:/UG3-HeadWornUnit-V2-Firmware/seeg/seeg.srcs/constrs_1/new/constraints.xdc] and the design contains unresolved black boxes. These constraints will be read post-synthesis (as long as their source constraint file is marked as used_in_implementation) and should be applied correctly then. You should review the constraints listed in the file [.Xil/main_wrapper_propImpl.xdc] and check the run log file to verify that these constraints were correctly applied.
INFO: [Project 1-236] Implementation specific constraints were found while reading constraint file [C:/UG3-HeadWornUnit-V2-Firmware/seeg/seeg.srcs/constrs_1/new/constraints.xdc]. These constraints will be ignored for synthesis but will be used in implementation. Impacted constraints are listed in the file [.Xil/main_wrapper_propImpl.xdc].
Resolution: To avoid this warning, move constraints listed in [.Xil/main_wrapper_propImpl.xdc] to another XDC file and exclude this new file from synthesis with the used_in_synthesis property (File Properties dialog in GUI) and re-run elaboration/synthesis.
Parsing XDC File [C:/UG3-HeadWornUnit-V2-Firmware/seeg/seeg.runs/synth_1/dont_touch.xdc]
Finished Parsing XDC File [C:/UG3-HeadWornUnit-V2-Firmware/seeg/seeg.runs/synth_1/dont_touch.xdc]
INFO: [Project 1-236] Implementation specific constraints were found while reading constraint file [C:/UG3-HeadWornUnit-V2-Firmware/seeg/seeg.runs/synth_1/dont_touch.xdc]. These constraints will be ignored for synthesis but will be used in implementation. Impacted constraints are listed in the file [.Xil/main_wrapper_propImpl.xdc].
Resolution: To avoid this warning, move constraints listed in [.Xil/main_wrapper_propImpl.xdc] to another XDC file and exclude this new file from synthesis with the used_in_synthesis property (File Properties dialog in GUI) and re-run elaboration/synthesis.
Completed Processing XDC Constraints

Netlist sorting complete. Time (s): cpu = 00:00:00 ; elapsed = 00:00:00 . Memory (MB): peak = 2094.727 ; gain = 0.000
INFO: [Project 1-111] Unisim Transformation Summary:
No Unisim elements were transformed.

Constraint Validation Runtime : Time (s): cpu = 00:00:00 ; elapsed = 00:00:00.010 . Memory (MB): peak = 2094.727 ; gain = 0.000
INFO: [Designutils 20-5440] No compile time benefit to using incremental synthesis; A full resynthesis will be run
INFO: [Designutils 20-4379] Flow is switching to default flow due to incremental criteria not met. If you would like to alter this behaviour and have the flow terminate instead, please set the following parameter config_implementation {autoIncr.Synth.RejectBehavior Terminate}
---------------------------------------------------------------------------------
Finished Constraint Validation : Time (s): cpu = 00:00:18 ; elapsed = 00:00:18 . Memory (MB): peak = 2094.727 ; gain = 494.820
---------------------------------------------------------------------------------
---------------------------------------------------------------------------------
Start Loading Part and Timing Information
---------------------------------------------------------------------------------
Loading part: xck26-sfvc784-2LV-c
INFO: [Synth 8-6742] Reading net delay rules and data
---------------------------------------------------------------------------------
Finished Loading Part and Timing Information : Time (s): cpu = 00:00:18 ; elapsed = 00:00:18 . Memory (MB): peak = 2094.727 ; gain = 494.820
---------------------------------------------------------------------------------
---------------------------------------------------------------------------------
Start Applying 'set_property' XDC Constraints
---------------------------------------------------------------------------------
Applied set_property IO_BUFFER_TYPE = NONE for RHD_MISO1_I_N. (constraint file  c:/UG3-HeadWornUnit-V2-Firmware/seeg/seeg.gen/sources_1/bd/main/ip/main_seeg_0_0/main_seeg_0_0/main_seeg_0_0_in_context.xdc, line 1).
Applied set_property CLOCK_BUFFER_TYPE = NONE for RHD_MISO1_I_N. (constraint file  c:/UG3-HeadWornUnit-V2-Firmware/seeg/seeg.gen/sources_1/bd/main/ip/main_seeg_0_0/main_seeg_0_0/main_seeg_0_0_in_context.xdc, line 2).
Applied set_property IO_BUFFER_TYPE = NONE for RHD_MISO1_I_P. (constraint file  c:/UG3-HeadWornUnit-V2-Firmware/seeg/seeg.gen/sources_1/bd/main/ip/main_seeg_0_0/main_seeg_0_0/main_seeg_0_0_in_context.xdc, line 3).
Applied set_property CLOCK_BUFFER_TYPE = NONE for RHD_MISO1_I_P. (constraint file  c:/UG3-HeadWornUnit-V2-Firmware/seeg/seeg.gen/sources_1/bd/main/ip/main_seeg_0_0/main_seeg_0_0/main_seeg_0_0_in_context.xdc, line 4).
Applied set_property IO_BUFFER_TYPE = NONE for RHD_MISO1_J_N. (constraint file  c:/UG3-HeadWornUnit-V2-Firmware/seeg/seeg.gen/sources_1/bd/main/ip/main_seeg_0_0/main_seeg_0_0/main_seeg_0_0_in_context.xdc, line 5).
Applied set_property CLOCK_BUFFER_TYPE = NONE for RHD_MISO1_J_N. (constraint file  c:/UG3-HeadWornUnit-V2-Firmware/seeg/seeg.gen/sources_1/bd/main/ip/main_seeg_0_0/main_seeg_0_0/main_seeg_0_0_in_context.xdc, line 6).
Applied set_property IO_BUFFER_TYPE = NONE for RHD_MISO1_J_P. (constraint file  c:/UG3-HeadWornUnit-V2-Firmware/seeg/seeg.gen/sources_1/bd/main/ip/main_seeg_0_0/main_seeg_0_0/main_seeg_0_0_in_context.xdc, line 7).
Applied set_property CLOCK_BUFFER_TYPE = NONE for RHD_MISO1_J_P. (constraint file  c:/UG3-HeadWornUnit-V2-Firmware/seeg/seeg.gen/sources_1/bd/main/ip/main_seeg_0_0/main_seeg_0_0/main_seeg_0_0_in_context.xdc, line 8).
Applied set_property IO_BUFFER_TYPE = NONE for RHD_MISO1_K_N. (constraint file  c:/UG3-HeadWornUnit-V2-Firmware/seeg/seeg.gen/sources_1/bd/main/ip/main_seeg_0_0/main_seeg_0_0/main_seeg_0_0_in_context.xdc, line 9).
Applied set_property CLOCK_BUFFER_TYPE = NONE for RHD_MISO1_K_N. (constraint file  c:/UG3-HeadWornUnit-V2-Firmware/seeg/seeg.gen/sources_1/bd/main/ip/main_seeg_0_0/main_seeg_0_0/main_seeg_0_0_in_context.xdc, line 10).
Applied set_property IO_BUFFER_TYPE = NONE for RHD_MISO1_K_P. (constraint file  c:/UG3-HeadWornUnit-V2-Firmware/seeg/seeg.gen/sources_1/bd/main/ip/main_seeg_0_0/main_seeg_0_0/main_seeg_0_0_in_context.xdc, line 11).
Applied set_property CLOCK_BUFFER_TYPE = NONE for RHD_MISO1_K_P. (constraint file  c:/UG3-HeadWornUnit-V2-Firmware/seeg/seeg.gen/sources_1/bd/main/ip/main_seeg_0_0/main_seeg_0_0/main_seeg_0_0_in_context.xdc, line 12).
Applied set_property IO_BUFFER_TYPE = NONE for RHD_MISO1_L_N. (constraint file  c:/UG3-HeadWornUnit-V2-Firmware/seeg/seeg.gen/sources_1/bd/main/ip/main_seeg_0_0/main_seeg_0_0/main_seeg_0_0_in_context.xdc, line 13).
Applied set_property CLOCK_BUFFER_TYPE = NONE for RHD_MISO1_L_N. (constraint file  c:/UG3-HeadWornUnit-V2-Firmware/seeg/seeg.gen/sources_1/bd/main/ip/main_seeg_0_0/main_seeg_0_0/main_seeg_0_0_in_context.xdc, line 14).
Applied set_property IO_BUFFER_TYPE = NONE for RHD_MISO1_L_P. (constraint file  c:/UG3-HeadWornUnit-V2-Firmware/seeg/seeg.gen/sources_1/bd/main/ip/main_seeg_0_0/main_seeg_0_0/main_seeg_0_0_in_context.xdc, line 15).
Applied set_property CLOCK_BUFFER_TYPE = NONE for RHD_MISO1_L_P. (constraint file  c:/UG3-HeadWornUnit-V2-Firmware/seeg/seeg.gen/sources_1/bd/main/ip/main_seeg_0_0/main_seeg_0_0/main_seeg_0_0_in_context.xdc, line 16).
Applied set_property IO_BUFFER_TYPE = NONE for RHD_MISO1_M_N. (constraint file  c:/UG3-HeadWornUnit-V2-Firmware/seeg/seeg.gen/sources_1/bd/main/ip/main_seeg_0_0/main_seeg_0_0/main_seeg_0_0_in_context.xdc, line 17).
Applied set_property CLOCK_BUFFER_TYPE = NONE for RHD_MISO1_M_N. (constraint file  c:/UG3-HeadWornUnit-V2-Firmware/seeg/seeg.gen/sources_1/bd/main/ip/main_seeg_0_0/main_seeg_0_0/main_seeg_0_0_in_context.xdc, line 18).
Applied set_property IO_BUFFER_TYPE = NONE for RHD_MISO1_M_P. (constraint file  c:/UG3-HeadWornUnit-V2-Firmware/seeg/seeg.gen/sources_1/bd/main/ip/main_seeg_0_0/main_seeg_0_0/main_seeg_0_0_in_context.xdc, line 19).
Applied set_property CLOCK_BUFFER_TYPE = NONE for RHD_MISO1_M_P. (constraint file  c:/UG3-HeadWornUnit-V2-Firmware/seeg/seeg.gen/sources_1/bd/main/ip/main_seeg_0_0/main_seeg_0_0/main_seeg_0_0_in_context.xdc, line 20).
Applied set_property IO_BUFFER_TYPE = NONE for RHD_MISO1_N_N. (constraint file  c:/UG3-HeadWornUnit-V2-Firmware/seeg/seeg.gen/sources_1/bd/main/ip/main_seeg_0_0/main_seeg_0_0/main_seeg_0_0_in_context.xdc, line 21).
Applied set_property CLOCK_BUFFER_TYPE = NONE for RHD_MISO1_N_N. (constraint file  c:/UG3-HeadWornUnit-V2-Firmware/seeg/seeg.gen/sources_1/bd/main/ip/main_seeg_0_0/main_seeg_0_0/main_seeg_0_0_in_context.xdc, line 22).
Applied set_property IO_BUFFER_TYPE = NONE for RHD_MISO1_N_P. (constraint file  c:/UG3-HeadWornUnit-V2-Firmware/seeg/seeg.gen/sources_1/bd/main/ip/main_seeg_0_0/main_seeg_0_0/main_seeg_0_0_in_context.xdc, line 23).
Applied set_property CLOCK_BUFFER_TYPE = NONE for RHD_MISO1_N_P. (constraint file  c:/UG3-HeadWornUnit-V2-Firmware/seeg/seeg.gen/sources_1/bd/main/ip/main_seeg_0_0/main_seeg_0_0/main_seeg_0_0_in_context.xdc, line 24).
Applied set_property IO_BUFFER_TYPE = NONE for RHD_MISO1_O_N. (constraint file  c:/UG3-HeadWornUnit-V2-Firmware/seeg/seeg.gen/sources_1/bd/main/ip/main_seeg_0_0/main_seeg_0_0/main_seeg_0_0_in_context.xdc, line 25).
Applied set_property CLOCK_BUFFER_TYPE = NONE for RHD_MISO1_O_N. (constraint file  c:/UG3-HeadWornUnit-V2-Firmware/seeg/seeg.gen/sources_1/bd/main/ip/main_seeg_0_0/main_seeg_0_0/main_seeg_0_0_in_context.xdc, line 26).
Applied set_property IO_BUFFER_TYPE = NONE for RHD_MISO1_O_P. (constraint file  c:/UG3-HeadWornUnit-V2-Firmware/seeg/seeg.gen/sources_1/bd/main/ip/main_seeg_0_0/main_seeg_0_0/main_seeg_0_0_in_context.xdc, line 27).
Applied set_property CLOCK_BUFFER_TYPE = NONE for RHD_MISO1_O_P. (constraint file  c:/UG3-HeadWornUnit-V2-Firmware/seeg/seeg.gen/sources_1/bd/main/ip/main_seeg_0_0/main_seeg_0_0/main_seeg_0_0_in_context.xdc, line 28).
Applied set_property IO_BUFFER_TYPE = NONE for RHD_MISO1_P_N. (constraint file  c:/UG3-HeadWornUnit-V2-Firmware/seeg/seeg.gen/sources_1/bd/main/ip/main_seeg_0_0/main_seeg_0_0/main_seeg_0_0_in_context.xdc, line 29).
Applied set_property CLOCK_BUFFER_TYPE = NONE for RHD_MISO1_P_N. (constraint file  c:/UG3-HeadWornUnit-V2-Firmware/seeg/seeg.gen/sources_1/bd/main/ip/main_seeg_0_0/main_seeg_0_0/main_seeg_0_0_in_context.xdc, line 30).
Applied set_property IO_BUFFER_TYPE = NONE for RHD_MISO1_P_P. (constraint file  c:/UG3-HeadWornUnit-V2-Firmware/seeg/seeg.gen/sources_1/bd/main/ip/main_seeg_0_0/main_seeg_0_0/main_seeg_0_0_in_context.xdc, line 31).
Applied set_property CLOCK_BUFFER_TYPE = NONE for RHD_MISO1_P_P. (constraint file  c:/UG3-HeadWornUnit-V2-Firmware/seeg/seeg.gen/sources_1/bd/main/ip/main_seeg_0_0/main_seeg_0_0/main_seeg_0_0_in_context.xdc, line 32).
Applied set_property IO_BUFFER_TYPE = NONE for RHD_MISO2_I_N. (constraint file  c:/UG3-HeadWornUnit-V2-Firmware/seeg/seeg.gen/sources_1/bd/main/ip/main_seeg_0_0/main_seeg_0_0/main_seeg_0_0_in_context.xdc, line 33).
Applied set_property CLOCK_BUFFER_TYPE = NONE for RHD_MISO2_I_N. (constraint file  c:/UG3-HeadWornUnit-V2-Firmware/seeg/seeg.gen/sources_1/bd/main/ip/main_seeg_0_0/main_seeg_0_0/main_seeg_0_0_in_context.xdc, line 34).
Applied set_property IO_BUFFER_TYPE = NONE for RHD_MISO2_I_P. (constraint file  c:/UG3-HeadWornUnit-V2-Firmware/seeg/seeg.gen/sources_1/bd/main/ip/main_seeg_0_0/main_seeg_0_0/main_seeg_0_0_in_context.xdc, line 35).
Applied set_property CLOCK_BUFFER_TYPE = NONE for RHD_MISO2_I_P. (constraint file  c:/UG3-HeadWornUnit-V2-Firmware/seeg/seeg.gen/sources_1/bd/main/ip/main_seeg_0_0/main_seeg_0_0/main_seeg_0_0_in_context.xdc, line 36).
Applied set_property IO_BUFFER_TYPE = NONE for RHD_MISO2_J_N. (constraint file  c:/UG3-HeadWornUnit-V2-Firmware/seeg/seeg.gen/sources_1/bd/main/ip/main_seeg_0_0/main_seeg_0_0/main_seeg_0_0_in_context.xdc, line 37).
Applied set_property CLOCK_BUFFER_TYPE = NONE for RHD_MISO2_J_N. (constraint file  c:/UG3-HeadWornUnit-V2-Firmware/seeg/seeg.gen/sources_1/bd/main/ip/main_seeg_0_0/main_seeg_0_0/main_seeg_0_0_in_context.xdc, line 38).
Applied set_property IO_BUFFER_TYPE = NONE for RHD_MISO2_J_P. (constraint file  c:/UG3-HeadWornUnit-V2-Firmware/seeg/seeg.gen/sources_1/bd/main/ip/main_seeg_0_0/main_seeg_0_0/main_seeg_0_0_in_context.xdc, line 39).
Applied set_property CLOCK_BUFFER_TYPE = NONE for RHD_MISO2_J_P. (constraint file  c:/UG3-HeadWornUnit-V2-Firmware/seeg/seeg.gen/sources_1/bd/main/ip/main_seeg_0_0/main_seeg_0_0/main_seeg_0_0_in_context.xdc, line 40).
Applied set_property IO_BUFFER_TYPE = NONE for RHD_MISO2_K_N. (constraint file  c:/UG3-HeadWornUnit-V2-Firmware/seeg/seeg.gen/sources_1/bd/main/ip/main_seeg_0_0/main_seeg_0_0/main_seeg_0_0_in_context.xdc, line 41).
Applied set_property CLOCK_BUFFER_TYPE = NONE for RHD_MISO2_K_N. (constraint file  c:/UG3-HeadWornUnit-V2-Firmware/seeg/seeg.gen/sources_1/bd/main/ip/main_seeg_0_0/main_seeg_0_0/main_seeg_0_0_in_context.xdc, line 42).
Applied set_property IO_BUFFER_TYPE = NONE for RHD_MISO2_K_P. (constraint file  c:/UG3-HeadWornUnit-V2-Firmware/seeg/seeg.gen/sources_1/bd/main/ip/main_seeg_0_0/main_seeg_0_0/main_seeg_0_0_in_context.xdc, line 43).
Applied set_property CLOCK_BUFFER_TYPE = NONE for RHD_MISO2_K_P. (constraint file  c:/UG3-HeadWornUnit-V2-Firmware/seeg/seeg.gen/sources_1/bd/main/ip/main_seeg_0_0/main_seeg_0_0/main_seeg_0_0_in_context.xdc, line 44).
Applied set_property IO_BUFFER_TYPE = NONE for RHD_MISO2_L_N. (constraint file  c:/UG3-HeadWornUnit-V2-Firmware/seeg/seeg.gen/sources_1/bd/main/ip/main_seeg_0_0/main_seeg_0_0/main_seeg_0_0_in_context.xdc, line 45).
Applied set_property CLOCK_BUFFER_TYPE = NONE for RHD_MISO2_L_N. (constraint file  c:/UG3-HeadWornUnit-V2-Firmware/seeg/seeg.gen/sources_1/bd/main/ip/main_seeg_0_0/main_seeg_0_0/main_seeg_0_0_in_context.xdc, line 46).
Applied set_property IO_BUFFER_TYPE = NONE for RHD_MISO2_L_P. (constraint file  c:/UG3-HeadWornUnit-V2-Firmware/seeg/seeg.gen/sources_1/bd/main/ip/main_seeg_0_0/main_seeg_0_0/main_seeg_0_0_in_context.xdc, line 47).
Applied set_property CLOCK_BUFFER_TYPE = NONE for RHD_MISO2_L_P. (constraint file  c:/UG3-HeadWornUnit-V2-Firmware/seeg/seeg.gen/sources_1/bd/main/ip/main_seeg_0_0/main_seeg_0_0/main_seeg_0_0_in_context.xdc, line 48).
Applied set_property IO_BUFFER_TYPE = NONE for RHD_MISO2_M_N. (constraint file  c:/UG3-HeadWornUnit-V2-Firmware/seeg/seeg.gen/sources_1/bd/main/ip/main_seeg_0_0/main_seeg_0_0/main_seeg_0_0_in_context.xdc, line 49).
Applied set_property CLOCK_BUFFER_TYPE = NONE for RHD_MISO2_M_N. (constraint file  c:/UG3-HeadWornUnit-V2-Firmware/seeg/seeg.gen/sources_1/bd/main/ip/main_seeg_0_0/main_seeg_0_0/main_seeg_0_0_in_context.xdc, line 50).
Applied set_property IO_BUFFER_TYPE = NONE for RHD_MISO2_M_P. (constraint file  c:/UG3-HeadWornUnit-V2-Firmware/seeg/seeg.gen/sources_1/bd/main/ip/main_seeg_0_0/main_seeg_0_0/main_seeg_0_0_in_context.xdc, line 51).
Applied set_property CLOCK_BUFFER_TYPE = NONE for RHD_MISO2_M_P. (constraint file  c:/UG3-HeadWornUnit-V2-Firmware/seeg/seeg.gen/sources_1/bd/main/ip/main_seeg_0_0/main_seeg_0_0/main_seeg_0_0_in_context.xdc, line 52).
Applied set_property IO_BUFFER_TYPE = NONE for RHD_MISO2_N_N. (constraint file  c:/UG3-HeadWornUnit-V2-Firmware/seeg/seeg.gen/sources_1/bd/main/ip/main_seeg_0_0/main_seeg_0_0/main_seeg_0_0_in_context.xdc, line 53).
Applied set_property CLOCK_BUFFER_TYPE = NONE for RHD_MISO2_N_N. (constraint file  c:/UG3-HeadWornUnit-V2-Firmware/seeg/seeg.gen/sources_1/bd/main/ip/main_seeg_0_0/main_seeg_0_0/main_seeg_0_0_in_context.xdc, line 54).
Applied set_property IO_BUFFER_TYPE = NONE for RHD_MISO2_N_P. (constraint file  c:/UG3-HeadWornUnit-V2-Firmware/seeg/seeg.gen/sources_1/bd/main/ip/main_seeg_0_0/main_seeg_0_0/main_seeg_0_0_in_context.xdc, line 55).
Applied set_property CLOCK_BUFFER_TYPE = NONE for RHD_MISO2_N_P. (constraint file  c:/UG3-HeadWornUnit-V2-Firmware/seeg/seeg.gen/sources_1/bd/main/ip/main_seeg_0_0/main_seeg_0_0/main_seeg_0_0_in_context.xdc, line 56).
Applied set_property IO_BUFFER_TYPE = NONE for RHD_MISO2_O_N. (constraint file  c:/UG3-HeadWornUnit-V2-Firmware/seeg/seeg.gen/sources_1/bd/main/ip/main_seeg_0_0/main_seeg_0_0/main_seeg_0_0_in_context.xdc, line 57).
Applied set_property CLOCK_BUFFER_TYPE = NONE for RHD_MISO2_O_N. (constraint file  c:/UG3-HeadWornUnit-V2-Firmware/seeg/seeg.gen/sources_1/bd/main/ip/main_seeg_0_0/main_seeg_0_0/main_seeg_0_0_in_context.xdc, line 58).
Applied set_property IO_BUFFER_TYPE = NONE for RHD_MISO2_O_P. (constraint file  c:/UG3-HeadWornUnit-V2-Firmware/seeg/seeg.gen/sources_1/bd/main/ip/main_seeg_0_0/main_seeg_0_0/main_seeg_0_0_in_context.xdc, line 59).
Applied set_property CLOCK_BUFFER_TYPE = NONE for RHD_MISO2_O_P. (constraint file  c:/UG3-HeadWornUnit-V2-Firmware/seeg/seeg.gen/sources_1/bd/main/ip/main_seeg_0_0/main_seeg_0_0/main_seeg_0_0_in_context.xdc, line 60).
Applied set_property IO_BUFFER_TYPE = NONE for RHD_MISO2_P_N. (constraint file  c:/UG3-HeadWornUnit-V2-Firmware/seeg/seeg.gen/sources_1/bd/main/ip/main_seeg_0_0/main_seeg_0_0/main_seeg_0_0_in_context.xdc, line 61).
Applied set_property CLOCK_BUFFER_TYPE = NONE for RHD_MISO2_P_N. (constraint file  c:/UG3-HeadWornUnit-V2-Firmware/seeg/seeg.gen/sources_1/bd/main/ip/main_seeg_0_0/main_seeg_0_0/main_seeg_0_0_in_context.xdc, line 62).
Applied set_property IO_BUFFER_TYPE = NONE for RHD_MISO2_P_P. (constraint file  c:/UG3-HeadWornUnit-V2-Firmware/seeg/seeg.gen/sources_1/bd/main/ip/main_seeg_0_0/main_seeg_0_0/main_seeg_0_0_in_context.xdc, line 63).
Applied set_property CLOCK_BUFFER_TYPE = NONE for RHD_MISO2_P_P. (constraint file  c:/UG3-HeadWornUnit-V2-Firmware/seeg/seeg.gen/sources_1/bd/main/ip/main_seeg_0_0/main_seeg_0_0/main_seeg_0_0_in_context.xdc, line 64).
Applied set_property IO_BUFFER_TYPE = NONE for RHS_MISO_I_N. (constraint file  c:/UG3-HeadWornUnit-V2-Firmware/seeg/seeg.gen/sources_1/bd/main/ip/main_seeg_0_0/main_seeg_0_0/main_seeg_0_0_in_context.xdc, line 65).
Applied set_property CLOCK_BUFFER_TYPE = NONE for RHS_MISO_I_N. (constraint file  c:/UG3-HeadWornUnit-V2-Firmware/seeg/seeg.gen/sources_1/bd/main/ip/main_seeg_0_0/main_seeg_0_0/main_seeg_0_0_in_context.xdc, line 66).
Applied set_property IO_BUFFER_TYPE = NONE for RHS_MISO_I_P. (constraint file  c:/UG3-HeadWornUnit-V2-Firmware/seeg/seeg.gen/sources_1/bd/main/ip/main_seeg_0_0/main_seeg_0_0/main_seeg_0_0_in_context.xdc, line 67).
Applied set_property CLOCK_BUFFER_TYPE = NONE for RHS_MISO_I_P. (constraint file  c:/UG3-HeadWornUnit-V2-Firmware/seeg/seeg.gen/sources_1/bd/main/ip/main_seeg_0_0/main_seeg_0_0/main_seeg_0_0_in_context.xdc, line 68).
Applied set_property IO_BUFFER_TYPE = NONE for RHS_MISO_J_N. (constraint file  c:/UG3-HeadWornUnit-V2-Firmware/seeg/seeg.gen/sources_1/bd/main/ip/main_seeg_0_0/main_seeg_0_0/main_seeg_0_0_in_context.xdc, line 69).
Applied set_property CLOCK_BUFFER_TYPE = NONE for RHS_MISO_J_N. (constraint file  c:/UG3-HeadWornUnit-V2-Firmware/seeg/seeg.gen/sources_1/bd/main/ip/main_seeg_0_0/main_seeg_0_0/main_seeg_0_0_in_context.xdc, line 70).
Applied set_property IO_BUFFER_TYPE = NONE for RHS_MISO_J_P. (constraint file  c:/UG3-HeadWornUnit-V2-Firmware/seeg/seeg.gen/sources_1/bd/main/ip/main_seeg_0_0/main_seeg_0_0/main_seeg_0_0_in_context.xdc, line 71).
Applied set_property CLOCK_BUFFER_TYPE = NONE for RHS_MISO_J_P. (constraint file  c:/UG3-HeadWornUnit-V2-Firmware/seeg/seeg.gen/sources_1/bd/main/ip/main_seeg_0_0/main_seeg_0_0/main_seeg_0_0_in_context.xdc, line 72).
Applied set_property IO_BUFFER_TYPE = NONE for RHS_MISO_K_N. (constraint file  c:/UG3-HeadWornUnit-V2-Firmware/seeg/seeg.gen/sources_1/bd/main/ip/main_seeg_0_0/main_seeg_0_0/main_seeg_0_0_in_context.xdc, line 73).
Applied set_property CLOCK_BUFFER_TYPE = NONE for RHS_MISO_K_N. (constraint file  c:/UG3-HeadWornUnit-V2-Firmware/seeg/seeg.gen/sources_1/bd/main/ip/main_seeg_0_0/main_seeg_0_0/main_seeg_0_0_in_context.xdc, line 74).
Applied set_property IO_BUFFER_TYPE = NONE for RHS_MISO_K_P. (constraint file  c:/UG3-HeadWornUnit-V2-Firmware/seeg/seeg.gen/sources_1/bd/main/ip/main_seeg_0_0/main_seeg_0_0/main_seeg_0_0_in_context.xdc, line 75).
Applied set_property CLOCK_BUFFER_TYPE = NONE for RHS_MISO_K_P. (constraint file  c:/UG3-HeadWornUnit-V2-Firmware/seeg/seeg.gen/sources_1/bd/main/ip/main_seeg_0_0/main_seeg_0_0/main_seeg_0_0_in_context.xdc, line 76).
Applied set_property IO_BUFFER_TYPE = NONE for RHS_MISO_L_N. (constraint file  c:/UG3-HeadWornUnit-V2-Firmware/seeg/seeg.gen/sources_1/bd/main/ip/main_seeg_0_0/main_seeg_0_0/main_seeg_0_0_in_context.xdc, line 77).
Applied set_property CLOCK_BUFFER_TYPE = NONE for RHS_MISO_L_N. (constraint file  c:/UG3-HeadWornUnit-V2-Firmware/seeg/seeg.gen/sources_1/bd/main/ip/main_seeg_0_0/main_seeg_0_0/main_seeg_0_0_in_context.xdc, line 78).
Applied set_property IO_BUFFER_TYPE = NONE for RHS_MISO_L_P. (constraint file  c:/UG3-HeadWornUnit-V2-Firmware/seeg/seeg.gen/sources_1/bd/main/ip/main_seeg_0_0/main_seeg_0_0/main_seeg_0_0_in_context.xdc, line 79).
Applied set_property CLOCK_BUFFER_TYPE = NONE for RHS_MISO_L_P. (constraint file  c:/UG3-HeadWornUnit-V2-Firmware/seeg/seeg.gen/sources_1/bd/main/ip/main_seeg_0_0/main_seeg_0_0/main_seeg_0_0_in_context.xdc, line 80).
Applied set_property IO_BUFFER_TYPE = NONE for RHS_MISO_M_N. (constraint file  c:/UG3-HeadWornUnit-V2-Firmware/seeg/seeg.gen/sources_1/bd/main/ip/main_seeg_0_0/main_seeg_0_0/main_seeg_0_0_in_context.xdc, line 81).
Applied set_property CLOCK_BUFFER_TYPE = NONE for RHS_MISO_M_N. (constraint file  c:/UG3-HeadWornUnit-V2-Firmware/seeg/seeg.gen/sources_1/bd/main/ip/main_seeg_0_0/main_seeg_0_0/main_seeg_0_0_in_context.xdc, line 82).
Applied set_property IO_BUFFER_TYPE = NONE for RHS_MISO_M_P. (constraint file  c:/UG3-HeadWornUnit-V2-Firmware/seeg/seeg.gen/sources_1/bd/main/ip/main_seeg_0_0/main_seeg_0_0/main_seeg_0_0_in_context.xdc, line 83).
Applied set_property CLOCK_BUFFER_TYPE = NONE for RHS_MISO_M_P. (constraint file  c:/UG3-HeadWornUnit-V2-Firmware/seeg/seeg.gen/sources_1/bd/main/ip/main_seeg_0_0/main_seeg_0_0/main_seeg_0_0_in_context.xdc, line 84).
Applied set_property IO_BUFFER_TYPE = NONE for RHS_MISO_N_N. (constraint file  c:/UG3-HeadWornUnit-V2-Firmware/seeg/seeg.gen/sources_1/bd/main/ip/main_seeg_0_0/main_seeg_0_0/main_seeg_0_0_in_context.xdc, line 85).
Applied set_property CLOCK_BUFFER_TYPE = NONE for RHS_MISO_N_N. (constraint file  c:/UG3-HeadWornUnit-V2-Firmware/seeg/seeg.gen/sources_1/bd/main/ip/main_seeg_0_0/main_seeg_0_0/main_seeg_0_0_in_context.xdc, line 86).
Applied set_property IO_BUFFER_TYPE = NONE for RHS_MISO_N_P. (constraint file  c:/UG3-HeadWornUnit-V2-Firmware/seeg/seeg.gen/sources_1/bd/main/ip/main_seeg_0_0/main_seeg_0_0/main_seeg_0_0_in_context.xdc, line 87).
Applied set_property CLOCK_BUFFER_TYPE = NONE for RHS_MISO_N_P. (constraint file  c:/UG3-HeadWornUnit-V2-Firmware/seeg/seeg.gen/sources_1/bd/main/ip/main_seeg_0_0/main_seeg_0_0/main_seeg_0_0_in_context.xdc, line 88).
Applied set_property IO_BUFFER_TYPE = NONE for RHS_MISO_O_N. (constraint file  c:/UG3-HeadWornUnit-V2-Firmware/seeg/seeg.gen/sources_1/bd/main/ip/main_seeg_0_0/main_seeg_0_0/main_seeg_0_0_in_context.xdc, line 89).
Applied set_property CLOCK_BUFFER_TYPE = NONE for RHS_MISO_O_N. (constraint file  c:/UG3-HeadWornUnit-V2-Firmware/seeg/seeg.gen/sources_1/bd/main/ip/main_seeg_0_0/main_seeg_0_0/main_seeg_0_0_in_context.xdc, line 90).
Applied set_property IO_BUFFER_TYPE = NONE for RHS_MISO_O_P. (constraint file  c:/UG3-HeadWornUnit-V2-Firmware/seeg/seeg.gen/sources_1/bd/main/ip/main_seeg_0_0/main_seeg_0_0/main_seeg_0_0_in_context.xdc, line 91).
Applied set_property CLOCK_BUFFER_TYPE = NONE for RHS_MISO_O_P. (constraint file  c:/UG3-HeadWornUnit-V2-Firmware/seeg/seeg.gen/sources_1/bd/main/ip/main_seeg_0_0/main_seeg_0_0/main_seeg_0_0_in_context.xdc, line 92).
Applied set_property IO_BUFFER_TYPE = NONE for RHS_MISO_P_N. (constraint file  c:/UG3-HeadWornUnit-V2-Firmware/seeg/seeg.gen/sources_1/bd/main/ip/main_seeg_0_0/main_seeg_0_0/main_seeg_0_0_in_context.xdc, line 93).
Applied set_property CLOCK_BUFFER_TYPE = NONE for RHS_MISO_P_N. (constraint file  c:/UG3-HeadWornUnit-V2-Firmware/seeg/seeg.gen/sources_1/bd/main/ip/main_seeg_0_0/main_seeg_0_0/main_seeg_0_0_in_context.xdc, line 94).
Applied set_property IO_BUFFER_TYPE = NONE for RHS_MISO_P_P. (constraint file  c:/UG3-HeadWornUnit-V2-Firmware/seeg/seeg.gen/sources_1/bd/main/ip/main_seeg_0_0/main_seeg_0_0/main_seeg_0_0_in_context.xdc, line 95).
Applied set_property CLOCK_BUFFER_TYPE = NONE for RHS_MISO_P_P. (constraint file  c:/UG3-HeadWornUnit-V2-Firmware/seeg/seeg.gen/sources_1/bd/main/ip/main_seeg_0_0/main_seeg_0_0/main_seeg_0_0_in_context.xdc, line 96).
Applied set_property IO_BUFFER_TYPE = NONE for RHS_MOSI_I_N. (constraint file  c:/UG3-HeadWornUnit-V2-Firmware/seeg/seeg.gen/sources_1/bd/main/ip/main_seeg_0_0/main_seeg_0_0/main_seeg_0_0_in_context.xdc, line 97).
Applied set_property CLOCK_BUFFER_TYPE = NONE for RHS_MOSI_I_N. (constraint file  c:/UG3-HeadWornUnit-V2-Firmware/seeg/seeg.gen/sources_1/bd/main/ip/main_seeg_0_0/main_seeg_0_0/main_seeg_0_0_in_context.xdc, line 98).
Applied set_property IO_BUFFER_TYPE = NONE for RHS_MOSI_I_P. (constraint file  c:/UG3-HeadWornUnit-V2-Firmware/seeg/seeg.gen/sources_1/bd/main/ip/main_seeg_0_0/main_seeg_0_0/main_seeg_0_0_in_context.xdc, line 99).
Applied set_property CLOCK_BUFFER_TYPE = NONE for RHS_MOSI_I_P. (constraint file  c:/UG3-HeadWornUnit-V2-Firmware/seeg/seeg.gen/sources_1/bd/main/ip/main_seeg_0_0/main_seeg_0_0/main_seeg_0_0_in_context.xdc, line 100).
Applied set_property IO_BUFFER_TYPE = NONE for RHS_MOSI_J_N. (constraint file  c:/UG3-HeadWornUnit-V2-Firmware/seeg/seeg.gen/sources_1/bd/main/ip/main_seeg_0_0/main_seeg_0_0/main_seeg_0_0_in_context.xdc, line 101).
Applied set_property CLOCK_BUFFER_TYPE = NONE for RHS_MOSI_J_N. (constraint file  c:/UG3-HeadWornUnit-V2-Firmware/seeg/seeg.gen/sources_1/bd/main/ip/main_seeg_0_0/main_seeg_0_0/main_seeg_0_0_in_context.xdc, line 102).
Applied set_property IO_BUFFER_TYPE = NONE for RHS_MOSI_J_P. (constraint file  c:/UG3-HeadWornUnit-V2-Firmware/seeg/seeg.gen/sources_1/bd/main/ip/main_seeg_0_0/main_seeg_0_0/main_seeg_0_0_in_context.xdc, line 103).
Applied set_property CLOCK_BUFFER_TYPE = NONE for RHS_MOSI_J_P. (constraint file  c:/UG3-HeadWornUnit-V2-Firmware/seeg/seeg.gen/sources_1/bd/main/ip/main_seeg_0_0/main_seeg_0_0/main_seeg_0_0_in_context.xdc, line 104).
Applied set_property IO_BUFFER_TYPE = NONE for RHS_MOSI_K_N. (constraint file  c:/UG3-HeadWornUnit-V2-Firmware/seeg/seeg.gen/sources_1/bd/main/ip/main_seeg_0_0/main_seeg_0_0/main_seeg_0_0_in_context.xdc, line 105).
Applied set_property CLOCK_BUFFER_TYPE = NONE for RHS_MOSI_K_N. (constraint file  c:/UG3-HeadWornUnit-V2-Firmware/seeg/seeg.gen/sources_1/bd/main/ip/main_seeg_0_0/main_seeg_0_0/main_seeg_0_0_in_context.xdc, line 106).
Applied set_property IO_BUFFER_TYPE = NONE for RHS_MOSI_K_P. (constraint file  c:/UG3-HeadWornUnit-V2-Firmware/seeg/seeg.gen/sources_1/bd/main/ip/main_seeg_0_0/main_seeg_0_0/main_seeg_0_0_in_context.xdc, line 107).
Applied set_property CLOCK_BUFFER_TYPE = NONE for RHS_MOSI_K_P. (constraint file  c:/UG3-HeadWornUnit-V2-Firmware/seeg/seeg.gen/sources_1/bd/main/ip/main_seeg_0_0/main_seeg_0_0/main_seeg_0_0_in_context.xdc, line 108).
Applied set_property IO_BUFFER_TYPE = NONE for RHS_MOSI_L_N. (constraint file  c:/UG3-HeadWornUnit-V2-Firmware/seeg/seeg.gen/sources_1/bd/main/ip/main_seeg_0_0/main_seeg_0_0/main_seeg_0_0_in_context.xdc, line 109).
Applied set_property CLOCK_BUFFER_TYPE = NONE for RHS_MOSI_L_N. (constraint file  c:/UG3-HeadWornUnit-V2-Firmware/seeg/seeg.gen/sources_1/bd/main/ip/main_seeg_0_0/main_seeg_0_0/main_seeg_0_0_in_context.xdc, line 110).
Applied set_property IO_BUFFER_TYPE = NONE for RHS_MOSI_L_P. (constraint file  c:/UG3-HeadWornUnit-V2-Firmware/seeg/seeg.gen/sources_1/bd/main/ip/main_seeg_0_0/main_seeg_0_0/main_seeg_0_0_in_context.xdc, line 111).
Applied set_property CLOCK_BUFFER_TYPE = NONE for RHS_MOSI_L_P. (constraint file  c:/UG3-HeadWornUnit-V2-Firmware/seeg/seeg.gen/sources_1/bd/main/ip/main_seeg_0_0/main_seeg_0_0/main_seeg_0_0_in_context.xdc, line 112).
Applied set_property IO_BUFFER_TYPE = NONE for RHS_MOSI_M_N. (constraint file  c:/UG3-HeadWornUnit-V2-Firmware/seeg/seeg.gen/sources_1/bd/main/ip/main_seeg_0_0/main_seeg_0_0/main_seeg_0_0_in_context.xdc, line 113).
Applied set_property CLOCK_BUFFER_TYPE = NONE for RHS_MOSI_M_N. (constraint file  c:/UG3-HeadWornUnit-V2-Firmware/seeg/seeg.gen/sources_1/bd/main/ip/main_seeg_0_0/main_seeg_0_0/main_seeg_0_0_in_context.xdc, line 114).
Applied set_property IO_BUFFER_TYPE = NONE for RHS_MOSI_M_P. (constraint file  c:/UG3-HeadWornUnit-V2-Firmware/seeg/seeg.gen/sources_1/bd/main/ip/main_seeg_0_0/main_seeg_0_0/main_seeg_0_0_in_context.xdc, line 115).
Applied set_property CLOCK_BUFFER_TYPE = NONE for RHS_MOSI_M_P. (constraint file  c:/UG3-HeadWornUnit-V2-Firmware/seeg/seeg.gen/sources_1/bd/main/ip/main_seeg_0_0/main_seeg_0_0/main_seeg_0_0_in_context.xdc, line 116).
Applied set_property IO_BUFFER_TYPE = NONE for RHS_MOSI_N_N. (constraint file  c:/UG3-HeadWornUnit-V2-Firmware/seeg/seeg.gen/sources_1/bd/main/ip/main_seeg_0_0/main_seeg_0_0/main_seeg_0_0_in_context.xdc, line 117).
Applied set_property CLOCK_BUFFER_TYPE = NONE for RHS_MOSI_N_N. (constraint file  c:/UG3-HeadWornUnit-V2-Firmware/seeg/seeg.gen/sources_1/bd/main/ip/main_seeg_0_0/main_seeg_0_0/main_seeg_0_0_in_context.xdc, line 118).
Applied set_property IO_BUFFER_TYPE = NONE for RHS_MOSI_N_P. (constraint file  c:/UG3-HeadWornUnit-V2-Firmware/seeg/seeg.gen/sources_1/bd/main/ip/main_seeg_0_0/main_seeg_0_0/main_seeg_0_0_in_context.xdc, line 119).
Applied set_property CLOCK_BUFFER_TYPE = NONE for RHS_MOSI_N_P. (constraint file  c:/UG3-HeadWornUnit-V2-Firmware/seeg/seeg.gen/sources_1/bd/main/ip/main_seeg_0_0/main_seeg_0_0/main_seeg_0_0_in_context.xdc, line 120).
Applied set_property IO_BUFFER_TYPE = NONE for RHS_MOSI_O_N. (constraint file  c:/UG3-HeadWornUnit-V2-Firmware/seeg/seeg.gen/sources_1/bd/main/ip/main_seeg_0_0/main_seeg_0_0/main_seeg_0_0_in_context.xdc, line 121).
Applied set_property CLOCK_BUFFER_TYPE = NONE for RHS_MOSI_O_N. (constraint file  c:/UG3-HeadWornUnit-V2-Firmware/seeg/seeg.gen/sources_1/bd/main/ip/main_seeg_0_0/main_seeg_0_0/main_seeg_0_0_in_context.xdc, line 122).
Applied set_property IO_BUFFER_TYPE = NONE for RHS_MOSI_O_P. (constraint file  c:/UG3-HeadWornUnit-V2-Firmware/seeg/seeg.gen/sources_1/bd/main/ip/main_seeg_0_0/main_seeg_0_0/main_seeg_0_0_in_context.xdc, line 123).
Applied set_property CLOCK_BUFFER_TYPE = NONE for RHS_MOSI_O_P. (constraint file  c:/UG3-HeadWornUnit-V2-Firmware/seeg/seeg.gen/sources_1/bd/main/ip/main_seeg_0_0/main_seeg_0_0/main_seeg_0_0_in_context.xdc, line 124).
Applied set_property IO_BUFFER_TYPE = NONE for RHS_MOSI_P_N. (constraint file  c:/UG3-HeadWornUnit-V2-Firmware/seeg/seeg.gen/sources_1/bd/main/ip/main_seeg_0_0/main_seeg_0_0/main_seeg_0_0_in_context.xdc, line 125).
Applied set_property CLOCK_BUFFER_TYPE = NONE for RHS_MOSI_P_N. (constraint file  c:/UG3-HeadWornUnit-V2-Firmware/seeg/seeg.gen/sources_1/bd/main/ip/main_seeg_0_0/main_seeg_0_0/main_seeg_0_0_in_context.xdc, line 126).
Applied set_property IO_BUFFER_TYPE = NONE for RHS_MOSI_P_P. (constraint file  c:/UG3-HeadWornUnit-V2-Firmware/seeg/seeg.gen/sources_1/bd/main/ip/main_seeg_0_0/main_seeg_0_0/main_seeg_0_0_in_context.xdc, line 127).
Applied set_property CLOCK_BUFFER_TYPE = NONE for RHS_MOSI_P_P. (constraint file  c:/UG3-HeadWornUnit-V2-Firmware/seeg/seeg.gen/sources_1/bd/main/ip/main_seeg_0_0/main_seeg_0_0/main_seeg_0_0_in_context.xdc, line 128).
Applied set_property KEEP_HIERARCHY = SOFT for main_i. (constraint file  auto generated constraint).
Applied set_property KEEP_HIERARCHY = SOFT for main_i/zynq_ultra_ps_e_0. (constraint file  auto generated constraint).
Applied set_property KEEP_HIERARCHY = SOFT for main_i/master_smartconnect_0. (constraint file  auto generated constraint).
Applied set_property KEEP_HIERARCHY = SOFT for main_i/proc_sys_reset_100M. (constraint file  auto generated constraint).
Applied set_property KEEP_HIERARCHY = SOFT for main_i/master_smartconnect_1. (constraint file  auto generated constraint).
Applied set_property KEEP_HIERARCHY = SOFT for main_i/clk_wiz_0. (constraint file  auto generated constraint).
Applied set_property KEEP_HIERARCHY = SOFT for main_i/proc_sys_reset_rhd. (constraint file  auto generated constraint).
Applied set_property KEEP_HIERARCHY = SOFT for main_i/proc_sys_reset_rhs. (constraint file  auto generated constraint).
Applied set_property KEEP_HIERARCHY = SOFT for main_i/slave_smartconnect_0. (constraint file  auto generated constraint).
Applied set_property KEEP_HIERARCHY = SOFT for main_i/axi_dma_0. (constraint file  auto generated constraint).
Applied set_property KEEP_HIERARCHY = SOFT for main_i/proc_sys_reset_250M. (constraint file  auto generated constraint).
Applied set_property KEEP_HIERARCHY = SOFT for main_i/clk_wiz_dma. (constraint file  auto generated constraint).
Applied set_property KEEP_HIERARCHY = SOFT for main_i/seeg_0. (constraint file  auto generated constraint).
---------------------------------------------------------------------------------
Finished applying 'set_property' XDC Constraints : Time (s): cpu = 00:00:19 ; elapsed = 00:00:19 . Memory (MB): peak = 2094.727 ; gain = 494.820
---------------------------------------------------------------------------------
---------------------------------------------------------------------------------
Finished RTL Optimization Phase 2 : Time (s): cpu = 00:00:19 ; elapsed = 00:00:19 . Memory (MB): peak = 2094.727 ; gain = 494.820
---------------------------------------------------------------------------------
---------------------------------------------------------------------------------
Start RTL Component Statistics 
---------------------------------------------------------------------------------
Detailed RTL Component Info : 
---------------------------------------------------------------------------------
Finished RTL Component Statistics 
---------------------------------------------------------------------------------
---------------------------------------------------------------------------------
Start Part Resource Summary
---------------------------------------------------------------------------------
Part Resources:
DSPs: 1248 (col length:96)
BRAMs: 288 (col length: RAMB18 96 RAMB36 48)
---------------------------------------------------------------------------------
Finished Part Resource Summary
---------------------------------------------------------------------------------
---------------------------------------------------------------------------------
Start Cross Boundary and Area Optimization
---------------------------------------------------------------------------------
WARNING: [Synth 8-7080] Parallel synthesis criteria is not met
---------------------------------------------------------------------------------
Finished Cross Boundary and Area Optimization : Time (s): cpu = 00:00:21 ; elapsed = 00:00:21 . Memory (MB): peak = 2094.727 ; gain = 494.820
---------------------------------------------------------------------------------
---------------------------------------------------------------------------------
Start Applying XDC Timing Constraints
---------------------------------------------------------------------------------
---------------------------------------------------------------------------------
Finished Applying XDC Timing Constraints : Time (s): cpu = 00:00:33 ; elapsed = 00:00:34 . Memory (MB): peak = 2587.234 ; gain = 987.328
---------------------------------------------------------------------------------
---------------------------------------------------------------------------------
Start Timing Optimization
---------------------------------------------------------------------------------
---------------------------------------------------------------------------------
Finished Timing Optimization : Time (s): cpu = 00:00:33 ; elapsed = 00:00:34 . Memory (MB): peak = 2587.387 ; gain = 987.480
---------------------------------------------------------------------------------
---------------------------------------------------------------------------------
Start Technology Mapping
---------------------------------------------------------------------------------
---------------------------------------------------------------------------------
Finished Technology Mapping : Time (s): cpu = 00:00:33 ; elapsed = 00:00:34 . Memory (MB): peak = 2598.047 ; gain = 998.141
---------------------------------------------------------------------------------
---------------------------------------------------------------------------------
Start IO Insertion
---------------------------------------------------------------------------------
---------------------------------------------------------------------------------
Start Flattening Before IO Insertion
---------------------------------------------------------------------------------
---------------------------------------------------------------------------------
Finished Flattening Before IO Insertion
---------------------------------------------------------------------------------
---------------------------------------------------------------------------------
Start Final Netlist Cleanup
---------------------------------------------------------------------------------
---------------------------------------------------------------------------------
Finished Final Netlist Cleanup
---------------------------------------------------------------------------------
---------------------------------------------------------------------------------
Finished IO Insertion : Time (s): cpu = 00:00:37 ; elapsed = 00:00:38 . Memory (MB): peak = 2613.195 ; gain = 1013.289
---------------------------------------------------------------------------------
---------------------------------------------------------------------------------
Start Renaming Generated Instances
---------------------------------------------------------------------------------
---------------------------------------------------------------------------------
Finished Renaming Generated Instances : Time (s): cpu = 00:00:37 ; elapsed = 00:00:38 . Memory (MB): peak = 2613.195 ; gain = 1013.289
---------------------------------------------------------------------------------
---------------------------------------------------------------------------------
Start Rebuilding User Hierarchy
---------------------------------------------------------------------------------
---------------------------------------------------------------------------------
Finished Rebuilding User Hierarchy : Time (s): cpu = 00:00:37 ; elapsed = 00:00:38 . Memory (MB): peak = 2613.195 ; gain = 1013.289
---------------------------------------------------------------------------------
---------------------------------------------------------------------------------
Start Renaming Generated Ports
---------------------------------------------------------------------------------
---------------------------------------------------------------------------------
Finished Renaming Generated Ports : Time (s): cpu = 00:00:37 ; elapsed = 00:00:38 . Memory (MB): peak = 2613.195 ; gain = 1013.289
---------------------------------------------------------------------------------
---------------------------------------------------------------------------------
Start Handling Custom Attributes
---------------------------------------------------------------------------------
---------------------------------------------------------------------------------
Finished Handling Custom Attributes : Time (s): cpu = 00:00:37 ; elapsed = 00:00:38 . Memory (MB): peak = 2613.195 ; gain = 1013.289
---------------------------------------------------------------------------------
---------------------------------------------------------------------------------
Start Renaming Generated Nets
---------------------------------------------------------------------------------
---------------------------------------------------------------------------------
Finished Renaming Generated Nets : Time (s): cpu = 00:00:37 ; elapsed = 00:00:38 . Memory (MB): peak = 2613.195 ; gain = 1013.289
---------------------------------------------------------------------------------
---------------------------------------------------------------------------------
Start Writing Synthesis Report
---------------------------------------------------------------------------------

Report BlackBoxes: 
+------+-------------------------+----------+
|      |BlackBox name            |Instances |
+------+-------------------------+----------+
|1     |main_axi_dma_0_0         |         1|
|2     |main_clk_wiz_0_0         |         1|
|3     |main_clk_wiz_1_0         |         1|
|4     |main_smartconnect_0_0    |         1|
|5     |main_smartconnect_0_1    |         1|
|6     |main_proc_sys_reset_0_0  |         1|
|7     |main_proc_sys_reset_0_3  |         1|
|8     |main_proc_sys_reset_0_1  |         1|
|9     |main_proc_sys_reset_0_2  |         1|
|10    |main_seeg_0_0            |         1|
|11    |main_smartconnect_0_2    |         1|
|12    |main_zynq_ultra_ps_e_0_0 |         1|
+------+-------------------------+----------+

Report Cell Usage: 
+------+-----------------------+------+
|      |Cell                   |Count |
+------+-----------------------+------+
|1     |main_axi_dma_0         |     1|
|2     |main_clk_wiz_0         |     1|
|3     |main_clk_wiz_1         |     1|
|4     |main_proc_sys_reset_0  |     4|
|8     |main_seeg_0            |     1|
|9     |main_smartconnect_0    |     3|
|12    |main_zynq_ultra_ps_e_0 |     1|
|13    |IBUF                   |    24|
|14    |OBUF                   |    13|
+------+-----------------------+------+
---------------------------------------------------------------------------------
Finished Writing Synthesis Report : Time (s): cpu = 00:00:37 ; elapsed = 00:00:38 . Memory (MB): peak = 2613.195 ; gain = 1013.289
---------------------------------------------------------------------------------
Synthesis finished with 0 errors, 0 critical warnings and 1 warnings.
Synthesis Optimization Runtime : Time (s): cpu = 00:00:24 ; elapsed = 00:00:31 . Memory (MB): peak = 2613.195 ; gain = 976.770
Synthesis Optimization Complete : Time (s): cpu = 00:00:37 ; elapsed = 00:00:38 . Memory (MB): peak = 2613.195 ; gain = 1013.289
INFO: [Project 1-571] Translating synthesized netlist
Netlist sorting complete. Time (s): cpu = 00:00:00 ; elapsed = 00:00:00.023 . Memory (MB): peak = 2625.270 ; gain = 0.000
INFO: [Netlist 29-17] Analyzing 24 Unisim elements for replacement
INFO: [Netlist 29-28] Unisim Transformation completed in 0 CPU seconds
INFO: [Project 1-570] Preparing netlist for logic optimization
INFO: [Opt 31-138] Pushed 0 inverter(s) to 0 load pin(s).
Netlist sorting complete. Time (s): cpu = 00:00:00 ; elapsed = 00:00:00.001 . Memory (MB): peak = 2655.434 ; gain = 0.000
INFO: [Project 1-111] Unisim Transformation Summary:
  A total of 24 instances were transformed.
  IBUF => IBUF (IBUFCTRL, INBUF): 24 instances

Synth Design complete | Checksum: 42f373b9
INFO: [Common 17-83] Releasing license: Synthesis
54 Infos, 45 Warnings, 0 Critical Warnings and 0 Errors encountered.
synth_design completed successfully
synth_design: Time (s): cpu = 00:00:44 ; elapsed = 00:00:46 . Memory (MB): peak = 2655.434 ; gain = 2073.703
INFO: [Common 17-1381] The checkpoint 'C:/UG3-HeadWornUnit-V2-Firmware/seeg/seeg.runs/synth_1/main_wrapper.dcp' has been generated.
INFO: [runtcl-4] Executing : report_utilization -file main_wrapper_utilization_synth.rpt -pb main_wrapper_utilization_synth.pb
INFO: [Common 17-206] Exiting Vivado at Mon Apr  8 12:48:02 2024...
