#-----------------------------------------------------------
# Vivado v2023.1 (64-bit)
# SW Build 3865809 on Sun May  7 15:05:29 MDT 2023
# IP Build 3864474 on Sun May  7 20:36:21 MDT 2023
# SharedData Build 3865790 on Sun May 07 13:33:03 MDT 2023
# Start of session at: Fri Dec 15 14:28:01 2023
# Process ID: 22012
# Current directory: C:/Repos/UG3-HeadWornUnit-V2-Firmware/seeg/seeg.runs/stimulation_inst_0_axis_data_fifo_0_0_synth_1
# Command line: vivado.exe -log stimulation_inst_0_axis_data_fifo_0_0.vds -product Vivado -mode batch -messageDb vivado.pb -notrace -source stimulation_inst_0_axis_data_fifo_0_0.tcl
# Log file: C:/Repos/UG3-HeadWornUnit-V2-Firmware/seeg/seeg.runs/stimulation_inst_0_axis_data_fifo_0_0_synth_1/stimulation_inst_0_axis_data_fifo_0_0.vds
# Journal file: C:/Repos/UG3-HeadWornUnit-V2-Firmware/seeg/seeg.runs/stimulation_inst_0_axis_data_fifo_0_0_synth_1\vivado.jou
# Running On: GramForGram, OS: Windows, CPU Frequency: 2611 MHz, CPU Physical cores: 12, Host memory: 16847 MB
#-----------------------------------------------------------
source stimulation_inst_0_axis_data_fifo_0_0.tcl -notrace
